---
apiVersion: 1.0.0
baseUrl: 'https://localhost'
documentation: Test Infrastructure for AutoRest
errorTypes:
  - $ref: '1'
modelTypes:
  - $id: '1'
    $type: CompositeType
    containsConstantProperties: false
    name:
      fixed: false
      raw: Error
    properties:
      - $id: '2'
        collectionFormat: none
        defaultValue:
          fixed: false
        documentation:
          fixed: false
        isConstant: false
        isReadOnly: false
        isRequired: false
        modelType:
          $id: '3'
          $type: PrimaryType
          format: int32
          knownPrimaryType: int
          name:
            fixed: false
            raw: Int
        name:
          fixed: false
          raw: status
        realPath:
          - status
        serializedName: status
      - $id: '4'
        collectionFormat: none
        defaultValue:
          fixed: false
        documentation:
          fixed: false
        isConstant: false
        isReadOnly: false
        isRequired: false
        modelType:
          $id: '5'
          $type: PrimaryType
          knownPrimaryType: string
          name:
            fixed: false
            raw: String
        name:
          fixed: false
          raw: message
        realPath:
          - message
        serializedName: message
    serializedName: Error
modelsName: Models
name: AutoRestDurationTestService
namespace: ''
operations:
  - methods:
      - defaultResponse:
          body:
            $ref: '1'
          isNullable: true
        deprecated: false
        description: Get null duration value
        group:
          fixed: false
          raw: duration
        hidden: false
        httpMethod: get
        isAbsoluteUrl: false
        name:
          fixed: false
          raw: getNull
        requestContentType: application/json; charset=utf-8
        responseContentTypes:
          - application/json
        responses:
          OK:
            body:
              $id: '6'
              $type: PrimaryType
              format: duration
              knownPrimaryType: timeSpan
              name:
                fixed: false
                raw: TimeSpan
            isNullable: true
        returnType:
          body:
            $ref: '6'
          isNullable: true
        serializedName: duration_getNull
        url: /duration/null
      - defaultResponse:
          body:
            $ref: '1'
          isNullable: true
        deprecated: false
        description: Put a positive duration value
        extensions:
          x-ms-requestBody-index: '0'
        group:
          fixed: false
          raw: duration
        hidden: false
        httpMethod: put
        isAbsoluteUrl: false
        name:
          fixed: false
          raw: putPositiveDuration
        parameters:
          - $id: '7'
            collectionFormat: none
            defaultValue:
              fixed: false
            documentation:
              fixed: false
            extensions:
              x-ms-requestBody-name: durationBody
            isConstant: false
            isRequired: true
            location: body
            modelType:
              $id: '8'
              $type: PrimaryType
              format: duration
              knownPrimaryType: timeSpan
              name:
                fixed: false
                raw: TimeSpan
            name:
              fixed: false
              raw: durationBody
            serializedName: durationBody
        requestContentType: application/json; charset=utf-8
        responseContentTypes:
          - application/json
        responses:
          OK:
            isNullable: true
        returnType:
          isNullable: true
        serializedName: duration_putPositiveDuration
        url: /duration/positiveduration
      - defaultResponse:
          body:
            $ref: '1'
          isNullable: true
        deprecated: false
        description: Get a positive duration value
        group:
          fixed: false
          raw: duration
        hidden: false
        httpMethod: get
        isAbsoluteUrl: false
        name:
          fixed: false
          raw: getPositiveDuration
        requestContentType: application/json; charset=utf-8
        responseContentTypes:
          - application/json
        responses:
          OK:
            body:
              $id: '9'
              $type: PrimaryType
              format: duration
              knownPrimaryType: timeSpan
              name:
                fixed: false
                raw: TimeSpan
            isNullable: true
        returnType:
          body:
            $ref: '9'
          isNullable: true
        serializedName: duration_getPositiveDuration
        url: /duration/positiveduration
      - defaultResponse:
          body:
            $ref: '1'
          isNullable: true
        deprecated: false
        description: Get an invalid duration value
        group:
          fixed: false
          raw: duration
        hidden: false
        httpMethod: get
        isAbsoluteUrl: false
        name:
          fixed: false
          raw: getInvalid
        requestContentType: application/json; charset=utf-8
        responseContentTypes:
          - application/json
        responses:
          OK:
            body:
              $id: '10'
              $type: PrimaryType
              format: duration
              knownPrimaryType: timeSpan
              name:
                fixed: false
                raw: TimeSpan
            isNullable: true
        returnType:
          body:
            $ref: '10'
          isNullable: true
        serializedName: duration_getInvalid
        url: /duration/invalid
    name:
      fixed: false
      raw: Duration
    nameForProperty: Duration
    typeName:
      fixed: false
