---
apiVersion: 1.0.0
baseUrl: 'http://localhost:3000'
documentation: Test Infrastructure for AutoRest. No server backend exists for these tests.
enumTypes:
  - $ref: '26'
errorTypes:
  - $ref: '28'
modelTypes:
  - $id: '1'
    $type: CompositeType
    containsConstantProperties: true
    deprecated: false
    documentation: The product documentation.
    name:
      fixed: false
      raw: ChildProduct
    properties:
      - $id: '2'
        collectionFormat: none
        defaultValue:
          fixed: false
          raw: constant
        deprecated: false
        documentation:
          fixed: false
          raw: Constant string
        isConstant: true
        isReadOnly: false
        isRequired: true
        modelType:
          $id: '3'
          $type: PrimaryType
          deprecated: false
          knownPrimaryType: string
          name:
            fixed: false
            raw: String
        name:
          fixed: false
          raw: constProperty
        realPath:
          - constProperty
        serializedName: constProperty
      - $id: '4'
        collectionFormat: none
        defaultValue:
          fixed: false
        deprecated: false
        documentation:
          fixed: false
          raw: Count
        isConstant: false
        isReadOnly: false
        isRequired: false
        modelType:
          $id: '5'
          $type: PrimaryType
          deprecated: false
          knownPrimaryType: int
          name:
            fixed: false
            raw: Int
        name:
          fixed: false
          raw: count
        realPath:
          - count
        serializedName: count
    serializedName: ChildProduct
  - $id: '6'
    $type: CompositeType
    containsConstantProperties: true
    deprecated: false
    documentation: The product documentation.
    name:
      fixed: false
      raw: ConstantProduct
    properties:
      - $id: '7'
        collectionFormat: none
        defaultValue:
          fixed: false
          raw: constant
        deprecated: false
        documentation:
          fixed: false
          raw: Constant string
        isConstant: true
        isReadOnly: false
        isRequired: true
        modelType:
          $id: '8'
          $type: PrimaryType
          deprecated: false
          knownPrimaryType: string
          name:
            fixed: false
            raw: String
        name:
          fixed: false
          raw: constProperty
        realPath:
          - constProperty
        serializedName: constProperty
      - $id: '9'
        collectionFormat: none
        defaultValue:
          fixed: false
          raw: constant2
        deprecated: false
        documentation:
          fixed: false
          raw: Constant string2
        isConstant: true
        isReadOnly: false
        isRequired: true
        modelType:
          $id: '10'
          $type: PrimaryType
          deprecated: false
          knownPrimaryType: string
          name:
            fixed: false
            raw: String
        name:
          fixed: false
          raw: constProperty2
        realPath:
          - constProperty2
        serializedName: constProperty2
    serializedName: ConstantProduct
  - $id: '11'
    $type: CompositeType
    containsConstantProperties: true
    deprecated: false
    documentation: The product documentation.
    name:
      fixed: false
      raw: Product
    properties:
      - $id: '12'
        collectionFormat: none
        constraints:
          MaxItems: '6'
          MinItems: '0'
          UniqueItems: 'true'
        defaultValue:
          fixed: false
        deprecated: false
        documentation:
          fixed: false
          raw: Non required array of unique items from 0 to 6 elements.
        isConstant: false
        isReadOnly: false
        isRequired: false
        modelType:
          $id: '13'
          $type: SequenceType
          deprecated: false
          elementType:
            $id: '14'
            $type: PrimaryType
            deprecated: false
            knownPrimaryType: string
            name:
              fixed: false
              raw: String
          name:
            fixed: false
        name:
          fixed: false
          raw: display_names
        realPath:
          - display_names
        serializedName: display_names
      - $id: '15'
        collectionFormat: none
        constraints:
          ExclusiveMaximum: '100'
          ExclusiveMinimum: '0'
        defaultValue:
          fixed: false
        deprecated: false
        documentation:
          fixed: false
          raw: Non required int betwen 0 and 100 exclusive.
        isConstant: false
        isReadOnly: false
        isRequired: false
        modelType:
          $id: '16'
          $type: PrimaryType
          deprecated: false
          knownPrimaryType: int
          name:
            fixed: false
            raw: Int
        name:
          fixed: false
          raw: capacity
        realPath:
          - capacity
        serializedName: capacity
      - $id: '17'
        collectionFormat: none
        constraints:
          Pattern: 'http://\w+'
        defaultValue:
          fixed: false
        deprecated: false
        documentation:
          fixed: false
          raw: Image URL representing the product.
        isConstant: false
        isReadOnly: false
        isRequired: false
        modelType:
          $id: '18'
          $type: PrimaryType
          deprecated: false
          knownPrimaryType: string
          name:
            fixed: false
            raw: String
        name:
          fixed: false
          raw: image
        realPath:
          - image
        serializedName: image
      - $id: '19'
        collectionFormat: none
        defaultValue:
          fixed: false
        deprecated: false
        documentation:
          fixed: false
        isConstant: false
        isReadOnly: false
        isRequired: true
        modelType:
          $ref: '1'
        name:
          fixed: false
          raw: child
        realPath:
          - child
        serializedName: child
      - $id: '20'
        collectionFormat: none
        defaultValue:
          fixed: false
        deprecated: false
        documentation:
          fixed: false
        isConstant: true
        isReadOnly: false
        isRequired: true
        modelType:
          $ref: '6'
        name:
          fixed: false
          raw: constChild
        realPath:
          - constChild
        serializedName: constChild
      - $id: '21'
        collectionFormat: none
        defaultValue:
          fixed: false
          raw: '0'
        deprecated: false
        documentation:
          fixed: false
          raw: Constant int
        isConstant: true
        isReadOnly: false
        isRequired: true
        modelType:
          $id: '22'
          $type: PrimaryType
          deprecated: false
          knownPrimaryType: int
          name:
            fixed: false
            raw: Int
        name:
          fixed: false
          raw: constInt
        realPath:
          - constInt
        serializedName: constInt
      - $id: '23'
        collectionFormat: none
        defaultValue:
          fixed: false
          raw: constant
        deprecated: false
        documentation:
          fixed: false
          raw: Constant string
        isConstant: true
        isReadOnly: false
        isRequired: true
        modelType:
          $id: '24'
          $type: PrimaryType
          deprecated: false
          knownPrimaryType: string
          name:
            fixed: false
            raw: String
        name:
          fixed: false
          raw: constString
        realPath:
          - constString
        serializedName: constString
      - $id: '25'
        collectionFormat: none
        defaultValue:
          fixed: false
        deprecated: false
        documentation:
          fixed: false
          raw: Constant string as Enum
        extensions:
          x-ms-enum:
            modelAsString: false
            name: EnumConst
        isConstant: false
        isReadOnly: false
        isRequired: false
        modelType:
          $id: '26'
          $type: EnumType
          deprecated: false
          oldModelAsString: true
          modelAsString: false
          name:
            fixed: false
            raw: EnumConst
          underlyingType:
            $id: '27'
            $type: PrimaryType
            deprecated: false
            knownPrimaryType: string
            name:
              fixed: false
              raw: String
          values:
            - name: constant_string_as_enum
              serializedName: constant_string_as_enum
        name:
          fixed: false
          raw: constStringAsEnum
        realPath:
          - constStringAsEnum
        serializedName: constStringAsEnum
    serializedName: Product
  - $id: '28'
    $type: CompositeType
    containsConstantProperties: false
    deprecated: false
    name:
      fixed: false
      raw: Error
    properties:
      - $id: '29'
        collectionFormat: none
        defaultValue:
          fixed: false
        deprecated: false
        documentation:
          fixed: false
        isConstant: false
        isReadOnly: false
        isRequired: false
        modelType:
          $id: '30'
          $type: PrimaryType
          deprecated: false
          format: int32
          knownPrimaryType: int
          name:
            fixed: false
            raw: Int
        name:
          fixed: false
          raw: code
        realPath:
          - code
        serializedName: code
      - $id: '31'
        collectionFormat: none
        defaultValue:
          fixed: false
        deprecated: false
        documentation:
          fixed: false
        isConstant: false
        isReadOnly: false
        isRequired: false
        modelType:
          $id: '32'
          $type: PrimaryType
          deprecated: false
          knownPrimaryType: string
          name:
            fixed: false
            raw: String
        name:
          fixed: false
          raw: message
        realPath:
          - message
        serializedName: message
      - $id: '33'
        collectionFormat: none
        defaultValue:
          fixed: false
        deprecated: false
        documentation:
          fixed: false
        isConstant: false
        isReadOnly: false
        isRequired: false
        modelType:
          $id: '34'
          $type: PrimaryType
          deprecated: false
          knownPrimaryType: string
          name:
            fixed: false
            raw: String
        name:
          fixed: false
          raw: fields
        realPath:
          - fields
        serializedName: fields
    serializedName: Error
modelsName: Models
name: AutoRestValidationTest
namespace: ''
operations:
  - methods:
      - defaultResponse:
          body:
            $ref: '28'
          isNullable: true
        deprecated: false
        description: Validates input parameters on the method. See swagger for details.
        group:
          fixed: false
          raw: ''
        hidden: false
        httpMethod: get
        isAbsoluteUrl: false
        name:
          fixed: false
          raw: validationOfMethodParameters
        parameters:
          - $id: '39'
            clientProperty:
              $ref: '35'
            collectionFormat: none
            defaultValue:
              fixed: false
            deprecated: false
            documentation:
              fixed: false
              raw: Subscription ID.
            isConstant: false
            isRequired: true
            location: path
            modelType:
              $id: '40'
              $type: PrimaryType
              deprecated: false
              knownPrimaryType: string
              name:
                fixed: false
                raw: String
            name:
              fixed: false
              raw: subscriptionId
            serializedName: subscriptionId
          - $id: '41'
            collectionFormat: none
            constraints:
              MaxLength: '10'
              MinLength: '3'
              Pattern: '[a-zA-Z0-9]+'
            defaultValue:
              fixed: false
            deprecated: false
            documentation:
              fixed: false
              raw: >-
                Required string between 3 and 10 chars with pattern
                [a-zA-Z0-9]+.
            isConstant: false
            isRequired: true
            location: path
            modelType:
              $id: '42'
              $type: PrimaryType
              deprecated: false
              knownPrimaryType: string
              name:
                fixed: false
                raw: String
            name:
              fixed: false
              raw: resourceGroupName
            serializedName: resourceGroupName
          - $id: '43'
            collectionFormat: none
            constraints:
              InclusiveMaximum: '1000'
              InclusiveMinimum: '100'
              MultipleOf: '10'
            defaultValue:
              fixed: false
            deprecated: false
            documentation:
              fixed: false
              raw: Required int multiple of 10 from 100 to 1000.
            isConstant: false
            isRequired: true
            location: path
            modelType:
              $id: '44'
              $type: PrimaryType
              deprecated: false
              knownPrimaryType: int
              name:
                fixed: false
                raw: Int
            name:
              fixed: false
              raw: id
            serializedName: id
          - $id: '45'
            clientProperty:
              $ref: '37'
            collectionFormat: none
            constraints:
              Pattern: '\d{2}-\d{2}-\d{4}'
            defaultValue:
              fixed: false
            deprecated: false
            documentation:
              fixed: false
              raw: 'Required string following pattern \d{2}-\d{2}-\d{4}'
            isConstant: false
            isRequired: true
            location: query
            modelType:
              $id: '46'
              $type: PrimaryType
              deprecated: false
              knownPrimaryType: string
              name:
                fixed: false
                raw: String
            name:
              fixed: false
              raw: apiVersion
            serializedName: apiVersion
        requestContentType: application/json; charset=utf-8
        responseContentTypes:
          - application/json
        responses:
          OK:
            body:
              $ref: '11'
            isNullable: true
        returnType:
          body:
            $ref: '11'
          isNullable: true
        serializedName: validationOfMethodParameters
        summary: ''
        url: '/fakepath/{subscriptionId}/{resourceGroupName}/{id}'
      - defaultResponse:
          body:
            $ref: '28'
          isNullable: true
        deprecated: false
        description: Validates body parameters on the method. See swagger for details.
        extensions:
          x-ms-requestBody-index: '3'
        group:
          fixed: false
          raw: ''
        hidden: false
        httpMethod: put
        isAbsoluteUrl: false
        name:
          fixed: false
          raw: validationOfBody
        parameters:
          - $id: '47'
            clientProperty:
              $ref: '35'
            collectionFormat: none
            defaultValue:
              fixed: false
            deprecated: false
            documentation:
              fixed: false
              raw: Subscription ID.
            isConstant: false
            isRequired: true
            location: path
            modelType:
              $id: '48'
              $type: PrimaryType
              deprecated: false
              knownPrimaryType: string
              name:
                fixed: false
                raw: String
            name:
              fixed: false
              raw: subscriptionId
            serializedName: subscriptionId
          - $id: '49'
            collectionFormat: none
            constraints:
              MaxLength: '10'
              MinLength: '3'
              Pattern: '[a-zA-Z0-9]+'
            defaultValue:
              fixed: false
            deprecated: false
            documentation:
              fixed: false
              raw: >-
                Required string between 3 and 10 chars with pattern
                [a-zA-Z0-9]+.
            isConstant: false
            isRequired: true
            location: path
            modelType:
              $id: '50'
              $type: PrimaryType
              deprecated: false
              knownPrimaryType: string
              name:
                fixed: false
                raw: String
            name:
              fixed: false
              raw: resourceGroupName
            serializedName: resourceGroupName
          - $id: '51'
            collectionFormat: none
            constraints:
              InclusiveMaximum: '1000'
              InclusiveMinimum: '100'
              MultipleOf: '10'
            defaultValue:
              fixed: false
            deprecated: false
            documentation:
              fixed: false
              raw: Required int multiple of 10 from 100 to 1000.
            isConstant: false
            isRequired: true
            location: path
            modelType:
              $id: '52'
              $type: PrimaryType
              deprecated: false
              knownPrimaryType: int
              name:
                fixed: false
                raw: Int
            name:
              fixed: false
              raw: id
            serializedName: id
          - $id: '53'
            collectionFormat: none
            defaultValue:
              fixed: false
            deprecated: false
            documentation:
              fixed: false
            extensions:
              x-ms-requestBody-name: body
            isConstant: false
            isRequired: false
            location: body
            modelType:
              $ref: '11'
            name:
              fixed: false
              raw: body
            serializedName: body
          - $id: '54'
            clientProperty:
              $ref: '37'
            collectionFormat: none
            constraints:
              Pattern: '\d{2}-\d{2}-\d{4}'
            defaultValue:
              fixed: false
            deprecated: false
            documentation:
              fixed: false
              raw: 'Required string following pattern \d{2}-\d{2}-\d{4}'
            isConstant: false
            isRequired: true
            location: query
            modelType:
              $id: '55'
              $type: PrimaryType
              deprecated: false
              knownPrimaryType: string
              name:
                fixed: false
                raw: String
            name:
              fixed: false
              raw: apiVersion
            serializedName: apiVersion
        requestContentType: application/json; charset=utf-8
        responseContentTypes:
          - application/json
        responses:
          OK:
            body:
              $ref: '11'
            isNullable: true
        returnType:
          body:
            $ref: '11'
          isNullable: true
        serializedName: validationOfBody
        summary: ''
        url: '/fakepath/{subscriptionId}/{resourceGroupName}/{id}'
      - defaultResponse:
          isNullable: true
        deprecated: false
        group:
          fixed: false
          raw: ''
        hidden: false
        httpMethod: get
        isAbsoluteUrl: false
        name:
          fixed: false
          raw: getWithConstantInPath
        parameters:
          - $id: '56'
            collectionFormat: none
            defaultValue:
              fixed: false
              raw: constant
            deprecated: false
            documentation:
              fixed: false
            isConstant: true
            isRequired: true
            location: path
            modelType:
              $id: '57'
              $type: PrimaryType
              deprecated: false
              knownPrimaryType: string
              name:
                fixed: false
                raw: String
            name:
              fixed: false
              raw: constantParam
            serializedName: constantParam
        requestContentType: application/json; charset=utf-8
        responseContentTypes:
          - application/json
        responses:
          OK:
            isNullable: true
        returnType:
          isNullable: true
        serializedName: getWithConstantInPath
        url: '/validation/constantsInPath/{constantParam}/value'
      - defaultResponse:
          isNullable: true
        deprecated: false
        extensions:
          x-ms-requestBody-index: '1'
        group:
          fixed: false
          raw: ''
        hidden: false
        httpMethod: post
        isAbsoluteUrl: false
        name:
          fixed: false
          raw: postWithConstantInBody
        parameters:
          - $id: '58'
            collectionFormat: none
            defaultValue:
              fixed: false
              raw: constant
            deprecated: false
            documentation:
              fixed: false
            isConstant: true
            isRequired: true
            location: path
            modelType:
              $id: '59'
              $type: PrimaryType
              deprecated: false
              knownPrimaryType: string
              name:
                fixed: false
                raw: String
            name:
              fixed: false
              raw: constantParam
            serializedName: constantParam
          - $id: '60'
            collectionFormat: none
            defaultValue:
              fixed: false
            deprecated: false
            documentation:
              fixed: false
            extensions:
              x-ms-requestBody-name: body
            isConstant: false
            isRequired: false
            location: body
            modelType:
              $ref: '11'
            name:
              fixed: false
              raw: body
            serializedName: body
        requestContentType: application/json; charset=utf-8
        responseContentTypes:
          - application/json
        responses:
          OK:
            body:
              $ref: '11'
            isNullable: true
        returnType:
          body:
            $ref: '11'
          isNullable: true
        serializedName: postWithConstantInBody
        url: '/validation/constantsInPath/{constantParam}/value'
    name:
      fixed: false
      raw: ''
    nameForProperty: AutoRestValidationTest
    typeName:
      fixed: false
properties:
  - $id: '35'
    collectionFormat: none
    defaultValue:
      fixed: false
    deprecated: false
    documentation:
      fixed: false
      raw: Subscription ID.
    isConstant: false
    isReadOnly: false
    isRequired: true
    modelType:
      $id: '36'
      $type: PrimaryType
      deprecated: false
      knownPrimaryType: string
      name:
        fixed: false
        raw: String
    name:
      fixed: false
      raw: subscriptionId
    realPath:
      - subscriptionId
    serializedName: subscriptionId
  - $id: '37'
    collectionFormat: none
    constraints:
      Pattern: '\d{2}-\d{2}-\d{4}'
    defaultValue:
      fixed: false
    deprecated: false
    documentation:
      fixed: false
      raw: 'Required string following pattern \d{2}-\d{2}-\d{4}'
    isConstant: false
    isReadOnly: false
    isRequired: true
    modelType:
      $id: '38'
      $type: PrimaryType
      deprecated: false
      knownPrimaryType: string
      name:
        fixed: false
        raw: String
    name:
      fixed: false
      raw: apiVersion
    realPath:
      - apiVersion
    serializedName: apiVersion
