---
apiVersion: 1.0.0
baseUrl: 'http://localhost'
documentation: Test Infrastructure for AutoRest. No server backend exists for these tests.
enumTypes:
  - &ref_2
    $type: EnumType
    modelAsExtensible: false
    modelAsString: false
    name:
      fixed: false
      raw: EnumConst
    underlyingType:
      $type: PrimaryType
      knownPrimaryType: string
      name:
        fixed: false
        raw: String
    values:
      - name: constant_string_as_enum
        serializedName: constant_string_as_enum
errorTypes:
  - &ref_3
    $type: CompositeType
    containsConstantProperties: false
    name:
      fixed: false
      raw: Error
    properties:
      - collectionFormat: none
        defaultValue:
          fixed: false
        documentation:
          fixed: false
        isConstant: false
        isReadOnly: false
        isRequired: false
        modelType:
          $type: PrimaryType
          format: int32
          knownPrimaryType: int
          name:
            fixed: false
            raw: Int
        name:
          fixed: false
          raw: code
        realPath:
          - code
        serializedName: code
      - collectionFormat: none
        defaultValue:
          fixed: false
        documentation:
          fixed: false
        isConstant: false
        isReadOnly: false
        isRequired: false
        modelType:
          $type: PrimaryType
          knownPrimaryType: string
          name:
            fixed: false
            raw: String
        name:
          fixed: false
          raw: message
        realPath:
          - message
        serializedName: message
      - collectionFormat: none
        defaultValue:
          fixed: false
        documentation:
          fixed: false
        isConstant: false
        isReadOnly: false
        isRequired: false
        modelType:
          $type: PrimaryType
          knownPrimaryType: string
          name:
            fixed: false
            raw: String
        name:
          fixed: false
          raw: fields
        realPath:
          - fields
        serializedName: fields
    serializedName: Error
modelTypes:
  - &ref_0
    $type: CompositeType
    containsConstantProperties: true
    documentation: The product documentation.
    name:
      fixed: false
      raw: ChildProduct
    properties:
      - collectionFormat: none
        defaultValue:
          fixed: false
          raw: constant
        documentation:
          fixed: false
          raw: Constant string
        isConstant: true
        isReadOnly: false
        isRequired: true
        modelType:
          $type: PrimaryType
          knownPrimaryType: string
          name:
            fixed: false
            raw: String
        name:
          fixed: false
          raw: constProperty
        realPath:
          - constProperty
        serializedName: constProperty
      - collectionFormat: none
        defaultValue:
          fixed: false
        documentation:
          fixed: false
          raw: Count
        isConstant: false
        isReadOnly: false
        isRequired: false
        modelType:
          $type: PrimaryType
          knownPrimaryType: int
          name:
            fixed: false
            raw: Int
        name:
          fixed: false
          raw: count
        realPath:
          - count
        serializedName: count
    serializedName: ChildProduct
  - &ref_1
    $type: CompositeType
    containsConstantProperties: true
    documentation: The product documentation.
    name:
      fixed: false
      raw: ConstantProduct
    properties:
      - collectionFormat: none
        defaultValue:
          fixed: false
          raw: constant
        documentation:
          fixed: false
          raw: Constant string
        isConstant: true
        isReadOnly: false
        isRequired: true
        modelType:
          $type: PrimaryType
          knownPrimaryType: string
          name:
            fixed: false
            raw: String
        name:
          fixed: false
          raw: constProperty
        realPath:
          - constProperty
        serializedName: constProperty
      - collectionFormat: none
        defaultValue:
          fixed: false
          raw: constant2
        documentation:
          fixed: false
          raw: Constant string2
        isConstant: true
        isReadOnly: false
        isRequired: true
        modelType:
          $type: PrimaryType
          knownPrimaryType: string
          name:
            fixed: false
            raw: String
        name:
          fixed: false
          raw: constProperty2
        realPath:
          - constProperty2
        serializedName: constProperty2
    serializedName: ConstantProduct
  - &ref_4
    $type: CompositeType
    containsConstantProperties: true
    documentation: The product documentation.
    name:
      fixed: false
      raw: Product
    properties:
      - collectionFormat: none
        constraints:
          MaxItems: '6'
          MinItems: '0'
          UniqueItems: 'true'
        defaultValue:
          fixed: false
        documentation:
          fixed: false
          raw: Non required array of unique items from 0 to 6 elements.
        isConstant: false
        isReadOnly: false
        isRequired: false
        modelType:
          $type: SequenceType
          elementType:
            $type: PrimaryType
            knownPrimaryType: string
            name:
              fixed: false
              raw: String
          name:
            fixed: false
        name:
          fixed: false
          raw: display_names
        realPath:
          - display_names
        serializedName: display_names
      - collectionFormat: none
        constraints:
          ExclusiveMaximum: '100'
          ExclusiveMinimum: '0'
        defaultValue:
          fixed: false
        documentation:
          fixed: false
          raw: Non required int betwen 0 and 100 exclusive.
        isConstant: false
        isReadOnly: false
        isRequired: false
        modelType:
          $type: PrimaryType
          knownPrimaryType: int
          name:
            fixed: false
            raw: Int
        name:
          fixed: false
          raw: capacity
        realPath:
          - capacity
        serializedName: capacity
      - collectionFormat: none
        constraints:
          Pattern: 'http://\w+'
        defaultValue:
          fixed: false
        documentation:
          fixed: false
          raw: Image URL representing the product.
        isConstant: false
        isReadOnly: false
        isRequired: false
        modelType:
          $type: PrimaryType
          knownPrimaryType: string
          name:
            fixed: false
            raw: String
        name:
          fixed: false
          raw: image
        realPath:
          - image
        serializedName: image
      - collectionFormat: none
        defaultValue:
          fixed: false
        documentation:
          fixed: false
        isConstant: false
        isReadOnly: false
        isRequired: true
        modelType: *ref_0
        name:
          fixed: false
          raw: child
        realPath:
          - child
        serializedName: child
      - collectionFormat: none
        defaultValue:
          fixed: false
        documentation:
          fixed: false
        isConstant: true
        isReadOnly: false
        isRequired: true
        modelType: *ref_1
        name:
          fixed: false
          raw: constChild
        realPath:
          - constChild
        serializedName: constChild
      - collectionFormat: none
        defaultValue:
          fixed: false
          raw: '0'
        documentation:
          fixed: false
          raw: Constant int
        isConstant: true
        isReadOnly: false
        isRequired: true
        modelType:
          $type: PrimaryType
          knownPrimaryType: int
          name:
            fixed: false
            raw: Int
        name:
          fixed: false
          raw: constInt
        realPath:
          - constInt
        serializedName: constInt
      - collectionFormat: none
        defaultValue:
          fixed: false
          raw: constant
        documentation:
          fixed: false
          raw: Constant string
        isConstant: true
        isReadOnly: false
        isRequired: true
        modelType:
          $type: PrimaryType
          knownPrimaryType: string
          name:
            fixed: false
            raw: String
        name:
          fixed: false
          raw: constString
        realPath:
          - constString
        serializedName: constString
      - collectionFormat: none
        defaultValue:
          fixed: false
        documentation:
          fixed: false
          raw: Constant string as Enum
        extensions:
          x-ms-enum:
            modelAsString: false
            name: EnumConst
        isConstant: false
        isReadOnly: false
        isRequired: false
        modelType: *ref_2
        name:
          fixed: false
          raw: constStringAsEnum
        realPath:
          - constStringAsEnum
        serializedName: constStringAsEnum
    serializedName: Product
  - *ref_3
modelsName: Models
name: AutoRestValidationTest
namespace: ''
operations:
  - methods:
      - defaultResponse:
          body: *ref_3
          isNullable: true
        deprecated: false
        description: Validates input parameters on the method. See swagger for details.
        group:
          fixed: false
          raw: ''
        hidden: false
        httpMethod: get
        isAbsoluteUrl: false
        name:
          fixed: false
          raw: validationOfMethodParameters
        parameters:
          - clientProperty: &ref_5
              collectionFormat: none
              defaultValue:
                fixed: false
              documentation:
                fixed: false
                raw: Subscription ID.
              isConstant: false
              isReadOnly: false
              isRequired: true
              modelType:
                $type: PrimaryType
                knownPrimaryType: string
                name:
                  fixed: false
                  raw: String
              name:
                fixed: false
                raw: subscriptionId
              realPath:
                - subscriptionId
              serializedName: subscriptionId
            collectionFormat: none
            defaultValue:
              fixed: false
            documentation:
              fixed: false
              raw: Subscription ID.
            isConstant: false
            isRequired: true
            location: path
            modelType:
              $type: PrimaryType
              knownPrimaryType: string
              name:
                fixed: false
                raw: String
            name:
              fixed: false
              raw: subscriptionId
            serializedName: subscriptionId
          - collectionFormat: none
            constraints:
              MaxLength: '10'
              MinLength: '3'
              Pattern: '[a-zA-Z0-9]+'
            defaultValue:
              fixed: false
            documentation:
              fixed: false
              raw: >-
                Required string between 3 and 10 chars with pattern
                [a-zA-Z0-9]+.
            isConstant: false
            isRequired: true
            location: path
            modelType:
              $type: PrimaryType
              knownPrimaryType: string
              name:
                fixed: false
                raw: String
            name:
              fixed: false
              raw: resourceGroupName
            serializedName: resourceGroupName
          - collectionFormat: none
            constraints:
              InclusiveMaximum: '1000'
              InclusiveMinimum: '100'
              MultipleOf: '10'
            defaultValue:
              fixed: false
            documentation:
              fixed: false
              raw: Required int multiple of 10 from 100 to 1000.
            isConstant: false
            isRequired: true
            location: path
            modelType:
              $type: PrimaryType
              knownPrimaryType: int
              name:
                fixed: false
                raw: Int
            name:
              fixed: false
              raw: id
            serializedName: id
          - clientProperty: &ref_6
              collectionFormat: none
              constraints:
                Pattern: '\d{2}-\d{2}-\d{4}'
              defaultValue:
                fixed: false
              documentation:
                fixed: false
                raw: 'Required string following pattern \d{2}-\d{2}-\d{4}'
              isConstant: false
              isReadOnly: false
              isRequired: true
              modelType:
                $type: PrimaryType
                knownPrimaryType: string
                name:
                  fixed: false
                  raw: String
              name:
                fixed: false
                raw: apiVersion
              realPath:
                - apiVersion
              serializedName: apiVersion
            collectionFormat: none
            constraints:
              Pattern: '\d{2}-\d{2}-\d{4}'
            defaultValue:
              fixed: false
            documentation:
              fixed: false
              raw: 'Required string following pattern \d{2}-\d{2}-\d{4}'
            isConstant: false
            isRequired: true
            location: query
            modelType:
              $type: PrimaryType
              knownPrimaryType: string
              name:
                fixed: false
                raw: String
            name:
              fixed: false
              raw: apiVersion
            serializedName: apiVersion
        requestContentType: application/json; charset=utf-8
        responseContentTypes:
          - application/json
        responses:
          OK:
            body: *ref_4
            isNullable: true
        returnType:
          body: *ref_4
          isNullable: true
        serializedName: validationOfMethodParameters
        summary: ''
        url: '/fakepath/{subscriptionId}/{resourceGroupName}/{id}'
      - defaultResponse:
          body: *ref_3
          isNullable: true
        deprecated: false
        description: Validates body parameters on the method. See swagger for details.
        extensions:
          x-ms-requestBody-index: '3'
        group:
          fixed: false
          raw: ''
        hidden: false
        httpMethod: put
        isAbsoluteUrl: false
        name:
          fixed: false
          raw: validationOfBody
        parameters:
          - clientProperty: *ref_5
            collectionFormat: none
            defaultValue:
              fixed: false
            documentation:
              fixed: false
              raw: Subscription ID.
            isConstant: false
            isRequired: true
            location: path
            modelType:
              $type: PrimaryType
              knownPrimaryType: string
              name:
                fixed: false
                raw: String
            name:
              fixed: false
              raw: subscriptionId
            serializedName: subscriptionId
          - collectionFormat: none
            constraints:
              MaxLength: '10'
              MinLength: '3'
              Pattern: '[a-zA-Z0-9]+'
            defaultValue:
              fixed: false
            documentation:
              fixed: false
              raw: >-
                Required string between 3 and 10 chars with pattern
                [a-zA-Z0-9]+.
            isConstant: false
            isRequired: true
            location: path
            modelType:
              $type: PrimaryType
              knownPrimaryType: string
              name:
                fixed: false
                raw: String
            name:
              fixed: false
              raw: resourceGroupName
            serializedName: resourceGroupName
          - collectionFormat: none
            constraints:
              InclusiveMaximum: '1000'
              InclusiveMinimum: '100'
              MultipleOf: '10'
            defaultValue:
              fixed: false
            documentation:
              fixed: false
              raw: Required int multiple of 10 from 100 to 1000.
            isConstant: false
            isRequired: true
            location: path
            modelType:
              $type: PrimaryType
              knownPrimaryType: int
              name:
                fixed: false
                raw: Int
            name:
              fixed: false
              raw: id
            serializedName: id
          - collectionFormat: none
            defaultValue:
              fixed: false
            documentation:
              fixed: false
            extensions:
              x-ms-requestBody-name: body
            isConstant: false
            isRequired: false
            location: body
            modelType: *ref_4
            name:
              fixed: false
              raw: body
            serializedName: body
          - clientProperty: *ref_6
            collectionFormat: none
            constraints:
              Pattern: '\d{2}-\d{2}-\d{4}'
            defaultValue:
              fixed: false
            documentation:
              fixed: false
              raw: 'Required string following pattern \d{2}-\d{2}-\d{4}'
            isConstant: false
            isRequired: true
            location: query
            modelType:
              $type: PrimaryType
              knownPrimaryType: string
              name:
                fixed: false
                raw: String
            name:
              fixed: false
              raw: apiVersion
            serializedName: apiVersion
        requestContentType: application/json; charset=utf-8
        responseContentTypes:
          - application/json
        responses:
          OK:
            body: *ref_4
            isNullable: true
        returnType:
          body: *ref_4
          isNullable: true
        serializedName: validationOfBody
        summary: ''
        url: '/fakepath/{subscriptionId}/{resourceGroupName}/{id}'
      - defaultResponse:
          isNullable: true
        deprecated: false
        group:
          fixed: false
          raw: ''
        hidden: false
        httpMethod: get
        isAbsoluteUrl: false
        name:
          fixed: false
          raw: getWithConstantInPath
        parameters:
          - collectionFormat: none
            defaultValue:
              fixed: false
              raw: constant
            documentation:
              fixed: false
            isConstant: true
            isRequired: true
            location: path
            modelType:
              $type: PrimaryType
              knownPrimaryType: string
              name:
                fixed: false
                raw: String
            name:
              fixed: false
              raw: constantParam
            serializedName: constantParam
        requestContentType: application/json; charset=utf-8
        responseContentTypes:
          - application/json
        responses:
          OK:
            isNullable: true
        returnType:
          isNullable: true
        serializedName: getWithConstantInPath
        url: '/validation/constantsInPath/{constantParam}/value'
      - defaultResponse:
          isNullable: true
        deprecated: false
        extensions:
          x-ms-requestBody-index: '1'
        group:
          fixed: false
          raw: ''
        hidden: false
        httpMethod: post
        isAbsoluteUrl: false
        name:
          fixed: false
          raw: postWithConstantInBody
        parameters:
          - collectionFormat: none
            defaultValue:
              fixed: false
              raw: constant
            documentation:
              fixed: false
            isConstant: true
            isRequired: true
            location: path
            modelType:
              $type: PrimaryType
              knownPrimaryType: string
              name:
                fixed: false
                raw: String
            name:
              fixed: false
              raw: constantParam
            serializedName: constantParam
          - collectionFormat: none
            defaultValue:
              fixed: false
            documentation:
              fixed: false
            extensions:
              x-ms-requestBody-name: body
            isConstant: false
            isRequired: false
            location: body
            modelType: *ref_4
            name:
              fixed: false
              raw: body
            serializedName: body
        requestContentType: application/json; charset=utf-8
        responseContentTypes:
          - application/json
        responses:
          OK:
            body: *ref_4
            isNullable: true
        returnType:
          body: *ref_4
          isNullable: true
        serializedName: postWithConstantInBody
        url: '/validation/constantsInPath/{constantParam}/value'
    name:
      fixed: false
      raw: ''
    nameForProperty: AutoRestValidationTest
    typeName:
      fixed: false
properties:
  - *ref_5
  - *ref_6
