---
apiVersion: 1.0.0
baseUrl: 'http://localhost:3000'
documentation: Test Infrastructure for AutoRest
errorTypes:
  - &ref_0
    $type: CompositeType
    containsConstantProperties: false
    deprecated: false
    name:
      fixed: false
      raw: Error
    properties:
      - collectionFormat: none
        defaultValue:
          fixed: false
        deprecated: false
        documentation:
          fixed: false
        isConstant: false
        isReadOnly: false
        isRequired: false
        modelType:
          $type: PrimaryType
          deprecated: false
          format: int32
          knownPrimaryType: int
          name:
            fixed: false
            raw: Int
        name:
          fixed: false
          raw: status
        realPath:
          - status
        serializedName: status
      - collectionFormat: none
        defaultValue:
          fixed: false
        deprecated: false
        documentation:
          fixed: false
        isConstant: false
        isReadOnly: false
        isRequired: false
        modelType:
          $type: PrimaryType
          deprecated: false
          knownPrimaryType: string
          name:
            fixed: false
            raw: String
        name:
          fixed: false
          raw: message
        realPath:
          - message
        serializedName: message
    serializedName: Error
modelTypes:
  - *ref_0
modelsName: Models
name: AutoRestReportServiceForAzure
namespace: ''
operations:
  - methods:
      - defaultResponse:
          body: *ref_0
          isNullable: true
        deprecated: false
        description: Get test coverage report
        group:
          fixed: false
          raw: ''
        hidden: false
        httpMethod: get
        isAbsoluteUrl: false
        name:
          fixed: false
          raw: getReport
        parameters:
          - collectionFormat: none
            defaultValue:
              fixed: false
            deprecated: false
            documentation:
              fixed: false
              raw: >-
                If specified, qualifies the generated report further (e.g. '2.7'
                vs '3.5' in for Python). The only effect is, that generators
                that run all tests several times, can distinguish the generated
                reports.
            isConstant: false
            isRequired: false
            location: query
            modelType:
              $type: PrimaryType
              deprecated: false
              knownPrimaryType: string
              name:
                fixed: false
                raw: String
            name:
              fixed: false
              raw: qualifier
            serializedName: qualifier
        requestContentType: application/json; charset=utf-8
        responseContentTypes:
          - application/json
        responses:
          OK:
            body: &ref_1
              $type: DictionaryType
              deprecated: false
              name:
                fixed: false
              supportsAdditionalProperties: false
              valueType:
                $type: PrimaryType
                deprecated: false
                knownPrimaryType: int
                name:
                  fixed: false
                  raw: Int
            isNullable: true
        returnType:
          body: *ref_1
          isNullable: true
        serializedName: getReport
        url: /report/azure
    name:
      fixed: false
      raw: ''
    nameForProperty: AutoRestReportServiceForAzure
    typeName:
      fixed: false
