---
apiVersion: 1.0.0
baseUrl: 'http://localhost:3000'
documentation: Test Infrastructure for AutoRest Swagger BAT
enumTypes:
  - &ref_9
    $type: EnumType
    deprecated: false
    oldModelAsString: true
    modelAsString: false
    name:
      fixed: false
      raw: Colors
    underlyingType:
      $type: PrimaryType
      deprecated: false
      knownPrimaryType: string
      name:
        fixed: false
        raw: String
    values:
      - name: red color
        serializedName: red color
      - name: green-color
        serializedName: green-color
      - name: blue_color
        serializedName: blue_color
errorTypes:
  - &ref_0
    $type: CompositeType
    containsConstantProperties: false
    deprecated: false
    name:
      fixed: false
      raw: Error
    properties:
      - collectionFormat: none
        defaultValue:
          fixed: false
        deprecated: false
        documentation:
          fixed: false
        isConstant: false
        isReadOnly: false
        isRequired: false
        modelType:
          $type: PrimaryType
          deprecated: false
          format: int32
          knownPrimaryType: int
          name:
            fixed: false
            raw: Int
        name:
          fixed: false
          raw: status
        realPath:
          - status
        serializedName: status
      - collectionFormat: none
        defaultValue:
          fixed: false
        deprecated: false
        documentation:
          fixed: false
        isConstant: false
        isReadOnly: false
        isRequired: false
        modelType:
          $type: PrimaryType
          deprecated: false
          knownPrimaryType: string
          name:
            fixed: false
            raw: String
        name:
          fixed: false
          raw: message
        realPath:
          - message
        serializedName: message
    serializedName: Error
modelTypes:
  - *ref_0
  - &ref_10
    $type: CompositeType
    containsConstantProperties: true
    deprecated: false
    name:
      fixed: false
      raw: RefColorConstant
    properties:
      - collectionFormat: none
        defaultValue:
          fixed: false
          raw: green-color
        deprecated: false
        documentation:
          fixed: false
          raw: Referenced Color Constant Description.
        extensions:
          x-ms-enum:
            modelAsString: false
            name: ColorConstant
        isConstant: true
        isReadOnly: false
        isRequired: true
        modelType:
          $type: PrimaryType
          deprecated: false
          knownPrimaryType: string
          name:
            fixed: false
            raw: String
        name:
          fixed: false
          raw: ColorConstant
        realPath:
          - ColorConstant
        serializedName: ColorConstant
      - collectionFormat: none
        defaultValue:
          fixed: false
        deprecated: false
        documentation:
          fixed: false
          raw: Sample string.
        isConstant: false
        isReadOnly: false
        isRequired: false
        modelType:
          $type: PrimaryType
          deprecated: false
          knownPrimaryType: string
          name:
            fixed: false
            raw: String
        name:
          fixed: false
          raw: field1
        realPath:
          - field1
        serializedName: field1
    serializedName: RefColorConstant
modelsName: Models
name: AutoRestSwaggerBATService
namespace: ''
operations:
  - methods:
      - defaultResponse:
          body: *ref_0
          isNullable: true
        deprecated: false
        description: Get null string value value
        group:
          fixed: false
          raw: string
        hidden: false
        httpMethod: get
        isAbsoluteUrl: false
        name:
          fixed: false
          raw: getNull
        requestContentType: application/json; charset=utf-8
        responseContentTypes:
          - application/json
        responses:
          OK:
            body: &ref_1
              $type: EnumType
              deprecated: false
              oldModelAsString: true
              modelAsString: true
              name:
                fixed: false
                raw: ''
              underlyingType:
                $type: PrimaryType
                deprecated: false
                knownPrimaryType: string
                name:
                  fixed: false
                  raw: String
              values:
                - {}
            isNullable: true
        returnType:
          body: *ref_1
          isNullable: true
        serializedName: string_getNull
        url: /string/null
      - defaultResponse:
          body: *ref_0
          isNullable: true
        deprecated: false
        description: Set string value null
        extensions:
          x-ms-requestBody-index: '0'
        group:
          fixed: false
          raw: string
        hidden: false
        httpMethod: put
        isAbsoluteUrl: false
        name:
          fixed: false
          raw: putNull
        parameters:
          - collectionFormat: none
            defaultValue:
              fixed: false
            deprecated: false
            documentation:
              fixed: false
            extensions:
              x-ms-requestBody-name: stringBody
            isConstant: false
            isRequired: false
            location: body
            modelType:
              $type: PrimaryType
              deprecated: false
              knownPrimaryType: string
              name:
                fixed: false
                raw: String
            name:
              fixed: false
              raw: stringBody
            serializedName: stringBody
        requestContentType: application/json; charset=utf-8
        responseContentTypes:
          - application/json
        responses:
          OK:
            isNullable: true
        returnType:
          isNullable: true
        serializedName: string_putNull
        url: /string/null
      - defaultResponse:
          body: *ref_0
          isNullable: true
        deprecated: false
        description: Get empty string value value ''
        group:
          fixed: false
          raw: string
        hidden: false
        httpMethod: get
        isAbsoluteUrl: false
        name:
          fixed: false
          raw: getEmpty
        requestContentType: application/json; charset=utf-8
        responseContentTypes:
          - application/json
        responses:
          OK:
            body: &ref_2
              $type: EnumType
              deprecated: false
              oldModelAsString: true
              modelAsString: true
              name:
                fixed: false
                raw: ''
              underlyingType:
                $type: PrimaryType
                deprecated: false
                knownPrimaryType: string
                name:
                  fixed: false
                  raw: String
              values:
                - name: ''
                  serializedName: ''
            isNullable: true
        returnType:
          body: *ref_2
          isNullable: true
        serializedName: string_getEmpty
        url: /string/empty
      - defaultResponse:
          body: *ref_0
          isNullable: true
        deprecated: false
        description: Set string value empty ''
        extensions:
          x-ms-requestBody-index: '0'
        group:
          fixed: false
          raw: string
        hidden: false
        httpMethod: put
        isAbsoluteUrl: false
        name:
          fixed: false
          raw: putEmpty
        parameters:
          - collectionFormat: none
            defaultValue:
              fixed: false
            deprecated: false
            documentation:
              fixed: false
            extensions:
              x-ms-requestBody-name: stringBody
            isConstant: false
            isRequired: true
            location: body
            modelType:
              $type: PrimaryType
              deprecated: false
              knownPrimaryType: string
              name:
                fixed: false
                raw: String
            name:
              fixed: false
              raw: stringBody
            serializedName: stringBody
        requestContentType: application/json; charset=utf-8
        responseContentTypes:
          - application/json
        responses:
          OK:
            isNullable: true
        returnType:
          isNullable: true
        serializedName: string_putEmpty
        url: /string/empty
      - defaultResponse:
          body: *ref_0
          isNullable: true
        deprecated: false
        description: >-
          Get mbcs string value
          '啊齄丂狛狜隣郎隣兀﨩ˊ〞〡￤℡㈱‐ー﹡﹢﹫、〓ⅰⅹ⒈€㈠㈩ⅠⅫ！￣ぁんァヶΑ︴АЯаяāɡㄅㄩ─╋︵﹄︻︱︳︴ⅰⅹɑɡ〇〾⿻⺁䜣€'
        group:
          fixed: false
          raw: string
        hidden: false
        httpMethod: get
        isAbsoluteUrl: false
        name:
          fixed: false
          raw: getMbcs
        requestContentType: application/json; charset=utf-8
        responseContentTypes:
          - application/json
        responses:
          OK:
            body: &ref_3
              $type: EnumType
              deprecated: false
              oldModelAsString: true
              modelAsString: true
              name:
                fixed: false
                raw: ''
              underlyingType:
                $type: PrimaryType
                deprecated: false
                knownPrimaryType: string
                name:
                  fixed: false
                  raw: String
              values:
                - name: >-
                    啊齄丂狛狜隣郎隣兀﨩ˊ〞〡￤℡㈱‐ー﹡﹢﹫、〓ⅰⅹ⒈€㈠㈩ⅠⅫ！￣ぁんァヶΑ︴АЯаяāɡㄅㄩ─╋︵﹄︻︱︳︴ⅰⅹɑɡ〇〾⿻⺁䜣€
                  serializedName: >-
                    啊齄丂狛狜隣郎隣兀﨩ˊ〞〡￤℡㈱‐ー﹡﹢﹫、〓ⅰⅹ⒈€㈠㈩ⅠⅫ！￣ぁんァヶΑ︴АЯаяāɡㄅㄩ─╋︵﹄︻︱︳︴ⅰⅹɑɡ〇〾⿻⺁䜣€
            isNullable: true
        returnType:
          body: *ref_3
          isNullable: true
        serializedName: string_getMbcs
        url: /string/mbcs
      - defaultResponse:
          body: *ref_0
          isNullable: true
        deprecated: false
        description: >-
          Set string value mbcs
          '啊齄丂狛狜隣郎隣兀﨩ˊ〞〡￤℡㈱‐ー﹡﹢﹫、〓ⅰⅹ⒈€㈠㈩ⅠⅫ！￣ぁんァヶΑ︴АЯаяāɡㄅㄩ─╋︵﹄︻︱︳︴ⅰⅹɑɡ〇〾⿻⺁䜣€'
        extensions:
          x-ms-requestBody-index: '0'
        group:
          fixed: false
          raw: string
        hidden: false
        httpMethod: put
        isAbsoluteUrl: false
        name:
          fixed: false
          raw: putMbcs
        parameters:
          - collectionFormat: none
            defaultValue:
              fixed: false
            deprecated: false
            documentation:
              fixed: false
            extensions:
              x-ms-requestBody-name: stringBody
            isConstant: false
            isRequired: true
            location: body
            modelType:
              $type: PrimaryType
              deprecated: false
              knownPrimaryType: string
              name:
                fixed: false
                raw: String
            name:
              fixed: false
              raw: stringBody
            serializedName: stringBody
        requestContentType: application/json; charset=utf-8
        responseContentTypes:
          - application/json
        responses:
          OK:
            isNullable: true
        returnType:
          isNullable: true
        serializedName: string_putMbcs
        url: /string/mbcs
      - defaultResponse:
          body: *ref_0
          isNullable: true
        deprecated: false
        description: >-
          Get string value with leading and trailing whitespace
          '<tab><space><space>Now is the time for all good men to come to the
          aid of their country<tab><space><space>'
        group:
          fixed: false
          raw: string
        hidden: false
        httpMethod: get
        isAbsoluteUrl: false
        name:
          fixed: false
          raw: getWhitespace
        requestContentType: application/json; charset=utf-8
        responseContentTypes:
          - application/json
        responses:
          OK:
            body: &ref_4
              $type: EnumType
              deprecated: false
              oldModelAsString: true
              modelAsString: true
              name:
                fixed: false
                raw: ''
              underlyingType:
                $type: PrimaryType
                deprecated: false
                knownPrimaryType: string
                name:
                  fixed: false
                  raw: String
              values:
                - name: '    Now is the time for all good men to come to the aid of their country    '
                  serializedName: '    Now is the time for all good men to come to the aid of their country    '
            isNullable: true
        returnType:
          body: *ref_4
          isNullable: true
        serializedName: string_getWhitespace
        url: /string/whitespace
      - defaultResponse:
          body: *ref_0
          isNullable: true
        deprecated: false
        description: >-
          Set String value with leading and trailing whitespace
          '<tab><space><space>Now is the time for all good men to come to the
          aid of their country<tab><space><space>'
        extensions:
          x-ms-requestBody-index: '0'
        group:
          fixed: false
          raw: string
        hidden: false
        httpMethod: put
        isAbsoluteUrl: false
        name:
          fixed: false
          raw: putWhitespace
        parameters:
          - collectionFormat: none
            defaultValue:
              fixed: false
            deprecated: false
            documentation:
              fixed: false
            extensions:
              x-ms-requestBody-name: stringBody
            isConstant: false
            isRequired: true
            location: body
            modelType:
              $type: PrimaryType
              deprecated: false
              knownPrimaryType: string
              name:
                fixed: false
                raw: String
            name:
              fixed: false
              raw: stringBody
            serializedName: stringBody
        requestContentType: application/json; charset=utf-8
        responseContentTypes:
          - application/json
        responses:
          OK:
            isNullable: true
        returnType:
          isNullable: true
        serializedName: string_putWhitespace
        url: /string/whitespace
      - defaultResponse:
          body: *ref_0
          isNullable: true
        deprecated: false
        description: Get String value when no string value is sent in response payload
        group:
          fixed: false
          raw: string
        hidden: false
        httpMethod: get
        isAbsoluteUrl: false
        name:
          fixed: false
          raw: getNotProvided
        requestContentType: application/json; charset=utf-8
        responseContentTypes:
          - application/json
        responses:
          OK:
            body: &ref_5
              $type: PrimaryType
              deprecated: false
              knownPrimaryType: string
              name:
                fixed: false
                raw: String
            isNullable: true
        returnType:
          body: *ref_5
          isNullable: true
        serializedName: string_getNotProvided
        url: /string/notProvided
      - defaultResponse:
          body: *ref_0
          isNullable: true
        deprecated: false
        description: Get value that is base64 encoded
        group:
          fixed: false
          raw: string
        hidden: false
        httpMethod: get
        isAbsoluteUrl: false
        name:
          fixed: false
          raw: getBase64Encoded
        requestContentType: application/json; charset=utf-8
        responseContentTypes:
          - application/json
        responses:
          OK:
            body: &ref_6
              $type: PrimaryType
              deprecated: false
              format: base64url
              knownPrimaryType: base64Url
              name:
                fixed: false
                raw: Base64Url
            isNullable: true
        returnType:
          body: *ref_6
          isNullable: true
        serializedName: string_getBase64Encoded
        url: /string/base64Encoding
      - defaultResponse:
          body: *ref_0
          isNullable: true
        deprecated: false
        description: Get value that is base64url encoded
        group:
          fixed: false
          raw: string
        hidden: false
        httpMethod: get
        isAbsoluteUrl: false
        name:
          fixed: false
          raw: getBase64UrlEncoded
        requestContentType: application/json; charset=utf-8
        responseContentTypes:
          - application/json
        responses:
          OK:
            body: &ref_7
              $type: PrimaryType
              deprecated: false
              format: base64url
              knownPrimaryType: base64Url
              name:
                fixed: false
                raw: Base64Url
            isNullable: true
        returnType:
          body: *ref_7
          isNullable: true
        serializedName: string_getBase64UrlEncoded
        url: /string/base64UrlEncoding
      - defaultResponse:
          body: *ref_0
          isNullable: true
        deprecated: false
        description: Put value that is base64url encoded
        extensions:
          x-ms-requestBody-index: '0'
        group:
          fixed: false
          raw: string
        hidden: false
        httpMethod: put
        isAbsoluteUrl: false
        name:
          fixed: false
          raw: putBase64UrlEncoded
        parameters:
          - collectionFormat: none
            defaultValue:
              fixed: false
            deprecated: false
            documentation:
              fixed: false
            extensions:
              x-ms-requestBody-name: stringBody
            isConstant: false
            isRequired: true
            location: body
            modelType:
              $type: PrimaryType
              deprecated: false
              format: base64url
              knownPrimaryType: base64Url
              name:
                fixed: false
                raw: Base64Url
            name:
              fixed: false
              raw: stringBody
            serializedName: stringBody
        requestContentType: application/json; charset=utf-8
        responseContentTypes:
          - application/json
        responses:
          OK:
            isNullable: true
        returnType:
          isNullable: true
        serializedName: string_putBase64UrlEncoded
        url: /string/base64UrlEncoding
      - defaultResponse:
          body: *ref_0
          isNullable: true
        deprecated: false
        description: Get null value that is expected to be base64url encoded
        group:
          fixed: false
          raw: string
        hidden: false
        httpMethod: get
        isAbsoluteUrl: false
        name:
          fixed: false
          raw: getNullBase64UrlEncoded
        requestContentType: application/json; charset=utf-8
        responseContentTypes:
          - application/json
        responses:
          OK:
            body: &ref_8
              $type: PrimaryType
              deprecated: false
              format: base64url
              knownPrimaryType: base64Url
              name:
                fixed: false
                raw: Base64Url
            isNullable: true
        returnType:
          body: *ref_8
          isNullable: true
        serializedName: string_getNullBase64UrlEncoded
        url: /string/nullBase64UrlEncoding
    name:
      fixed: false
      raw: String
    nameForProperty: String
    typeName:
      fixed: false
  - methods:
      - defaultResponse:
          body: *ref_0
          isNullable: true
        deprecated: false
        description: >-
          Get enum value 'red color' from enumeration of 'red color',
          'green-color', 'blue_color'.
        group:
          fixed: false
          raw: enum
        hidden: false
        httpMethod: get
        isAbsoluteUrl: false
        name:
          fixed: false
          raw: getNotExpandable
        requestContentType: application/json; charset=utf-8
        responseContentTypes:
          - application/json
        responses:
          OK:
            body: *ref_9
            isNullable: true
        returnType:
          body: *ref_9
          isNullable: true
        serializedName: enum_getNotExpandable
        url: /string/enum/notExpandable
      - defaultResponse:
          body: *ref_0
          isNullable: true
        deprecated: false
        description: >-
          Sends value 'red color' from enumeration of 'red color',
          'green-color', 'blue_color'
        extensions:
          x-ms-requestBody-index: '0'
        group:
          fixed: false
          raw: enum
        hidden: false
        httpMethod: put
        isAbsoluteUrl: false
        name:
          fixed: false
          raw: putNotExpandable
        parameters:
          - collectionFormat: none
            defaultValue:
              fixed: false
            deprecated: false
            documentation:
              fixed: false
            extensions:
              x-ms-requestBody-name: stringBody
            isConstant: false
            isRequired: true
            location: body
            modelType: *ref_9
            name:
              fixed: false
              raw: stringBody
            serializedName: stringBody
        requestContentType: application/json; charset=utf-8
        responseContentTypes:
          - application/json
        responses:
          OK:
            isNullable: true
        returnType:
          isNullable: true
        serializedName: enum_putNotExpandable
        url: /string/enum/notExpandable
      - defaultResponse:
          body: *ref_0
          isNullable: true
        deprecated: false
        description: >-
          Get enum value 'red color' from enumeration of 'red color',
          'green-color', 'blue_color'.
        group:
          fixed: false
          raw: enum
        hidden: false
        httpMethod: get
        isAbsoluteUrl: false
        name:
          fixed: false
          raw: getReferenced
        requestContentType: application/json; charset=utf-8
        responseContentTypes:
          - application/json
        responses:
          OK:
            body: *ref_9
            isNullable: true
        returnType:
          body: *ref_9
          isNullable: true
        serializedName: enum_getReferenced
        url: /string/enum/Referenced
      - defaultResponse:
          body: *ref_0
          isNullable: true
        deprecated: false
        description: >-
          Sends value 'red color' from enumeration of 'red color',
          'green-color', 'blue_color'
        extensions:
          x-ms-requestBody-index: '0'
        group:
          fixed: false
          raw: enum
        hidden: false
        httpMethod: put
        isAbsoluteUrl: false
        name:
          fixed: false
          raw: putReferenced
        parameters:
          - collectionFormat: none
            defaultValue:
              fixed: false
            deprecated: false
            documentation:
              fixed: false
            extensions:
              x-ms-requestBody-name: enumStringBody
            isConstant: false
            isRequired: true
            location: body
            modelType: *ref_9
            name:
              fixed: false
              raw: enumStringBody
            serializedName: enumStringBody
        requestContentType: application/json; charset=utf-8
        responseContentTypes:
          - application/json
        responses:
          OK:
            isNullable: true
        returnType:
          isNullable: true
        serializedName: enum_putReferenced
        url: /string/enum/Referenced
      - defaultResponse:
          body: *ref_0
          isNullable: true
        deprecated: false
        description: Get value 'green-color' from the constant.
        group:
          fixed: false
          raw: enum
        hidden: false
        httpMethod: get
        isAbsoluteUrl: false
        name:
          fixed: false
          raw: getReferencedConstant
        requestContentType: application/json; charset=utf-8
        responseContentTypes:
          - application/json
        responses:
          OK:
            body: *ref_10
            isNullable: true
        returnType:
          body: *ref_10
          isNullable: true
        serializedName: enum_getReferencedConstant
        url: /string/enum/ReferencedConstant
      - defaultResponse:
          body: *ref_0
          isNullable: true
        deprecated: false
        description: Sends value 'green-color' from a constant
        extensions:
          x-ms-requestBody-index: '0'
        group:
          fixed: false
          raw: enum
        hidden: false
        httpMethod: put
        isAbsoluteUrl: false
        name:
          fixed: false
          raw: putReferencedConstant
        parameters:
          - collectionFormat: none
            defaultValue:
              fixed: false
            deprecated: false
            documentation:
              fixed: false
            extensions:
              x-ms-requestBody-name: enumStringBody
            isConstant: false
            isRequired: true
            location: body
            modelType: *ref_10
            name:
              fixed: false
              raw: enumStringBody
            serializedName: enumStringBody
        requestContentType: application/json; charset=utf-8
        responseContentTypes:
          - application/json
        responses:
          OK:
            isNullable: true
        returnType:
          isNullable: true
        serializedName: enum_putReferencedConstant
        url: /string/enum/ReferencedConstant
    name:
      fixed: false
      raw: Enum
    nameForProperty: Enum
    typeName:
      fixed: false
