---
apiVersion: '2016-09-01'
baseUrl: 'http://localhost'
codeGenExtensions:
  syncMethods: None
  useDateTimeOffset: true
documentation: >-
  Client that can be used to query an Azure Search index and upload, merge, or
  delete documents.
enumTypes:
  - $type: EnumType
    deprecated: false
    modelAsString: false
    name:
      fixed: false
      raw: IndexActionType
    oldModelAsString: false
    underlyingType:
      $type: PrimaryType
      deprecated: false
      knownPrimaryType: string
      name:
        fixed: false
        raw: String
    values:
      - name: upload
        serializedName: upload
      - name: merge
        serializedName: merge
      - name: mergeOrUpload
        serializedName: mergeOrUpload
      - name: delete
        serializedName: delete
  - $type: EnumType
    deprecated: false
    modelAsString: false
    name:
      fixed: false
      raw: SearchMode
    oldModelAsString: false
    underlyingType:
      $type: PrimaryType
      deprecated: false
      knownPrimaryType: string
      name:
        fixed: false
        raw: String
    values:
      - name: any
        serializedName: any
      - name: all
        serializedName: all
  - $type: EnumType
    deprecated: false
    modelAsString: false
    name:
      fixed: false
      raw: QueryType
    oldModelAsString: false
    underlyingType:
      $type: PrimaryType
      deprecated: false
      knownPrimaryType: string
      name:
        fixed: false
        raw: String
    values:
      - name: simple
        serializedName: simple
      - name: full
        serializedName: full
modelsName: Models
name: SearchIndexClient
namespace: ''
operations:
  - methods:
      - defaultResponse:
          isNullable: true
        deprecated: false
        description: Queries the number of documents in the Azure Search index.
        extensions:
          x-ms-request-id: request-id
        externalDocsUrl: 'https://docs.microsoft.com/rest/api/searchservice/Count-Documents'
        group:
          fixed: false
          raw: DocumentsProxy
        hidden: false
        httpMethod: get
        isAbsoluteUrl: false
        name:
          fixed: false
          raw: Count
        parameters:
          - collectionFormat: none
            defaultValue:
              fixed: false
            deprecated: false
            documentation:
              fixed: false
              raw: The tracking ID sent with the request to help with debugging.
            extensions:
              x-ms-client-request-id: true
              x-ms-parameter-grouping:
                name: search-request-options
            isConstant: false
            isRequired: false
            location: header
            modelType:
              $type: PrimaryType
              deprecated: false
              format: uuid
              knownPrimaryType: uuid
              name:
                fixed: false
                raw: Uuid
            name:
              fixed: false
              raw: client-request-id
            serializedName: client-request-id
          - clientProperty: &ref_1
              collectionFormat: none
              defaultValue:
                fixed: false
              deprecated: false
              documentation:
                fixed: false
                raw: Client Api Version.
              isConstant: false
              isReadOnly: false
              isRequired: true
              modelType:
                $type: PrimaryType
                deprecated: false
                knownPrimaryType: string
                name:
                  fixed: false
                  raw: String
              name:
                fixed: false
                raw: api-version
              realPath:
                - api-version
              serializedName: api-version
            collectionFormat: none
            defaultValue:
              fixed: false
            deprecated: false
            documentation:
              fixed: false
              raw: Client Api Version.
            isConstant: false
            isRequired: true
            location: query
            modelType:
              $type: PrimaryType
              deprecated: false
              knownPrimaryType: string
              name:
                fixed: false
                raw: String
            name:
              fixed: false
              raw: api-version
            serializedName: api-version
        requestContentType: application/json; charset=utf-8
        responseContentTypes:
          - application/json
        responses:
          OK:
            body: &ref_0
              $type: PrimaryType
              deprecated: false
              format: int64
              knownPrimaryType: long
              name:
                fixed: false
                raw: Long
            isNullable: true
        returnType:
          body: *ref_0
          isNullable: true
        serializedName: DocumentsProxy_Count
        url: /docs/$count
    name:
      fixed: false
      raw: DocumentsProxy
    nameForProperty: DocumentsProxy
    typeName:
      fixed: false
properties:
  - *ref_1
