---
$id: '1'
apiVersion: '2016-09-01'
baseUrl: 'http://localhost'
codeGenExtensions:
  syncMethods: None
  useDateTimeOffset: true
documentation: >-
  Client that can be used to query an Azure Search index and upload, merge, or
  delete documents.
enumTypes:
  - $id: '220'
    $type: EnumType
    deprecated: false
    oldModelAsString: true
    modelAsString: false
    name:
      $id: '227'
      fixed: false
      raw: IndexActionType
    underlyingType:
      $id: '225'
      $type: PrimaryType
      deprecated: false
      knownPrimaryType: string
      name:
        $id: '226'
        fixed: false
        raw: String
    values:
      - $id: '221'
        name: upload
        serializedName: upload
      - $id: '222'
        name: merge
        serializedName: merge
      - $id: '223'
        name: mergeOrUpload
        serializedName: mergeOrUpload
      - $id: '224'
        name: delete
        serializedName: delete
  - $ref: '127'
  - $ref: '91'
modelTypes:
  - $id: '2'
    $type: CompositeType
    containsConstantProperties: false
    deprecated: false
    documentation: Status of an indexing operation for a single document.
    extensions:
      x-ms-external: true
    name:
      $id: '27'
      fixed: false
      raw: IndexingResult
    properties:
      - $id: '3'
        collectionFormat: none
        defaultValue:
          $id: '4'
          fixed: false
        deprecated: false
        documentation:
          $id: '5'
          fixed: false
          raw: The key of a document that was in the indexing request.
        isConstant: false
        isReadOnly: true
        isRequired: false
        modelType:
          $id: '7'
          $type: PrimaryType
          deprecated: false
          knownPrimaryType: string
          name:
            $id: '8'
            fixed: false
            raw: String
        name:
          $id: '6'
          fixed: false
          raw: key
        realPath:
          - key
        serializedName: key
      - $id: '9'
        collectionFormat: none
        defaultValue:
          $id: '10'
          fixed: false
        deprecated: false
        documentation:
          $id: '11'
          fixed: false
          raw: >-
            The error message explaining why the indexing operation failed for
            the document identified by the key; null if indexing succeeded.
        isConstant: false
        isReadOnly: true
        isRequired: false
        modelType:
          $id: '13'
          $type: PrimaryType
          deprecated: false
          knownPrimaryType: string
          name:
            $id: '14'
            fixed: false
            raw: String
        name:
          $id: '12'
          fixed: false
          raw: errorMessage
        realPath:
          - errorMessage
        serializedName: errorMessage
      - $id: '15'
        collectionFormat: none
        defaultValue:
          $id: '16'
          fixed: false
        deprecated: false
        documentation:
          $id: '17'
          fixed: false
          raw: >-
            A value indicating whether the indexing operation succeeded for the
            document identified by the key.
        extensions:
          x-ms-client-name: Succeeded
        isConstant: false
        isReadOnly: true
        isRequired: false
        modelType:
          $id: '19'
          $type: PrimaryType
          deprecated: false
          knownPrimaryType: boolean
          name:
            $id: '20'
            fixed: false
            raw: Boolean
        name:
          $id: '18'
          fixed: false
          raw: status
        realPath:
          - status
        serializedName: status
      - $id: '21'
        collectionFormat: none
        defaultValue:
          $id: '22'
          fixed: false
        deprecated: false
        documentation:
          $id: '23'
          fixed: false
          raw: >-
            The status code of the indexing operation. Possible values include:
            200 for a successful update or delete, 201 for successful document
            creation, 400 for a malformed input document, 404 for document not
            found, 409 for a version conflict, 422 when the index is temporarily
            unavailable, or 503 for when the service is too busy.
        isConstant: false
        isReadOnly: true
        isRequired: false
        modelType:
          $id: '25'
          $type: PrimaryType
          deprecated: false
          format: int32
          knownPrimaryType: int
          name:
            $id: '26'
            fixed: false
            raw: Int
        name:
          $id: '24'
          fixed: false
          raw: statusCode
        realPath:
          - statusCode
        serializedName: statusCode
    serializedName: IndexingResult
  - $id: '28'
    $type: CompositeType
    containsConstantProperties: false
    deprecated: false
    documentation: >-
      Response containing the status of operations for all documents in the
      indexing request.
    name:
      $id: '35'
      fixed: false
      raw: DocumentIndexResult
    properties:
      - $id: '29'
        collectionFormat: none
        defaultValue:
          $id: '30'
          fixed: false
        deprecated: false
        documentation:
          $id: '31'
          fixed: false
          raw: >-
            The list of status information for each document in the indexing
            request.
        extensions:
          x-ms-client-name: Results
        isConstant: false
        isReadOnly: true
        isRequired: false
        modelType:
          $id: '33'
          $type: SequenceType
          deprecated: false
          elementType:
            $ref: '2'
          name:
            $id: '34'
            fixed: false
        name:
          $id: '32'
          fixed: false
          raw: value
        realPath:
          - value
        serializedName: value
    serializedName: DocumentIndexResult
  - $id: '36'
    $type: CompositeType
    containsConstantProperties: false
    deprecated: false
    documentation: >-
      Parameters for filtering, sorting, faceting, paging, and other search
      query behaviors.
    name:
      $id: '151'
      fixed: false
      raw: SearchParametersPayload
    properties:
      - $id: '37'
        collectionFormat: none
        defaultValue:
          $id: '38'
          fixed: false
        deprecated: false
        documentation:
          $id: '39'
          fixed: false
          raw: >-
            A value that specifies whether to fetch the total count of results.
            Default is false. Setting this value to true may have a performance
            impact. Note that the count returned is an approximation.
        isConstant: false
        isReadOnly: false
        isRequired: false
        modelType:
          $id: '41'
          $type: PrimaryType
          deprecated: false
          knownPrimaryType: boolean
          name:
            $id: '42'
            fixed: false
            raw: Boolean
        name:
          $id: '40'
          fixed: false
          raw: count
        realPath:
          - count
        serializedName: count
      - $id: '43'
        collectionFormat: none
        defaultValue:
          $id: '44'
          fixed: false
        deprecated: false
        documentation:
          $id: '45'
          fixed: false
          raw: >-
            The list of facet expressions to apply to the search query. Each
            facet expression contains a field name, optionally followed by a
            comma-separated list of name:value pairs.
        isConstant: false
        isReadOnly: false
        isRequired: false
        modelType:
          $id: '47'
          $type: SequenceType
          deprecated: false
          elementType:
            $id: '48'
            $type: PrimaryType
            deprecated: false
            knownPrimaryType: string
            name:
              $id: '49'
              fixed: false
              raw: String
          name:
            $id: '50'
            fixed: false
        name:
          $id: '46'
          fixed: false
          raw: facets
        realPath:
          - facets
        serializedName: facets
      - $id: '51'
        collectionFormat: none
        defaultValue:
          $id: '52'
          fixed: false
        deprecated: false
        documentation:
          $id: '53'
          fixed: false
          raw: The OData $filter expression to apply to the search query.
        isConstant: false
        isReadOnly: false
        isRequired: false
        modelType:
          $id: '55'
          $type: PrimaryType
          deprecated: false
          knownPrimaryType: string
          name:
            $id: '56'
            fixed: false
            raw: String
        name:
          $id: '54'
          fixed: false
          raw: filter
        realPath:
          - filter
        serializedName: filter
      - $id: '57'
        collectionFormat: none
        defaultValue:
          $id: '58'
          fixed: false
        deprecated: false
        documentation:
          $id: '59'
          fixed: false
          raw: >-
            The comma-separated list of field names to use for hit highlights.
            Only searchable fields can be used for hit highlighting.
        isConstant: false
        isReadOnly: false
        isRequired: false
        modelType:
          $id: '61'
          $type: PrimaryType
          deprecated: false
          knownPrimaryType: string
          name:
            $id: '62'
            fixed: false
            raw: String
        name:
          $id: '60'
          fixed: false
          raw: highlight
        realPath:
          - highlight
        serializedName: highlight
      - $id: '63'
        collectionFormat: none
        defaultValue:
          $id: '64'
          fixed: false
        deprecated: false
        documentation:
          $id: '65'
          fixed: false
          raw: >-
            A string tag that is appended to hit highlights. Must be set with
            HighlightPreTag. Default is &lt;/em&gt;.
        isConstant: false
        isReadOnly: false
        isRequired: false
        modelType:
          $id: '67'
          $type: PrimaryType
          deprecated: false
          knownPrimaryType: string
          name:
            $id: '68'
            fixed: false
            raw: String
        name:
          $id: '66'
          fixed: false
          raw: highlightPostTag
        realPath:
          - highlightPostTag
        serializedName: highlightPostTag
      - $id: '69'
        collectionFormat: none
        defaultValue:
          $id: '70'
          fixed: false
        deprecated: false
        documentation:
          $id: '71'
          fixed: false
          raw: >-
            A string tag that is prepended to hit highlights. Must be set with
            HighlightPostTag. Default is &lt;em&gt;.
        isConstant: false
        isReadOnly: false
        isRequired: false
        modelType:
          $id: '73'
          $type: PrimaryType
          deprecated: false
          knownPrimaryType: string
          name:
            $id: '74'
            fixed: false
            raw: String
        name:
          $id: '72'
          fixed: false
          raw: highlightPreTag
        realPath:
          - highlightPreTag
        serializedName: highlightPreTag
      - $id: '75'
        collectionFormat: none
        defaultValue:
          $id: '76'
          fixed: false
        deprecated: false
        documentation:
          $id: '77'
          fixed: false
          raw: >-
            A number between 0 and 100 indicating the percentage of the index
            that must be covered by a search query in order for the query to be
            reported as a success. This parameter can be useful for ensuring
            search availability even for services with only one replica. The
            default is 100.
        isConstant: false
        isReadOnly: false
        isRequired: false
        modelType:
          $id: '79'
          $type: PrimaryType
          deprecated: false
          format: double
          knownPrimaryType: double
          name:
            $id: '80'
            fixed: false
            raw: Double
        name:
          $id: '78'
          fixed: false
          raw: minimumCoverage
        realPath:
          - minimumCoverage
        serializedName: minimumCoverage
      - $id: '81'
        collectionFormat: none
        defaultValue:
          $id: '82'
          fixed: false
        deprecated: false
        documentation:
          $id: '83'
          fixed: false
          raw: >-
            The comma-separated list of OData $orderby expressions by which to
            sort the results. Each expression can be either a field name or a
            call to the geo.distance() function. Each expression can be followed
            by asc to indicate ascending, and desc to indicate descending. The
            default is ascending order. Ties will be broken by the match scores
            of documents. If no OrderBy is specified, the default sort order is
            descending by document match score. There can be at most 32 Orderby
            clauses.
        extensions:
          x-ms-client-name: OrderBy
        isConstant: false
        isReadOnly: false
        isRequired: false
        modelType:
          $id: '85'
          $type: PrimaryType
          deprecated: false
          knownPrimaryType: string
          name:
            $id: '86'
            fixed: false
            raw: String
        name:
          $id: '84'
          fixed: false
          raw: orderby
        realPath:
          - orderby
        serializedName: orderby
      - $id: '87'
        collectionFormat: none
        defaultValue:
          $id: '88'
          fixed: false
        deprecated: false
        documentation:
          $id: '89'
          fixed: false
          raw: >-
            Gets or sets a value that specifies the syntax of the search query.
            The default is 'simple'. Use 'full' if your query uses the Lucene
            query syntax.
        extensions:
          x-ms-enum:
            name: QueryType
        isConstant: false
        isReadOnly: false
        isRequired: false
        modelType:
          $id: '91'
          $type: EnumType
          deprecated: false
          oldModelAsString: true
          modelAsString: false
          name:
            $id: '96'
            fixed: false
            raw: QueryType
          underlyingType:
            $id: '94'
            $type: PrimaryType
            deprecated: false
            knownPrimaryType: string
            name:
              $id: '95'
              fixed: false
              raw: String
          values:
            - $id: '92'
              name: simple
              serializedName: simple
            - $id: '93'
              name: full
              serializedName: full
        name:
          $id: '90'
          fixed: false
          raw: queryType
        realPath:
          - queryType
        serializedName: queryType
      - $id: '97'
        collectionFormat: none
        defaultValue:
          $id: '98'
          fixed: false
        deprecated: false
        documentation:
          $id: '99'
          fixed: false
          raw: >-
            The list of parameter values to be used in scoring functions (for
            example, referencePointParameter) using the format name:value. For
            example, if the scoring profile defines a function with a parameter
            called 'mylocation' the parameter string would be
            "mylocation:-122.2,44.8"(without the quotes).
        isConstant: false
        isReadOnly: false
        isRequired: false
        modelType:
          $id: '101'
          $type: SequenceType
          deprecated: false
          elementType:
            $id: '102'
            $type: PrimaryType
            deprecated: false
            knownPrimaryType: string
            name:
              $id: '103'
              fixed: false
              raw: String
          name:
            $id: '104'
            fixed: false
        name:
          $id: '100'
          fixed: false
          raw: scoringParameters
        realPath:
          - scoringParameters
        serializedName: scoringParameters
      - $id: '105'
        collectionFormat: none
        defaultValue:
          $id: '106'
          fixed: false
        deprecated: false
        documentation:
          $id: '107'
          fixed: false
          raw: >-
            The name of a scoring profile to evaluate match scores for matching
            documents in order to sort the results.
        isConstant: false
        isReadOnly: false
        isRequired: false
        modelType:
          $id: '109'
          $type: PrimaryType
          deprecated: false
          knownPrimaryType: string
          name:
            $id: '110'
            fixed: false
            raw: String
        name:
          $id: '108'
          fixed: false
          raw: scoringProfile
        realPath:
          - scoringProfile
        serializedName: scoringProfile
      - $id: '111'
        collectionFormat: none
        defaultValue:
          $id: '112'
          fixed: false
        deprecated: false
        documentation:
          $id: '113'
          fixed: false
          raw: >-
            A full-text search query expression; Use null or "*" to match all
            documents.
        isConstant: false
        isReadOnly: false
        isRequired: false
        modelType:
          $id: '115'
          $type: PrimaryType
          deprecated: false
          knownPrimaryType: string
          name:
            $id: '116'
            fixed: false
            raw: String
        name:
          $id: '114'
          fixed: false
          raw: search
        realPath:
          - search
        serializedName: search
      - $id: '117'
        collectionFormat: none
        defaultValue:
          $id: '118'
          fixed: false
        deprecated: false
        documentation:
          $id: '119'
          fixed: false
          raw: >-
            The comma-separated list of field names to include in the full-text
            search.
        isConstant: false
        isReadOnly: false
        isRequired: false
        modelType:
          $id: '121'
          $type: PrimaryType
          deprecated: false
          knownPrimaryType: string
          name:
            $id: '122'
            fixed: false
            raw: String
        name:
          $id: '120'
          fixed: false
          raw: searchFields
        realPath:
          - searchFields
        serializedName: searchFields
      - $id: '123'
        collectionFormat: none
        defaultValue:
          $id: '124'
          fixed: false
        deprecated: false
        documentation:
          $id: '125'
          fixed: false
          raw: >-
            A value that specifies whether any or all of the search terms must
            be matched in order to count the document as a match.
        extensions:
          x-ms-enum:
            name: SearchMode
        isConstant: false
        isReadOnly: false
        isRequired: false
        modelType:
          $id: '127'
          $type: EnumType
          deprecated: false
          oldModelAsString: true
          modelAsString: false
          name:
            $id: '132'
            fixed: false
            raw: SearchMode
          underlyingType:
            $id: '130'
            $type: PrimaryType
            deprecated: false
            knownPrimaryType: string
            name:
              $id: '131'
              fixed: false
              raw: String
          values:
            - $id: '128'
              name: any
              serializedName: any
            - $id: '129'
              name: all
              serializedName: all
        name:
          $id: '126'
          fixed: false
          raw: searchMode
        realPath:
          - searchMode
        serializedName: searchMode
      - $id: '133'
        collectionFormat: none
        defaultValue:
          $id: '134'
          fixed: false
        deprecated: false
        documentation:
          $id: '135'
          fixed: false
          raw: >-
            The comma-separated list of fields to retrieve. If unspecified, all
            fields marked as retrievable in the schema are included.
        isConstant: false
        isReadOnly: false
        isRequired: false
        modelType:
          $id: '137'
          $type: PrimaryType
          deprecated: false
          knownPrimaryType: string
          name:
            $id: '138'
            fixed: false
            raw: String
        name:
          $id: '136'
          fixed: false
          raw: select
        realPath:
          - select
        serializedName: select
      - $id: '139'
        collectionFormat: none
        defaultValue:
          $id: '140'
          fixed: false
        deprecated: false
        documentation:
          $id: '141'
          fixed: false
          raw: >-
            The number of search results to skip. This value cannot be greater
            than 100,000. If you need to scan documents in sequence, but cannot
            use Skip due to this limitation, consider using OrderBy on a
            totally-ordered key and Filter with a range query instead.
        isConstant: false
        isReadOnly: false
        isRequired: false
        modelType:
          $id: '143'
          $type: PrimaryType
          deprecated: false
          format: int32
          knownPrimaryType: int
          name:
            $id: '144'
            fixed: false
            raw: Int
        name:
          $id: '142'
          fixed: false
          raw: skip
        realPath:
          - skip
        serializedName: skip
      - $id: '145'
        collectionFormat: none
        defaultValue:
          $id: '146'
          fixed: false
        deprecated: false
        documentation:
          $id: '147'
          fixed: false
          raw: >-
            The number of search results to retrieve. This can be used in
            conjunction with Skip to implement client-side paging of search
            results. If results are truncated due to server-side paging, the
            response will include a continuation token that can be passed to
            ContinueSearch to retrieve the next page of results. See
            DocumentSearchResponse.ContinuationToken for more information.
        isConstant: false
        isReadOnly: false
        isRequired: false
        modelType:
          $id: '149'
          $type: PrimaryType
          deprecated: false
          format: int32
          knownPrimaryType: int
          name:
            $id: '150'
            fixed: false
            raw: Int
        name:
          $id: '148'
          fixed: false
          raw: top
        realPath:
          - top
        serializedName: top
    serializedName: SearchParametersPayload
  - $id: '152'
    $type: CompositeType
    containsConstantProperties: false
    deprecated: false
    documentation: >-
      Parameters for filtering, sorting, fuzzy matching, and other suggestions
      query behaviors.
    name:
      $id: '219'
      fixed: false
      raw: SuggestParametersPayload
    properties:
      - $id: '153'
        collectionFormat: none
        defaultValue:
          $id: '154'
          fixed: false
        deprecated: false
        documentation:
          $id: '155'
          fixed: false
          raw: The OData $filter expression to apply to the suggestions query.
        isConstant: false
        isReadOnly: false
        isRequired: false
        modelType:
          $id: '157'
          $type: PrimaryType
          deprecated: false
          knownPrimaryType: string
          name:
            $id: '158'
            fixed: false
            raw: String
        name:
          $id: '156'
          fixed: false
          raw: filter
        realPath:
          - filter
        serializedName: filter
      - $id: '159'
        collectionFormat: none
        defaultValue:
          $id: '160'
          fixed: false
        deprecated: false
        documentation:
          $id: '161'
          fixed: false
          raw: >-
            A value indicating whether to use fuzzy matching for the suggestion
            query. Default is false. when set to true, the query will find
            suggestions even if there's a substituted or missing character in
            the search text. While this provides a better experience in some
            scenarios it comes at a performance cost as fuzzy suggestion
            searches are slower and consume more resources.
        isConstant: false
        isReadOnly: false
        isRequired: false
        modelType:
          $id: '163'
          $type: PrimaryType
          deprecated: false
          knownPrimaryType: boolean
          name:
            $id: '164'
            fixed: false
            raw: Boolean
        name:
          $id: '162'
          fixed: false
          raw: fuzzy
        realPath:
          - fuzzy
        serializedName: fuzzy
      - $id: '165'
        collectionFormat: none
        defaultValue:
          $id: '166'
          fixed: false
        deprecated: false
        documentation:
          $id: '167'
          fixed: false
          raw: >-
            A string tag that is appended to hit highlights. Must be set with
            HighlightPreTag. If omitted, hit highlighting of suggestions is
            disabled.
        isConstant: false
        isReadOnly: false
        isRequired: false
        modelType:
          $id: '169'
          $type: PrimaryType
          deprecated: false
          knownPrimaryType: string
          name:
            $id: '170'
            fixed: false
            raw: String
        name:
          $id: '168'
          fixed: false
          raw: highlightPostTag
        realPath:
          - highlightPostTag
        serializedName: highlightPostTag
      - $id: '171'
        collectionFormat: none
        defaultValue:
          $id: '172'
          fixed: false
        deprecated: false
        documentation:
          $id: '173'
          fixed: false
          raw: >-
            A string tag that is prepended to hit highlights. Must be set with
            HighlightPostTag. If omitted, hit highlighting of suggestions is
            disabled.
        isConstant: false
        isReadOnly: false
        isRequired: false
        modelType:
          $id: '175'
          $type: PrimaryType
          deprecated: false
          knownPrimaryType: string
          name:
            $id: '176'
            fixed: false
            raw: String
        name:
          $id: '174'
          fixed: false
          raw: highlightPreTag
        realPath:
          - highlightPreTag
        serializedName: highlightPreTag
      - $id: '177'
        collectionFormat: none
        defaultValue:
          $id: '178'
          fixed: false
        deprecated: false
        documentation:
          $id: '179'
          fixed: false
          raw: >-
            A number between 0 and 100 indicating the percentage of the index
            that must be covered by a suggestion query in order for the query to
            be reported as a success. This parameter can be useful for ensuring
            search availability even for services with only one replica. The
            default is 80.
        isConstant: false
        isReadOnly: false
        isRequired: false
        modelType:
          $id: '181'
          $type: PrimaryType
          deprecated: false
          format: double
          knownPrimaryType: double
          name:
            $id: '182'
            fixed: false
            raw: Double
        name:
          $id: '180'
          fixed: false
          raw: minimumCoverage
        realPath:
          - minimumCoverage
        serializedName: minimumCoverage
      - $id: '183'
        collectionFormat: none
        defaultValue:
          $id: '184'
          fixed: false
        deprecated: false
        documentation:
          $id: '185'
          fixed: false
          raw: >-
            The comma-separated list of OData $orderby expressions by which to
            sort the results. Each expression can be either a field name or a
            call to the geo.distance() function. Each expression can be followed
            by asc to indicate ascending, and desc to indicate descending. The
            default is ascending order. Ties will be broken by the match scores
            of documents. If no OrderBy is specified, the default sort order is
            descending by document match score. There can be at most 32 Orderby
            clauses.
        extensions:
          x-ms-client-name: OrderBy
        isConstant: false
        isReadOnly: false
        isRequired: false
        modelType:
          $id: '187'
          $type: PrimaryType
          deprecated: false
          knownPrimaryType: string
          name:
            $id: '188'
            fixed: false
            raw: String
        name:
          $id: '186'
          fixed: false
          raw: orderby
        realPath:
          - orderby
        serializedName: orderby
      - $id: '189'
        collectionFormat: none
        defaultValue:
          $id: '190'
          fixed: false
        deprecated: false
        documentation:
          $id: '191'
          fixed: false
          raw: The search text on which to base suggestions.
        isConstant: false
        isReadOnly: false
        isRequired: false
        modelType:
          $id: '193'
          $type: PrimaryType
          deprecated: false
          knownPrimaryType: string
          name:
            $id: '194'
            fixed: false
            raw: String
        name:
          $id: '192'
          fixed: false
          raw: search
        realPath:
          - search
        serializedName: search
      - $id: '195'
        collectionFormat: none
        defaultValue:
          $id: '196'
          fixed: false
        deprecated: false
        documentation:
          $id: '197'
          fixed: false
          raw: >-
            The comma-separated list of field names to consider when querying
            for suggestions.
        isConstant: false
        isReadOnly: false
        isRequired: false
        modelType:
          $id: '199'
          $type: PrimaryType
          deprecated: false
          knownPrimaryType: string
          name:
            $id: '200'
            fixed: false
            raw: String
        name:
          $id: '198'
          fixed: false
          raw: searchFields
        realPath:
          - searchFields
        serializedName: searchFields
      - $id: '201'
        collectionFormat: none
        defaultValue:
          $id: '202'
          fixed: false
        deprecated: false
        documentation:
          $id: '203'
          fixed: false
          raw: >-
            The comma-separated list of fields to retrieve. If unspecified, all
            fields marked as retrievable in the schema are included.
        isConstant: false
        isReadOnly: false
        isRequired: false
        modelType:
          $id: '205'
          $type: PrimaryType
          deprecated: false
          knownPrimaryType: string
          name:
            $id: '206'
            fixed: false
            raw: String
        name:
          $id: '204'
          fixed: false
          raw: select
        realPath:
          - select
        serializedName: select
      - $id: '207'
        collectionFormat: none
        defaultValue:
          $id: '208'
          fixed: false
        deprecated: false
        documentation:
          $id: '209'
          fixed: false
          raw: >-
            The name of the suggester as specified in the suggesters collection
            that's part of the index definition.
        isConstant: false
        isReadOnly: false
        isRequired: false
        modelType:
          $id: '211'
          $type: PrimaryType
          deprecated: false
          knownPrimaryType: string
          name:
            $id: '212'
            fixed: false
            raw: String
        name:
          $id: '210'
          fixed: false
          raw: suggesterName
        realPath:
          - suggesterName
        serializedName: suggesterName
      - $id: '213'
        collectionFormat: none
        defaultValue:
          $id: '214'
          fixed: false
        deprecated: false
        documentation:
          $id: '215'
          fixed: false
          raw: >-
            The number of suggestions to retrieve. This must be a value between
            1 and 100. The default is to 5.
        isConstant: false
        isReadOnly: false
        isRequired: false
        modelType:
          $id: '217'
          $type: PrimaryType
          deprecated: false
          format: int32
          knownPrimaryType: int
          name:
            $id: '218'
            fixed: false
            raw: Int
        name:
          $id: '216'
          fixed: false
          raw: top
        realPath:
          - top
        serializedName: top
    serializedName: SuggestParametersPayload
modelsName: Models
name: SearchIndexClient
namespace: ''
operations:
  - $id: '234'
    methods:
      - $id: '235'
        defaultResponse:
          $id: '253'
          isNullable: true
        deprecated: false
        description: Queries the number of documents in the Azure Search index.
        extensions:
          x-ms-request-id: request-id
        externalDocsUrl: 'https://docs.microsoft.com/rest/api/searchservice/Count-Documents'
        group:
          $id: '249'
          fixed: false
          raw: DocumentsProxy
        hidden: false
        httpMethod: get
        isAbsoluteUrl: false
        name:
          $id: '248'
          fixed: false
          raw: Count
        parameters:
          - $id: '236'
            collectionFormat: none
            defaultValue:
              $id: '237'
              fixed: false
            deprecated: false
            documentation:
              $id: '238'
              fixed: false
              raw: The tracking ID sent with the request to help with debugging.
            extensions:
              x-ms-client-request-id: true
              x-ms-parameter-grouping:
                name: search-request-options
            isConstant: false
            isRequired: false
            location: header
            modelType:
              $id: '240'
              $type: PrimaryType
              deprecated: false
              format: uuid
              knownPrimaryType: uuid
              name:
                $id: '241'
                fixed: false
                raw: Uuid
            name:
              $id: '239'
              fixed: false
              raw: client-request-id
            serializedName: client-request-id
          - $id: '242'
            clientProperty:
              $ref: '228'
            collectionFormat: none
            defaultValue:
              $id: '243'
              fixed: false
            deprecated: false
            documentation:
              $id: '244'
              fixed: false
              raw: Client Api Version.
            isConstant: false
            isRequired: true
            location: query
            modelType:
              $id: '246'
              $type: PrimaryType
              deprecated: false
              knownPrimaryType: string
              name:
                $id: '247'
                fixed: false
                raw: String
            name:
              $id: '245'
              fixed: false
              raw: api-version
            serializedName: api-version
        requestContentType: application/json; charset=utf-8
        responseContentTypes:
          - application/json
        responses:
          OK:
            $id: '250'
            body:
              $id: '251'
              $type: PrimaryType
              deprecated: false
              format: int64
              knownPrimaryType: long
              name:
                $id: '252'
                fixed: false
                raw: Long
            isNullable: true
        returnType:
          $id: '254'
          body:
            $ref: '251'
          isNullable: true
        serializedName: DocumentsProxy_Count
        url: /docs/$count
    name:
      $id: '255'
      fixed: false
      raw: DocumentsProxy
    nameForProperty: DocumentsProxy
    typeName:
      $id: '256'
      fixed: false
properties:
  - $id: '228'
    collectionFormat: none
    defaultValue:
      $id: '229'
      fixed: false
    deprecated: false
    documentation:
      $id: '230'
      fixed: false
      raw: Client Api Version.
    isConstant: false
    isReadOnly: false
    isRequired: true
    modelType:
      $id: '232'
      $type: PrimaryType
      deprecated: false
      knownPrimaryType: string
      name:
        $id: '233'
        fixed: false
        raw: String
    name:
      $id: '231'
      fixed: false
      raw: api-version
    realPath:
      - api-version
    serializedName: api-version
