---
apiVersion: 2014-04-01-preview
baseUrl: 'https://management.azure.com'
documentation: Some cool documentation.
errorTypes:
  - $ref: '6'
modelTypes:
  - $id: '1'
    $type: CompositeType
    containsConstantProperties: false
    name:
      fixed: false
      raw: SampleResourceGroup
    properties:
      - $id: '2'
        collectionFormat: none
        defaultValue:
          fixed: false
        documentation:
          fixed: false
          raw: resource group name 'testgroup101'
        isConstant: false
        isReadOnly: false
        isRequired: false
        modelType:
          $id: '3'
          $type: PrimaryType
          knownPrimaryType: string
          name:
            fixed: false
            raw: String
        name:
          fixed: false
          raw: name
        realPath:
          - name
        serializedName: name
      - $id: '4'
        collectionFormat: none
        defaultValue:
          fixed: false
        documentation:
          fixed: false
          raw: resource group location 'West US'
        isConstant: false
        isReadOnly: false
        isRequired: false
        modelType:
          $id: '5'
          $type: PrimaryType
          knownPrimaryType: string
          name:
            fixed: false
            raw: String
        name:
          fixed: false
          raw: location
        realPath:
          - location
        serializedName: location
    serializedName: SampleResourceGroup
  - $id: '6'
    $type: CompositeType
    containsConstantProperties: false
    name:
      fixed: false
      raw: Error
    properties:
      - $id: '7'
        collectionFormat: none
        defaultValue:
          fixed: false
        documentation:
          fixed: false
        isConstant: false
        isReadOnly: false
        isRequired: false
        modelType:
          $id: '8'
          $type: PrimaryType
          format: int32
          knownPrimaryType: int
          name:
            fixed: false
            raw: Int
        name:
          fixed: false
          raw: code
        realPath:
          - code
        serializedName: code
      - $id: '9'
        collectionFormat: none
        defaultValue:
          fixed: false
        documentation:
          fixed: false
        isConstant: false
        isReadOnly: false
        isRequired: false
        modelType:
          $id: '10'
          $type: PrimaryType
          knownPrimaryType: string
          name:
            fixed: false
            raw: String
        name:
          fixed: false
          raw: message
        realPath:
          - message
        serializedName: message
    serializedName: Error
modelsName: Models
name: MicrosoftAzureTestUrl
namespace: ''
operations:
  - methods:
      - defaultResponse:
          body:
            $ref: '6'
          isNullable: true
        deprecated: false
        description: >-
          Provides a resouce group with name 'testgroup101' and location 'West
          US'.
        group:
          fixed: false
          raw: group
        hidden: false
        httpMethod: get
        isAbsoluteUrl: false
        name:
          fixed: false
          raw: getSampleResourceGroup
        parameters:
          - $id: '15'
            clientProperty:
              $ref: '11'
            collectionFormat: none
            defaultValue:
              fixed: false
            documentation:
              fixed: false
              raw: Subscription Id.
            isConstant: false
            isRequired: true
            location: path
            modelType:
              $id: '16'
              $type: PrimaryType
              knownPrimaryType: string
              name:
                fixed: false
                raw: String
            name:
              fixed: false
              raw: subscriptionId
            serializedName: subscriptionId
          - $id: '17'
            collectionFormat: none
            defaultValue:
              fixed: false
            documentation:
              fixed: false
              raw: Resource Group name 'testgroup101'.
            isConstant: false
            isRequired: true
            location: path
            modelType:
              $id: '18'
              $type: PrimaryType
              knownPrimaryType: string
              name:
                fixed: false
                raw: String
            name:
              fixed: false
              raw: resourceGroupName
            serializedName: resourceGroupName
          - $id: '19'
            clientProperty:
              $ref: '13'
            collectionFormat: none
            defaultValue:
              fixed: false
            documentation:
              fixed: false
              raw: API Version with value '2014-04-01-preview'.
            isConstant: false
            isRequired: true
            location: query
            modelType:
              $id: '20'
              $type: PrimaryType
              knownPrimaryType: string
              name:
                fixed: false
                raw: String
            name:
              fixed: false
              raw: api-version
            serializedName: api-version
        requestContentType: application/json; charset=utf-8
        responseContentTypes:
          - application/json
        responses:
          OK:
            body:
              $ref: '1'
            isNullable: true
        returnType:
          body:
            $ref: '1'
          isNullable: true
        serializedName: group_getSampleResourceGroup
        url: '/subscriptions/{subscriptionId}/resourcegroups/{resourceGroupName}'
    name:
      fixed: false
      raw: Group
    nameForProperty: Group
    typeName:
      fixed: false
properties:
  - $id: '11'
    collectionFormat: none
    defaultValue:
      fixed: false
    documentation:
      fixed: false
      raw: Subscription Id.
    isConstant: false
    isReadOnly: false
    isRequired: true
    modelType:
      $id: '12'
      $type: PrimaryType
      knownPrimaryType: string
      name:
        fixed: false
        raw: String
    name:
      fixed: false
      raw: subscriptionId
    realPath:
      - subscriptionId
    serializedName: subscriptionId
  - $id: '13'
    collectionFormat: none
    defaultValue:
      fixed: false
    documentation:
      fixed: false
      raw: API Version with value '2014-04-01-preview'.
    isConstant: false
    isReadOnly: false
    isRequired: true
    modelType:
      $id: '14'
      $type: PrimaryType
      knownPrimaryType: string
      name:
        fixed: false
        raw: String
    name:
      fixed: false
      raw: api-version
    realPath:
      - api-version
    serializedName: api-version
