---
apiVersion: 2014-04-01-preview
baseUrl: 'https://management.azure.com'
documentation: Some cool documentation.
errorTypes:
  - &ref_0
    $type: CompositeType
    containsConstantProperties: false
    deprecated: false
    name:
      fixed: false
      raw: Error
    properties:
      - collectionFormat: none
        defaultValue:
          fixed: false
        deprecated: false
        documentation:
          fixed: false
        isConstant: false
        isReadOnly: false
        isRequired: false
        modelType:
          $type: PrimaryType
          deprecated: false
          format: int32
          knownPrimaryType: int
          name:
            fixed: false
            raw: Int
        name:
          fixed: false
          raw: code
        realPath:
          - code
        serializedName: code
      - collectionFormat: none
        defaultValue:
          fixed: false
        deprecated: false
        documentation:
          fixed: false
        isConstant: false
        isReadOnly: false
        isRequired: false
        modelType:
          $type: PrimaryType
          deprecated: false
          knownPrimaryType: string
          name:
            fixed: false
            raw: String
        name:
          fixed: false
          raw: message
        realPath:
          - message
        serializedName: message
    serializedName: Error
modelTypes:
  - &ref_1
    $type: CompositeType
    containsConstantProperties: false
    deprecated: false
    name:
      fixed: false
      raw: SampleResourceGroup
    properties:
      - collectionFormat: none
        defaultValue:
          fixed: false
        deprecated: false
        documentation:
          fixed: false
          raw: resource group name 'testgroup101'
        isConstant: false
        isReadOnly: false
        isRequired: false
        modelType:
          $type: PrimaryType
          deprecated: false
          knownPrimaryType: string
          name:
            fixed: false
            raw: String
        name:
          fixed: false
          raw: name
        realPath:
          - name
        serializedName: name
      - collectionFormat: none
        defaultValue:
          fixed: false
        deprecated: false
        documentation:
          fixed: false
          raw: resource group location 'West US'
        isConstant: false
        isReadOnly: false
        isRequired: false
        modelType:
          $type: PrimaryType
          deprecated: false
          knownPrimaryType: string
          name:
            fixed: false
            raw: String
        name:
          fixed: false
          raw: location
        realPath:
          - location
        serializedName: location
    serializedName: SampleResourceGroup
  - *ref_0
modelsName: Models
name: MicrosoftAzureTestUrl
namespace: ''
operations:
  - methods:
      - defaultResponse:
          body: *ref_0
          isNullable: true
        deprecated: false
        description: >-
          Provides a resouce group with name 'testgroup101' and location 'West
          US'.
        group:
          fixed: false
          raw: group
        hidden: false
        httpMethod: get
        isAbsoluteUrl: false
        name:
          fixed: false
          raw: getSampleResourceGroup
        parameters:
          - clientProperty: &ref_2
              collectionFormat: none
              defaultValue:
                fixed: false
              deprecated: false
              documentation:
                fixed: false
                raw: Subscription Id.
              isConstant: false
              isReadOnly: false
              isRequired: true
              modelType:
                $type: PrimaryType
                deprecated: false
                knownPrimaryType: string
                name:
                  fixed: false
                  raw: String
              name:
                fixed: false
                raw: subscriptionId
              realPath:
                - subscriptionId
              serializedName: subscriptionId
            collectionFormat: none
            defaultValue:
              fixed: false
            deprecated: false
            documentation:
              fixed: false
              raw: Subscription Id.
            isConstant: false
            isRequired: true
            location: path
            modelType:
              $type: PrimaryType
              deprecated: false
              knownPrimaryType: string
              name:
                fixed: false
                raw: String
            name:
              fixed: false
              raw: subscriptionId
            serializedName: subscriptionId
          - collectionFormat: none
            defaultValue:
              fixed: false
            deprecated: false
            documentation:
              fixed: false
              raw: Resource Group name 'testgroup101'.
            isConstant: false
            isRequired: true
            location: path
            modelType:
              $type: PrimaryType
              deprecated: false
              knownPrimaryType: string
              name:
                fixed: false
                raw: String
            name:
              fixed: false
              raw: resourceGroupName
            serializedName: resourceGroupName
          - clientProperty: &ref_3
              collectionFormat: none
              defaultValue:
                fixed: false
              deprecated: false
              documentation:
                fixed: false
                raw: API Version with value '2014-04-01-preview'.
              isConstant: false
              isReadOnly: false
              isRequired: true
              modelType:
                $type: PrimaryType
                deprecated: false
                knownPrimaryType: string
                name:
                  fixed: false
                  raw: String
              name:
                fixed: false
                raw: api-version
              realPath:
                - api-version
              serializedName: api-version
            collectionFormat: none
            defaultValue:
              fixed: false
            deprecated: false
            documentation:
              fixed: false
              raw: API Version with value '2014-04-01-preview'.
            isConstant: false
            isRequired: true
            location: query
            modelType:
              $type: PrimaryType
              deprecated: false
              knownPrimaryType: string
              name:
                fixed: false
                raw: String
            name:
              fixed: false
              raw: api-version
            serializedName: api-version
        requestContentType: application/json; charset=utf-8
        responseContentTypes:
          - application/json
        responses:
          OK:
            body: *ref_1
            isNullable: true
        returnType:
          body: *ref_1
          isNullable: true
        serializedName: group_getSampleResourceGroup
        url: '/subscriptions/{subscriptionId}/resourcegroups/{resourceGroupName}'
    name:
      fixed: false
      raw: Group
    nameForProperty: Group
    typeName:
      fixed: false
properties:
  - *ref_2
  - *ref_3
