---
apiVersion: 1.0.0
baseUrl: 'http://localhost'
documentation: Test Infrastructure for AutoRest
errorTypes:
  - $ref: '1'
modelTypes:
  - $id: '1'
    $type: CompositeType
    containsConstantProperties: false
    deprecated: false
    name:
      fixed: false
      raw: Error
    properties:
      - $id: '2'
        collectionFormat: none
        defaultValue:
          fixed: false
        deprecated: false
        documentation:
          fixed: false
        isConstant: false
        isReadOnly: false
        isRequired: false
        modelType:
          $id: '3'
          $type: PrimaryType
          deprecated: false
          format: int32
          knownPrimaryType: int
          name:
            fixed: false
            raw: Int
        name:
          fixed: false
          raw: status
        realPath:
          - status
        serializedName: status
      - $id: '4'
        collectionFormat: none
        defaultValue:
          fixed: false
        deprecated: false
        documentation:
          fixed: false
        isConstant: false
        isReadOnly: false
        isRequired: false
        modelType:
          $id: '5'
          $type: PrimaryType
          deprecated: false
          knownPrimaryType: string
          name:
            fixed: false
            raw: String
        name:
          fixed: false
          raw: message
        realPath:
          - message
        serializedName: message
    serializedName: Error
modelsName: Models
name: AutoRestBoolTestService
namespace: ''
operations:
  - methods:
      - defaultResponse:
          body:
            $ref: '1'
          isNullable: true
        deprecated: false
        description: Get true Boolean value
        group:
          fixed: false
          raw: bool
        hidden: false
        httpMethod: get
        isAbsoluteUrl: false
        name:
          fixed: false
          raw: getTrue
        requestContentType: application/json; charset=utf-8
        responseContentTypes:
          - application/json
        responses:
          OK:
            body:
              $id: '6'
              $type: PrimaryType
              deprecated: false
              knownPrimaryType: boolean
              name:
                fixed: false
                raw: Boolean
            isNullable: true
        returnType:
          body:
            $ref: '6'
          isNullable: true
        serializedName: bool_getTrue
        url: /bool/true
      - defaultResponse:
          body:
            $ref: '1'
          isNullable: true
        deprecated: false
        description: Set Boolean value true
        extensions:
          x-ms-requestBody-index: '0'
        group:
          fixed: false
          raw: bool
        hidden: false
        httpMethod: put
        isAbsoluteUrl: false
        name:
          fixed: false
          raw: putTrue
        parameters:
          - $id: '7'
            collectionFormat: none
            defaultValue:
              fixed: false
              raw: 'true'
            deprecated: false
            documentation:
              fixed: false
            extensions:
              x-ms-requestBody-name: boolBody
            isConstant: true
            isRequired: true
            location: body
            modelType:
              $id: '8'
              $type: PrimaryType
              deprecated: false
              knownPrimaryType: boolean
              name:
                fixed: false
                raw: Boolean
            name:
              fixed: false
              raw: boolBody
            serializedName: boolBody
        requestContentType: application/json; charset=utf-8
        responseContentTypes:
          - application/json
        responses:
          OK:
            isNullable: true
        returnType:
          isNullable: true
        serializedName: bool_putTrue
        url: /bool/true
      - defaultResponse:
          body:
            $ref: '1'
          isNullable: true
        deprecated: false
        description: Get false Boolean value
        group:
          fixed: false
          raw: bool
        hidden: false
        httpMethod: get
        isAbsoluteUrl: false
        name:
          fixed: false
          raw: getFalse
        requestContentType: application/json; charset=utf-8
        responseContentTypes:
          - application/json
        responses:
          OK:
            body:
              $id: '9'
              $type: PrimaryType
              deprecated: false
              knownPrimaryType: boolean
              name:
                fixed: false
                raw: Boolean
            isNullable: true
        returnType:
          body:
            $ref: '9'
          isNullable: true
        serializedName: bool_getFalse
        url: /bool/false
      - defaultResponse:
          body:
            $ref: '1'
          isNullable: true
        deprecated: false
        description: Set Boolean value false
        extensions:
          x-ms-requestBody-index: '0'
        group:
          fixed: false
          raw: bool
        hidden: false
        httpMethod: put
        isAbsoluteUrl: false
        name:
          fixed: false
          raw: putFalse
        parameters:
          - $id: '10'
            collectionFormat: none
            defaultValue:
              fixed: false
              raw: 'false'
            deprecated: false
            documentation:
              fixed: false
            extensions:
              x-ms-requestBody-name: boolBody
            isConstant: true
            isRequired: true
            location: body
            modelType:
              $id: '11'
              $type: PrimaryType
              deprecated: false
              knownPrimaryType: boolean
              name:
                fixed: false
                raw: Boolean
            name:
              fixed: false
              raw: boolBody
            serializedName: boolBody
        requestContentType: application/json; charset=utf-8
        responseContentTypes:
          - application/json
        responses:
          OK:
            isNullable: true
        returnType:
          isNullable: true
        serializedName: bool_putFalse
        url: /bool/false
      - defaultResponse:
          body:
            $ref: '1'
          isNullable: true
        deprecated: false
        description: Get null Boolean value
        group:
          fixed: false
          raw: bool
        hidden: false
        httpMethod: get
        isAbsoluteUrl: false
        name:
          fixed: false
          raw: getNull
        requestContentType: application/json; charset=utf-8
        responseContentTypes:
          - application/json
        responses:
          OK:
            body:
              $id: '12'
              $type: PrimaryType
              deprecated: false
              knownPrimaryType: boolean
              name:
                fixed: false
                raw: Boolean
            isNullable: true
        returnType:
          body:
            $ref: '12'
          isNullable: true
        serializedName: bool_getNull
        url: /bool/null
      - defaultResponse:
          body:
            $ref: '1'
          isNullable: true
        deprecated: false
        description: Get invalid Boolean value
        group:
          fixed: false
          raw: bool
        hidden: false
        httpMethod: get
        isAbsoluteUrl: false
        name:
          fixed: false
          raw: getInvalid
        requestContentType: application/json; charset=utf-8
        responseContentTypes:
          - application/json
        responses:
          OK:
            body:
              $id: '13'
              $type: PrimaryType
              deprecated: false
              knownPrimaryType: boolean
              name:
                fixed: false
                raw: Boolean
            isNullable: true
        returnType:
          body:
            $ref: '13'
          isNullable: true
        serializedName: bool_getInvalid
        url: /bool/invalid
    name:
      fixed: false
      raw: Bool
    nameForProperty: Bool
    typeName:
      fixed: false
