---
apiVersion: 1.0.0
baseUrl: 'http://{accountName}{host}'
documentation: Test Infrastructure for AutoRest
errorTypes:
  - $ref: '1'
extensions:
  x-ms-parameterized-host: true
hostParametersBack:
  - $id: '6'
    collectionFormat: none
    defaultValue:
      fixed: false
      raw: ''
    documentation:
      fixed: false
      raw: Account Name
    extensions:
      hostParameter: true
      x-ms-skip-url-encoding: true
    isConstant: false
    isRequired: true
    location: path
    modelType:
      $id: '7'
      $type: PrimaryType
      knownPrimaryType: string
      name:
        fixed: false
        raw: String
    name:
      fixed: false
      raw: accountName
    serializedName: accountName
  - $id: '8'
    clientProperty:
      $id: '9'
      collectionFormat: none
      defaultValue:
        fixed: false
        raw: host
      documentation:
        fixed: false
        raw: A string value that is used as a global part of the parameterized host
      extensions:
        x-ms-skip-url-encoding: true
      isConstant: false
      isReadOnly: false
      isRequired: true
      modelType:
        $id: '10'
        $type: PrimaryType
        knownPrimaryType: string
        name:
          fixed: false
          raw: String
      name:
        fixed: false
        raw: host
      realPath:
        - host
      serializedName: host
    collectionFormat: none
    defaultValue:
      fixed: false
      raw: host
    documentation:
      fixed: false
      raw: A string value that is used as a global part of the parameterized host
    extensions:
      hostParameter: true
      x-ms-skip-url-encoding: true
    isConstant: false
    isRequired: true
    location: path
    modelType:
      $id: '11'
      $type: PrimaryType
      knownPrimaryType: string
      name:
        fixed: false
        raw: String
    name:
      fixed: false
      raw: host
    serializedName: host
modelTypes:
  - $id: '1'
    $type: CompositeType
    containsConstantProperties: false
    name:
      fixed: false
      raw: Error
    properties:
      - $id: '2'
        collectionFormat: none
        defaultValue:
          fixed: false
        documentation:
          fixed: false
        isConstant: false
        isReadOnly: false
        isRequired: false
        modelType:
          $id: '3'
          $type: PrimaryType
          format: int32
          knownPrimaryType: int
          name:
            fixed: false
            raw: Int
        name:
          fixed: false
          raw: status
        realPath:
          - status
        serializedName: status
      - $id: '4'
        collectionFormat: none
        defaultValue:
          fixed: false
        documentation:
          fixed: false
        isConstant: false
        isReadOnly: false
        isRequired: false
        modelType:
          $id: '5'
          $type: PrimaryType
          knownPrimaryType: string
          name:
            fixed: false
            raw: String
        name:
          fixed: false
          raw: message
        realPath:
          - message
        serializedName: message
    serializedName: Error
modelsName: Models
name: AutoRestParameterizedHostTestClient
namespace: ''
operations:
  - methods:
      - defaultResponse:
          body:
            $ref: '1'
          isNullable: true
        deprecated: false
        description: Get a 200 to test a valid base uri
        group:
          fixed: false
          raw: paths
        hidden: false
        httpMethod: get
        isAbsoluteUrl: false
        name:
          fixed: false
          raw: getEmpty
        requestContentType: application/json; charset=utf-8
        responseContentTypes:
          - application/json
        responses:
          OK:
            isNullable: true
        returnType:
          isNullable: true
        serializedName: paths_getEmpty
        url: /customuri
    name:
      fixed: false
      raw: Paths
    nameForProperty: Paths
    typeName:
      fixed: false
properties:
  - $ref: '9'
