---
apiVersion: 1.0.0
baseUrl: 'http://localhost:3000'
documentation: Long-running Operation for AutoRest
modelTypes:
  - &ref_0
    $type: CompositeType
    containsConstantProperties: false
    deprecated: false
    name:
      fixed: false
      raw: Product_properties
    properties:
      - collectionFormat: none
        defaultValue:
          fixed: false
        deprecated: false
        documentation:
          fixed: false
        isConstant: false
        isReadOnly: false
        isRequired: false
        modelType:
          $type: PrimaryType
          deprecated: false
          knownPrimaryType: int
          name:
            fixed: false
            raw: Int
        name:
          fixed: false
          raw: id
        realPath:
          - id
        serializedName: id
      - collectionFormat: none
        defaultValue:
          fixed: false
        deprecated: false
        documentation:
          fixed: false
        isConstant: false
        isReadOnly: false
        isRequired: false
        modelType:
          $type: PrimaryType
          deprecated: false
          knownPrimaryType: string
          name:
            fixed: false
            raw: String
        name:
          fixed: false
          raw: name
        realPath:
          - name
        serializedName: name
    serializedName: Product_properties
  - &ref_1
    $type: CompositeType
    containsConstantProperties: false
    deprecated: false
    name:
      fixed: false
      raw: Product
    properties:
      - collectionFormat: none
        defaultValue:
          fixed: false
        deprecated: false
        documentation:
          fixed: false
        isConstant: false
        isReadOnly: false
        isRequired: false
        modelType: *ref_0
        name:
          fixed: false
          raw: properties
        realPath:
          - properties
        serializedName: properties
    serializedName: Product
  - &ref_2
    $type: CompositeType
    containsConstantProperties: false
    deprecated: false
    name:
      fixed: false
      raw: ProductResult
    properties:
      - collectionFormat: none
        defaultValue:
          fixed: false
        deprecated: false
        documentation:
          fixed: false
        isConstant: false
        isReadOnly: false
        isRequired: false
        modelType:
          $type: SequenceType
          deprecated: false
          elementType: *ref_1
          name:
            fixed: false
        name:
          fixed: false
          raw: values
        realPath:
          - values
        serializedName: values
      - collectionFormat: none
        defaultValue:
          fixed: false
        deprecated: false
        documentation:
          fixed: false
        isConstant: false
        isReadOnly: false
        isRequired: false
        modelType:
          $type: PrimaryType
          deprecated: false
          knownPrimaryType: string
          name:
            fixed: false
            raw: String
        name:
          fixed: false
          raw: nextLink
        realPath:
          - nextLink
        serializedName: nextLink
    serializedName: ProductResult
  - &ref_3
    $type: CompositeType
    containsConstantProperties: false
    deprecated: false
    name:
      fixed: false
      raw: OdataProductResult
    properties:
      - collectionFormat: none
        defaultValue:
          fixed: false
        deprecated: false
        documentation:
          fixed: false
        isConstant: false
        isReadOnly: false
        isRequired: false
        modelType:
          $type: SequenceType
          deprecated: false
          elementType: *ref_1
          name:
            fixed: false
        name:
          fixed: false
          raw: values
        realPath:
          - values
        serializedName: values
      - collectionFormat: none
        defaultValue:
          fixed: false
        deprecated: false
        documentation:
          fixed: false
        isConstant: false
        isReadOnly: false
        isRequired: false
        modelType:
          $type: PrimaryType
          deprecated: false
          knownPrimaryType: string
          name:
            fixed: false
            raw: String
        name:
          fixed: false
          raw: odata.nextLink
        realPath:
          - odata.nextLink
        serializedName: odata.nextLink
    serializedName: OdataProductResult
  - $type: CompositeType
    containsConstantProperties: false
    deprecated: false
    name:
      fixed: false
      raw: OperationResult
    properties:
      - collectionFormat: none
        defaultValue:
          fixed: false
        deprecated: false
        documentation:
          fixed: false
          raw: The status of the request
        isConstant: false
        isReadOnly: false
        isRequired: false
        modelType:
          $type: EnumType
          deprecated: false
          modelAsString: true
          name:
            fixed: false
            raw: ''
          oldModelAsString: false
          underlyingType:
            $type: PrimaryType
            deprecated: false
            knownPrimaryType: string
            name:
              fixed: false
              raw: String
          values:
            - name: Succeeded
              serializedName: Succeeded
            - name: Failed
              serializedName: Failed
            - name: canceled
              serializedName: canceled
            - name: Accepted
              serializedName: Accepted
            - name: Creating
              serializedName: Creating
            - name: Created
              serializedName: Created
            - name: Updating
              serializedName: Updating
            - name: Updated
              serializedName: Updated
            - name: Deleting
              serializedName: Deleting
            - name: Deleted
              serializedName: Deleted
            - name: OK
              serializedName: OK
        name:
          fixed: false
          raw: status
        realPath:
          - status
        serializedName: status
    serializedName: OperationResult
modelsName: Models
name: AutoRestPagingTestService
namespace: ''
operations:
  - methods:
      - defaultResponse:
          isNullable: true
        deprecated: false
        description: A paging operation that finishes on the first call without a nextlink
        extensions:
          x-ms-pageable:
            itemName: values
            nextLinkName: nextLink
        group:
          fixed: false
          raw: Paging
        hidden: false
        httpMethod: get
        isAbsoluteUrl: false
        name:
          fixed: false
          raw: getSinglePages
        requestContentType: application/json; charset=utf-8
        responseContentTypes:
          - application/json
        responses:
          OK:
            body: *ref_2
            isNullable: true
        returnType:
          body: *ref_2
          isNullable: true
        serializedName: Paging_getSinglePages
        url: /paging/single
      - defaultResponse:
          isNullable: true
        deprecated: false
        description: A paging operation that includes a nextLink that has 10 pages
        extensions:
          x-ms-pageable:
            itemName: values
            nextLinkName: nextLink
        group:
          fixed: false
          raw: Paging
        hidden: false
        httpMethod: get
        isAbsoluteUrl: false
        name:
          fixed: false
          raw: getMultiplePages
        parameters:
          - collectionFormat: none
            defaultValue:
              fixed: false
            deprecated: false
            documentation:
              fixed: false
            isConstant: false
            isRequired: false
            location: header
            modelType:
              $type: PrimaryType
              deprecated: false
              knownPrimaryType: string
              name:
                fixed: false
                raw: String
            name:
              fixed: false
              raw: client-request-id
            serializedName: client-request-id
          - collectionFormat: none
            defaultValue:
              fixed: false
            deprecated: false
            documentation:
              fixed: false
              raw: Sets the maximum number of items to return in the response.
            extensions:
              x-ms-parameter-grouping:
                postfix: Options
            isConstant: false
            isRequired: false
            location: header
            modelType:
              $type: PrimaryType
              deprecated: false
              format: int32
              knownPrimaryType: int
              name:
                fixed: false
                raw: Int
            name:
              fixed: false
              raw: maxresults
            serializedName: maxresults
          - collectionFormat: none
            defaultValue:
              fixed: false
              raw: '30'
            deprecated: false
            documentation:
              fixed: false
              raw: >-
                Sets the maximum time that the server can spend processing the
                request, in seconds. The default is 30 seconds.
            extensions:
              x-ms-parameter-grouping:
                postfix: Options
            isConstant: false
            isRequired: false
            location: header
            modelType:
              $type: PrimaryType
              deprecated: false
              format: int32
              knownPrimaryType: int
              name:
                fixed: false
                raw: Int
            name:
              fixed: false
              raw: timeout
            serializedName: timeout
        requestContentType: application/json; charset=utf-8
        responseContentTypes:
          - application/json
        responses:
          OK:
            body: *ref_2
            isNullable: true
        returnType:
          body: *ref_2
          isNullable: true
        serializedName: Paging_getMultiplePages
        url: /paging/multiple
      - defaultResponse:
          isNullable: true
        deprecated: false
        description: >-
          A paging operation that includes a nextLink in odata format that has
          10 pages
        extensions:
          x-ms-pageable:
            itemName: values
            nextLinkName: odata.nextLink
        group:
          fixed: false
          raw: Paging
        hidden: false
        httpMethod: get
        isAbsoluteUrl: false
        name:
          fixed: false
          raw: getOdataMultiplePages
        parameters:
          - collectionFormat: none
            defaultValue:
              fixed: false
            deprecated: false
            documentation:
              fixed: false
            isConstant: false
            isRequired: false
            location: header
            modelType:
              $type: PrimaryType
              deprecated: false
              knownPrimaryType: string
              name:
                fixed: false
                raw: String
            name:
              fixed: false
              raw: client-request-id
            serializedName: client-request-id
          - collectionFormat: none
            defaultValue:
              fixed: false
            deprecated: false
            documentation:
              fixed: false
              raw: Sets the maximum number of items to return in the response.
            extensions:
              x-ms-parameter-grouping:
                postfix: Options
            isConstant: false
            isRequired: false
            location: header
            modelType:
              $type: PrimaryType
              deprecated: false
              format: int32
              knownPrimaryType: int
              name:
                fixed: false
                raw: Int
            name:
              fixed: false
              raw: maxresults
            serializedName: maxresults
          - collectionFormat: none
            defaultValue:
              fixed: false
              raw: '30'
            deprecated: false
            documentation:
              fixed: false
              raw: >-
                Sets the maximum time that the server can spend processing the
                request, in seconds. The default is 30 seconds.
            extensions:
              x-ms-parameter-grouping:
                postfix: Options
            isConstant: false
            isRequired: false
            location: header
            modelType:
              $type: PrimaryType
              deprecated: false
              format: int32
              knownPrimaryType: int
              name:
                fixed: false
                raw: Int
            name:
              fixed: false
              raw: timeout
            serializedName: timeout
        requestContentType: application/json; charset=utf-8
        responseContentTypes:
          - application/json
        responses:
          OK:
            body: *ref_3
            isNullable: true
        returnType:
          body: *ref_3
          isNullable: true
        serializedName: Paging_getOdataMultiplePages
        url: /paging/multiple/odata
      - defaultResponse:
          isNullable: true
        deprecated: false
        description: A paging operation that includes a nextLink that has 10 pages
        extensions:
          x-ms-pageable:
            itemName: values
            nextLinkName: nextLink
        group:
          fixed: false
          raw: Paging
        hidden: false
        httpMethod: get
        isAbsoluteUrl: false
        name:
          fixed: false
          raw: getMultiplePagesWithOffset
        parameters:
          - collectionFormat: none
            defaultValue:
              fixed: false
            deprecated: false
            documentation:
              fixed: false
            isConstant: false
            isRequired: false
            location: header
            modelType:
              $type: PrimaryType
              deprecated: false
              knownPrimaryType: string
              name:
                fixed: false
                raw: String
            name:
              fixed: false
              raw: client-request-id
            serializedName: client-request-id
          - collectionFormat: none
            defaultValue:
              fixed: false
            deprecated: false
            documentation:
              fixed: false
              raw: Sets the maximum number of items to return in the response.
            extensions:
              x-ms-parameter-grouping:
                postfix: Options
            isConstant: false
            isRequired: false
            location: header
            modelType:
              $type: PrimaryType
              deprecated: false
              format: int32
              knownPrimaryType: int
              name:
                fixed: false
                raw: Int
            name:
              fixed: false
              raw: maxresults
            serializedName: maxresults
          - collectionFormat: none
            defaultValue:
              fixed: false
            deprecated: false
            documentation:
              fixed: false
              raw: Offset of return value
            extensions:
              x-ms-parameter-grouping:
                postfix: Options
            isConstant: false
            isRequired: true
            location: path
            modelType:
              $type: PrimaryType
              deprecated: false
              format: int32
              knownPrimaryType: int
              name:
                fixed: false
                raw: Int
            name:
              fixed: false
              raw: offset
            serializedName: offset
          - collectionFormat: none
            defaultValue:
              fixed: false
              raw: '30'
            deprecated: false
            documentation:
              fixed: false
              raw: >-
                Sets the maximum time that the server can spend processing the
                request, in seconds. The default is 30 seconds.
            extensions:
              x-ms-parameter-grouping:
                postfix: Options
            isConstant: false
            isRequired: false
            location: header
            modelType:
              $type: PrimaryType
              deprecated: false
              format: int32
              knownPrimaryType: int
              name:
                fixed: false
                raw: Int
            name:
              fixed: false
              raw: timeout
            serializedName: timeout
        requestContentType: application/json; charset=utf-8
        responseContentTypes:
          - application/json
        responses:
          OK:
            body: *ref_2
            isNullable: true
        returnType:
          body: *ref_2
          isNullable: true
        serializedName: Paging_getMultiplePagesWithOffset
        url: '/paging/multiple/withpath/{offset}'
      - defaultResponse:
          isNullable: true
        deprecated: false
        description: >-
          A paging operation that fails on the first call with 500 and then
          retries and then get a response including a nextLink that has 10 pages
        extensions:
          x-ms-pageable:
            itemName: values
            nextLinkName: nextLink
        group:
          fixed: false
          raw: Paging
        hidden: false
        httpMethod: get
        isAbsoluteUrl: false
        name:
          fixed: false
          raw: getMultiplePagesRetryFirst
        requestContentType: application/json; charset=utf-8
        responseContentTypes:
          - application/json
        responses:
          OK:
            body: *ref_2
            isNullable: true
        returnType:
          body: *ref_2
          isNullable: true
        serializedName: Paging_getMultiplePagesRetryFirst
        url: /paging/multiple/retryfirst
      - defaultResponse:
          isNullable: true
        deprecated: false
        description: >-
          A paging operation that includes a nextLink that has 10 pages, of
          which the 2nd call fails first with 500. The client should retry and
          finish all 10 pages eventually.
        extensions:
          x-ms-pageable:
            itemName: values
            nextLinkName: nextLink
        group:
          fixed: false
          raw: Paging
        hidden: false
        httpMethod: get
        isAbsoluteUrl: false
        name:
          fixed: false
          raw: getMultiplePagesRetrySecond
        requestContentType: application/json; charset=utf-8
        responseContentTypes:
          - application/json
        responses:
          OK:
            body: *ref_2
            isNullable: true
        returnType:
          body: *ref_2
          isNullable: true
        serializedName: Paging_getMultiplePagesRetrySecond
        url: /paging/multiple/retrysecond
      - defaultResponse:
          isNullable: true
        deprecated: false
        description: A paging operation that receives a 400 on the first call
        extensions:
          x-ms-pageable:
            itemName: values
            nextLinkName: nextLink
        group:
          fixed: false
          raw: Paging
        hidden: false
        httpMethod: get
        isAbsoluteUrl: false
        name:
          fixed: false
          raw: getSinglePagesFailure
        requestContentType: application/json; charset=utf-8
        responseContentTypes:
          - application/json
        responses:
          OK:
            body: *ref_2
            isNullable: true
        returnType:
          body: *ref_2
          isNullable: true
        serializedName: Paging_getSinglePagesFailure
        url: /paging/single/failure
      - defaultResponse:
          isNullable: true
        deprecated: false
        description: A paging operation that receives a 400 on the second call
        extensions:
          x-ms-pageable:
            itemName: values
            nextLinkName: nextLink
        group:
          fixed: false
          raw: Paging
        hidden: false
        httpMethod: get
        isAbsoluteUrl: false
        name:
          fixed: false
          raw: getMultiplePagesFailure
        requestContentType: application/json; charset=utf-8
        responseContentTypes:
          - application/json
        responses:
          OK:
            body: *ref_2
            isNullable: true
        returnType:
          body: *ref_2
          isNullable: true
        serializedName: Paging_getMultiplePagesFailure
        url: /paging/multiple/failure
      - defaultResponse:
          isNullable: true
        deprecated: false
        description: A paging operation that receives an invalid nextLink
        extensions:
          x-ms-pageable:
            itemName: values
            nextLinkName: nextLink
        group:
          fixed: false
          raw: Paging
        hidden: false
        httpMethod: get
        isAbsoluteUrl: false
        name:
          fixed: false
          raw: getMultiplePagesFailureUri
        requestContentType: application/json; charset=utf-8
        responseContentTypes:
          - application/json
        responses:
          OK:
            body: *ref_2
            isNullable: true
        returnType:
          body: *ref_2
          isNullable: true
        serializedName: Paging_getMultiplePagesFailureUri
        url: /paging/multiple/failureuri
      - defaultResponse:
          isNullable: true
        deprecated: false
        description: 'A paging operation that doesn''t return a full URL, just a fragment'
        extensions:
          x-ms-pageable:
            itemName: values
            nextLinkName: odata.nextLink
            operationName: Paging_nextFragment
        group:
          fixed: false
          raw: Paging
        hidden: false
        httpMethod: get
        isAbsoluteUrl: false
        name:
          fixed: false
          raw: getMultiplePagesFragmentNextLink
        parameters:
          - collectionFormat: none
            defaultValue:
              fixed: false
            deprecated: false
            documentation:
              fixed: false
              raw: Sets the api version to use.
            isConstant: false
            isRequired: true
            location: query
            modelType:
              $type: PrimaryType
              deprecated: false
              knownPrimaryType: string
              name:
                fixed: false
                raw: String
            name:
              fixed: false
              raw: api_version
            serializedName: api_version
          - collectionFormat: none
            defaultValue:
              fixed: false
            deprecated: false
            documentation:
              fixed: false
              raw: Sets the tenant to use.
            isConstant: false
            isRequired: true
            location: path
            modelType:
              $type: PrimaryType
              deprecated: false
              knownPrimaryType: string
              name:
                fixed: false
                raw: String
            name:
              fixed: false
              raw: tenant
            serializedName: tenant
        requestContentType: application/json; charset=utf-8
        responseContentTypes:
          - application/json
        responses:
          OK:
            body: *ref_3
            isNullable: true
        returnType:
          body: *ref_3
          isNullable: true
        serializedName: Paging_getMultiplePagesFragmentNextLink
        url: '/paging/multiple/fragment/{tenant}'
      - defaultResponse:
          isNullable: true
        deprecated: false
        description: >-
          A paging operation that doesn't return a full URL, just a fragment
          with parameters grouped
        extensions:
          x-ms-pageable:
            itemName: values
            nextLinkName: odata.nextLink
            operationName: Paging_nextFragmentWithGrouping
        group:
          fixed: false
          raw: Paging
        hidden: false
        httpMethod: get
        isAbsoluteUrl: false
        name:
          fixed: false
          raw: getMultiplePagesFragmentWithGroupingNextLink
        parameters:
          - collectionFormat: none
            defaultValue:
              fixed: false
            deprecated: false
            documentation:
              fixed: false
              raw: Sets the api version to use.
            extensions:
              x-ms-parameter-grouping:
                name: custom-parameter-group
            isConstant: false
            isRequired: true
            location: query
            modelType:
              $type: PrimaryType
              deprecated: false
              knownPrimaryType: string
              name:
                fixed: false
                raw: String
            name:
              fixed: false
              raw: api_version
            serializedName: api_version
          - collectionFormat: none
            defaultValue:
              fixed: false
            deprecated: false
            documentation:
              fixed: false
              raw: Sets the tenant to use.
            extensions:
              x-ms-parameter-grouping:
                name: custom-parameter-group
            isConstant: false
            isRequired: true
            location: path
            modelType:
              $type: PrimaryType
              deprecated: false
              knownPrimaryType: string
              name:
                fixed: false
                raw: String
            name:
              fixed: false
              raw: tenant
            serializedName: tenant
        requestContentType: application/json; charset=utf-8
        responseContentTypes:
          - application/json
        responses:
          OK:
            body: *ref_3
            isNullable: true
        returnType:
          body: *ref_3
          isNullable: true
        serializedName: Paging_getMultiplePagesFragmentWithGroupingNextLink
        url: '/paging/multiple/fragmentwithgrouping/{tenant}'
      - defaultResponse:
          isNullable: true
        deprecated: false
        description: 'A paging operation that doesn''t return a full URL, just a fragment'
        extensions:
          x-ms-pageable:
            itemName: values
            nextLinkName: odata.nextLink
            operationName: Paging_nextFragment
        group:
          fixed: false
          raw: Paging
        hidden: false
        httpMethod: get
        isAbsoluteUrl: false
        name:
          fixed: false
          raw: nextFragment
        parameters:
          - collectionFormat: none
            defaultValue:
              fixed: false
            deprecated: false
            documentation:
              fixed: false
              raw: Sets the api version to use.
            isConstant: false
            isRequired: true
            location: query
            modelType:
              $type: PrimaryType
              deprecated: false
              knownPrimaryType: string
              name:
                fixed: false
                raw: String
            name:
              fixed: false
              raw: api_version
            serializedName: api_version
          - collectionFormat: none
            defaultValue:
              fixed: false
            deprecated: false
            documentation:
              fixed: false
              raw: Sets the tenant to use.
            isConstant: false
            isRequired: true
            location: path
            modelType:
              $type: PrimaryType
              deprecated: false
              knownPrimaryType: string
              name:
                fixed: false
                raw: String
            name:
              fixed: false
              raw: tenant
            serializedName: tenant
          - collectionFormat: none
            defaultValue:
              fixed: false
            deprecated: false
            documentation:
              fixed: false
              raw: Next link for list operation.
            extensions:
              x-ms-skip-url-encoding: true
            isConstant: false
            isRequired: true
            location: path
            modelType:
              $type: PrimaryType
              deprecated: false
              knownPrimaryType: string
              name:
                fixed: false
                raw: String
            name:
              fixed: false
              raw: nextLink
            serializedName: nextLink
        requestContentType: application/json; charset=utf-8
        responseContentTypes:
          - application/json
        responses:
          OK:
            body: *ref_3
            isNullable: true
        returnType:
          body: *ref_3
          isNullable: true
        serializedName: Paging_nextFragment
        url: '/paging/multiple/fragment/{tenant}/{nextLink}'
      - defaultResponse:
          isNullable: true
        deprecated: false
        description: 'A paging operation that doesn''t return a full URL, just a fragment'
        extensions:
          x-ms-pageable:
            itemName: values
            nextLinkName: odata.nextLink
            operationName: Paging_nextFragmentWithGrouping
        group:
          fixed: false
          raw: Paging
        hidden: false
        httpMethod: get
        isAbsoluteUrl: false
        name:
          fixed: false
          raw: nextFragmentWithGrouping
        parameters:
          - collectionFormat: none
            defaultValue:
              fixed: false
            deprecated: false
            documentation:
              fixed: false
              raw: Sets the api version to use.
            extensions:
              x-ms-parameter-grouping:
                name: custom-parameter-group
            isConstant: false
            isRequired: true
            location: query
            modelType:
              $type: PrimaryType
              deprecated: false
              knownPrimaryType: string
              name:
                fixed: false
                raw: String
            name:
              fixed: false
              raw: api_version
            serializedName: api_version
          - collectionFormat: none
            defaultValue:
              fixed: false
            deprecated: false
            documentation:
              fixed: false
              raw: Sets the tenant to use.
            extensions:
              x-ms-parameter-grouping:
                name: custom-parameter-group
            isConstant: false
            isRequired: true
            location: path
            modelType:
              $type: PrimaryType
              deprecated: false
              knownPrimaryType: string
              name:
                fixed: false
                raw: String
            name:
              fixed: false
              raw: tenant
            serializedName: tenant
          - collectionFormat: none
            defaultValue:
              fixed: false
            deprecated: false
            documentation:
              fixed: false
              raw: Next link for list operation.
            extensions:
              x-ms-skip-url-encoding: true
            isConstant: false
            isRequired: true
            location: path
            modelType:
              $type: PrimaryType
              deprecated: false
              knownPrimaryType: string
              name:
                fixed: false
                raw: String
            name:
              fixed: false
              raw: nextLink
            serializedName: nextLink
        requestContentType: application/json; charset=utf-8
        responseContentTypes:
          - application/json
        responses:
          OK:
            body: *ref_3
            isNullable: true
        returnType:
          body: *ref_3
          isNullable: true
        serializedName: Paging_nextFragmentWithGrouping
        url: '/paging/multiple/fragmentwithgrouping/{tenant}/{nextLink}'
    name:
      fixed: false
      raw: Paging
    nameForProperty: Paging
    typeName:
      fixed: false
