---
$id: '1'
apiVersion: 1.0.0
baseUrl: 'http://localhost:3000'
documentation: Long-running Operation for AutoRest
modelTypes:
  - $id: '2'
    $type: CompositeType
    containsConstantProperties: false
    deprecated: false
    name:
      $id: '15'
      fixed: false
      raw: Product_properties
    properties:
      - $id: '3'
        collectionFormat: none
        defaultValue:
          $id: '4'
          fixed: false
        deprecated: false
        documentation:
          $id: '5'
          fixed: false
        isConstant: false
        isReadOnly: false
        isRequired: false
        modelType:
          $id: '7'
          $type: PrimaryType
          deprecated: false
          knownPrimaryType: int
          name:
            $id: '8'
            fixed: false
            raw: Int
        name:
          $id: '6'
          fixed: false
          raw: id
        realPath:
          - id
        serializedName: id
      - $id: '9'
        collectionFormat: none
        defaultValue:
          $id: '10'
          fixed: false
        deprecated: false
        documentation:
          $id: '11'
          fixed: false
        isConstant: false
        isReadOnly: false
        isRequired: false
        modelType:
          $id: '13'
          $type: PrimaryType
          deprecated: false
          knownPrimaryType: string
          name:
            $id: '14'
            fixed: false
            raw: String
        name:
          $id: '12'
          fixed: false
          raw: name
        realPath:
          - name
        serializedName: name
    serializedName: Product_properties
  - $id: '16'
    $type: CompositeType
    containsConstantProperties: false
    deprecated: false
    name:
      $id: '21'
      fixed: false
      raw: Product
    properties:
      - $id: '17'
        collectionFormat: none
        defaultValue:
          $id: '18'
          fixed: false
        deprecated: false
        documentation:
          $id: '19'
          fixed: false
        isConstant: false
        isReadOnly: false
        isRequired: false
        modelType:
          $ref: '2'
        name:
          $id: '20'
          fixed: false
          raw: properties
        realPath:
          - properties
        serializedName: properties
    serializedName: Product
  - $id: '22'
    $type: CompositeType
    containsConstantProperties: false
    deprecated: false
    name:
      $id: '35'
      fixed: false
      raw: ProductResult
    properties:
      - $id: '23'
        collectionFormat: none
        defaultValue:
          $id: '24'
          fixed: false
        deprecated: false
        documentation:
          $id: '25'
          fixed: false
        isConstant: false
        isReadOnly: false
        isRequired: false
        modelType:
          $id: '27'
          $type: SequenceType
          deprecated: false
          elementType:
            $ref: '16'
          name:
            $id: '28'
            fixed: false
        name:
          $id: '26'
          fixed: false
          raw: values
        realPath:
          - values
        serializedName: values
      - $id: '29'
        collectionFormat: none
        defaultValue:
          $id: '30'
          fixed: false
        deprecated: false
        documentation:
          $id: '31'
          fixed: false
        isConstant: false
        isReadOnly: false
        isRequired: false
        modelType:
          $id: '33'
          $type: PrimaryType
          deprecated: false
          knownPrimaryType: string
          name:
            $id: '34'
            fixed: false
            raw: String
        name:
          $id: '32'
          fixed: false
          raw: nextLink
        realPath:
          - nextLink
        serializedName: nextLink
    serializedName: ProductResult
  - $id: '36'
    $type: CompositeType
    containsConstantProperties: false
    deprecated: false
    name:
      $id: '49'
      fixed: false
      raw: OdataProductResult
    properties:
      - $id: '37'
        collectionFormat: none
        defaultValue:
          $id: '38'
          fixed: false
        deprecated: false
        documentation:
          $id: '39'
          fixed: false
        isConstant: false
        isReadOnly: false
        isRequired: false
        modelType:
          $id: '41'
          $type: SequenceType
          deprecated: false
          elementType:
            $ref: '16'
          name:
            $id: '42'
            fixed: false
        name:
          $id: '40'
          fixed: false
          raw: values
        realPath:
          - values
        serializedName: values
      - $id: '43'
        collectionFormat: none
        defaultValue:
          $id: '44'
          fixed: false
        deprecated: false
        documentation:
          $id: '45'
          fixed: false
        isConstant: false
        isReadOnly: false
        isRequired: false
        modelType:
          $id: '47'
          $type: PrimaryType
          deprecated: false
          knownPrimaryType: string
          name:
            $id: '48'
            fixed: false
            raw: String
        name:
          $id: '46'
          fixed: false
          raw: odata.nextLink
        realPath:
          - odata.nextLink
        serializedName: odata.nextLink
    serializedName: OdataProductResult
  - $id: '50'
    $type: CompositeType
    containsConstantProperties: false
    deprecated: false
    name:
      $id: '70'
      fixed: false
      raw: OperationResult
    properties:
      - $id: '51'
        collectionFormat: none
        defaultValue:
          $id: '52'
          fixed: false
        deprecated: false
        documentation:
          $id: '53'
          fixed: false
          raw: The status of the request
        isConstant: false
        isReadOnly: false
        isRequired: false
        modelType:
          $id: '55'
          $type: EnumType
          deprecated: false
          modelAsString: true
          name:
            $id: '69'
            fixed: false
            raw: ''
          oldModelAsString: false
          underlyingType:
            $id: '67'
            $type: PrimaryType
            deprecated: false
            knownPrimaryType: string
            name:
              $id: '68'
              fixed: false
              raw: String
          values:
            - $id: '56'
              name: Succeeded
              serializedName: Succeeded
            - $id: '57'
              name: Failed
              serializedName: Failed
            - $id: '58'
              name: canceled
              serializedName: canceled
            - $id: '59'
              name: Accepted
              serializedName: Accepted
            - $id: '60'
              name: Creating
              serializedName: Creating
            - $id: '61'
              name: Created
              serializedName: Created
            - $id: '62'
              name: Updating
              serializedName: Updating
            - $id: '63'
              name: Updated
              serializedName: Updated
            - $id: '64'
              name: Deleting
              serializedName: Deleting
            - $id: '65'
              name: Deleted
              serializedName: Deleted
            - $id: '66'
              name: OK
              serializedName: OK
        name:
          $id: '54'
          fixed: false
          raw: status
        realPath:
          - status
        serializedName: status
    serializedName: OperationResult
modelsName: Models
name: AutoRestPagingTestService
namespace: ''
operations:
  - $id: '71'
    methods:
      - $id: '72'
        defaultResponse:
          $id: '76'
          isNullable: true
        deprecated: false
        description: A paging operation that finishes on the first call without a nextlink
        extensions:
          x-ms-pageable:
            itemName: values
            nextLinkName: nextLink
        group:
          $id: '74'
          fixed: false
          raw: Paging
        hidden: false
        httpMethod: get
        isAbsoluteUrl: false
        name:
          $id: '73'
          fixed: false
          raw: getSinglePages
        requestContentType: application/json; charset=utf-8
        responseContentTypes:
          - application/json
        responses:
          OK:
            $id: '75'
            body:
              $ref: '22'
            isNullable: true
        returnType:
          $id: '77'
          body:
            $ref: '22'
          isNullable: true
        serializedName: Paging_getSinglePages
        url: /paging/single
      - $id: '78'
        defaultResponse:
          $id: '100'
          isNullable: true
        deprecated: false
        description: A paging operation that includes a nextLink that has 10 pages
        extensions:
          x-ms-pageable:
            itemName: values
            nextLinkName: nextLink
        group:
          $id: '98'
          fixed: false
          raw: Paging
        hidden: false
        httpMethod: get
        isAbsoluteUrl: false
        name:
          $id: '97'
          fixed: false
          raw: getMultiplePages
        parameters:
          - $id: '79'
            collectionFormat: none
            defaultValue:
              $id: '80'
              fixed: false
            deprecated: false
            documentation:
              $id: '81'
              fixed: false
            isConstant: false
            isRequired: false
            location: header
            modelType:
              $id: '83'
              $type: PrimaryType
              deprecated: false
              knownPrimaryType: string
              name:
                $id: '84'
                fixed: false
                raw: String
            name:
              $id: '82'
              fixed: false
              raw: client-request-id
            serializedName: client-request-id
          - $id: '85'
            collectionFormat: none
            defaultValue:
              $id: '86'
              fixed: false
            deprecated: false
            documentation:
              $id: '87'
              fixed: false
              raw: Sets the maximum number of items to return in the response.
            extensions:
              x-ms-parameter-grouping:
                postfix: Options
            isConstant: false
            isRequired: false
            location: header
            modelType:
              $id: '89'
              $type: PrimaryType
              deprecated: false
              format: int32
              knownPrimaryType: int
              name:
                $id: '90'
                fixed: false
                raw: Int
            name:
              $id: '88'
              fixed: false
              raw: maxresults
            serializedName: maxresults
          - $id: '91'
            collectionFormat: none
            defaultValue:
              $id: '92'
              fixed: false
              raw: '30'
            deprecated: false
            documentation:
              $id: '93'
              fixed: false
              raw: >-
                Sets the maximum time that the server can spend processing the
                request, in seconds. The default is 30 seconds.
            extensions:
              x-ms-parameter-grouping:
                postfix: Options
            isConstant: false
            isRequired: false
            location: header
            modelType:
              $id: '95'
              $type: PrimaryType
              deprecated: false
              format: int32
              knownPrimaryType: int
              name:
                $id: '96'
                fixed: false
                raw: Int
            name:
              $id: '94'
              fixed: false
              raw: timeout
            serializedName: timeout
        requestContentType: application/json; charset=utf-8
        responseContentTypes:
          - application/json
        responses:
          OK:
            $id: '99'
            body:
              $ref: '22'
            isNullable: true
        returnType:
          $id: '101'
          body:
            $ref: '22'
          isNullable: true
        serializedName: Paging_getMultiplePages
        url: /paging/multiple
      - $id: '102'
        defaultResponse:
          $id: '124'
          isNullable: true
        deprecated: false
        description: >-
          A paging operation that includes a nextLink in odata format that has
          10 pages
        extensions:
          x-ms-pageable:
            itemName: values
            nextLinkName: odata.nextLink
        group:
          $id: '122'
          fixed: false
          raw: Paging
        hidden: false
        httpMethod: get
        isAbsoluteUrl: false
        name:
          $id: '121'
          fixed: false
          raw: getOdataMultiplePages
        parameters:
          - $id: '103'
            collectionFormat: none
            defaultValue:
              $id: '104'
              fixed: false
            deprecated: false
            documentation:
              $id: '105'
              fixed: false
            isConstant: false
            isRequired: false
            location: header
            modelType:
              $id: '107'
              $type: PrimaryType
              deprecated: false
              knownPrimaryType: string
              name:
                $id: '108'
                fixed: false
                raw: String
            name:
              $id: '106'
              fixed: false
              raw: client-request-id
            serializedName: client-request-id
          - $id: '109'
            collectionFormat: none
            defaultValue:
              $id: '110'
              fixed: false
            deprecated: false
            documentation:
              $id: '111'
              fixed: false
              raw: Sets the maximum number of items to return in the response.
            extensions:
              x-ms-parameter-grouping:
                postfix: Options
            isConstant: false
            isRequired: false
            location: header
            modelType:
              $id: '113'
              $type: PrimaryType
              deprecated: false
              format: int32
              knownPrimaryType: int
              name:
                $id: '114'
                fixed: false
                raw: Int
            name:
              $id: '112'
              fixed: false
              raw: maxresults
            serializedName: maxresults
          - $id: '115'
            collectionFormat: none
            defaultValue:
              $id: '116'
              fixed: false
              raw: '30'
            deprecated: false
            documentation:
              $id: '117'
              fixed: false
              raw: >-
                Sets the maximum time that the server can spend processing the
                request, in seconds. The default is 30 seconds.
            extensions:
              x-ms-parameter-grouping:
                postfix: Options
            isConstant: false
            isRequired: false
            location: header
            modelType:
              $id: '119'
              $type: PrimaryType
              deprecated: false
              format: int32
              knownPrimaryType: int
              name:
                $id: '120'
                fixed: false
                raw: Int
            name:
              $id: '118'
              fixed: false
              raw: timeout
            serializedName: timeout
        requestContentType: application/json; charset=utf-8
        responseContentTypes:
          - application/json
        responses:
          OK:
            $id: '123'
            body:
              $ref: '36'
            isNullable: true
        returnType:
          $id: '125'
          body:
            $ref: '36'
          isNullable: true
        serializedName: Paging_getOdataMultiplePages
        url: /paging/multiple/odata
      - $id: '126'
        defaultResponse:
          $id: '154'
          isNullable: true
        deprecated: false
        description: A paging operation that includes a nextLink that has 10 pages
        extensions:
          x-ms-pageable:
            itemName: values
            nextLinkName: nextLink
        group:
          $id: '152'
          fixed: false
          raw: Paging
        hidden: false
        httpMethod: get
        isAbsoluteUrl: false
        name:
          $id: '151'
          fixed: false
          raw: getMultiplePagesWithOffset
        parameters:
          - $id: '127'
            collectionFormat: none
            defaultValue:
              $id: '128'
              fixed: false
            deprecated: false
            documentation:
              $id: '129'
              fixed: false
            isConstant: false
            isRequired: false
            location: header
            modelType:
              $id: '131'
              $type: PrimaryType
              deprecated: false
              knownPrimaryType: string
              name:
                $id: '132'
                fixed: false
                raw: String
            name:
              $id: '130'
              fixed: false
              raw: client-request-id
            serializedName: client-request-id
          - $id: '133'
            collectionFormat: none
            defaultValue:
              $id: '134'
              fixed: false
            deprecated: false
            documentation:
              $id: '135'
              fixed: false
              raw: Sets the maximum number of items to return in the response.
            extensions:
              x-ms-parameter-grouping:
                postfix: Options
            isConstant: false
            isRequired: false
            location: header
            modelType:
              $id: '137'
              $type: PrimaryType
              deprecated: false
              format: int32
              knownPrimaryType: int
              name:
                $id: '138'
                fixed: false
                raw: Int
            name:
              $id: '136'
              fixed: false
              raw: maxresults
            serializedName: maxresults
          - $id: '139'
            collectionFormat: none
            defaultValue:
              $id: '140'
              fixed: false
            deprecated: false
            documentation:
              $id: '141'
              fixed: false
              raw: Offset of return value
            extensions:
              x-ms-parameter-grouping:
                postfix: Options
            isConstant: false
            isRequired: true
            location: path
            modelType:
              $id: '143'
              $type: PrimaryType
              deprecated: false
              format: int32
              knownPrimaryType: int
              name:
                $id: '144'
                fixed: false
                raw: Int
            name:
              $id: '142'
              fixed: false
              raw: offset
            serializedName: offset
          - $id: '145'
            collectionFormat: none
            defaultValue:
              $id: '146'
              fixed: false
              raw: '30'
            deprecated: false
            documentation:
              $id: '147'
              fixed: false
              raw: >-
                Sets the maximum time that the server can spend processing the
                request, in seconds. The default is 30 seconds.
            extensions:
              x-ms-parameter-grouping:
                postfix: Options
            isConstant: false
            isRequired: false
            location: header
            modelType:
              $id: '149'
              $type: PrimaryType
              deprecated: false
              format: int32
              knownPrimaryType: int
              name:
                $id: '150'
                fixed: false
                raw: Int
            name:
              $id: '148'
              fixed: false
              raw: timeout
            serializedName: timeout
        requestContentType: application/json; charset=utf-8
        responseContentTypes:
          - application/json
        responses:
          OK:
            $id: '153'
            body:
              $ref: '22'
            isNullable: true
        returnType:
          $id: '155'
          body:
            $ref: '22'
          isNullable: true
        serializedName: Paging_getMultiplePagesWithOffset
        url: '/paging/multiple/withpath/{offset}'
      - $id: '156'
        defaultResponse:
          $id: '160'
          isNullable: true
        deprecated: false
        description: >-
          A paging operation that fails on the first call with 500 and then
          retries and then get a response including a nextLink that has 10 pages
        extensions:
          x-ms-pageable:
            itemName: values
            nextLinkName: nextLink
        group:
          $id: '158'
          fixed: false
          raw: Paging
        hidden: false
        httpMethod: get
        isAbsoluteUrl: false
        name:
          $id: '157'
          fixed: false
          raw: getMultiplePagesRetryFirst
        requestContentType: application/json; charset=utf-8
        responseContentTypes:
          - application/json
        responses:
          OK:
            $id: '159'
            body:
              $ref: '22'
            isNullable: true
        returnType:
          $id: '161'
          body:
            $ref: '22'
          isNullable: true
        serializedName: Paging_getMultiplePagesRetryFirst
        url: /paging/multiple/retryfirst
      - $id: '162'
        defaultResponse:
          $id: '166'
          isNullable: true
        deprecated: false
        description: >-
          A paging operation that includes a nextLink that has 10 pages, of
          which the 2nd call fails first with 500. The client should retry and
          finish all 10 pages eventually.
        extensions:
          x-ms-pageable:
            itemName: values
            nextLinkName: nextLink
        group:
          $id: '164'
          fixed: false
          raw: Paging
        hidden: false
        httpMethod: get
        isAbsoluteUrl: false
        name:
          $id: '163'
          fixed: false
          raw: getMultiplePagesRetrySecond
        requestContentType: application/json; charset=utf-8
        responseContentTypes:
          - application/json
        responses:
          OK:
            $id: '165'
            body:
              $ref: '22'
            isNullable: true
        returnType:
          $id: '167'
          body:
            $ref: '22'
          isNullable: true
        serializedName: Paging_getMultiplePagesRetrySecond
        url: /paging/multiple/retrysecond
      - $id: '168'
        defaultResponse:
          $id: '172'
          isNullable: true
        deprecated: false
        description: A paging operation that receives a 400 on the first call
        extensions:
          x-ms-pageable:
            itemName: values
            nextLinkName: nextLink
        group:
          $id: '170'
          fixed: false
          raw: Paging
        hidden: false
        httpMethod: get
        isAbsoluteUrl: false
        name:
          $id: '169'
          fixed: false
          raw: getSinglePagesFailure
        requestContentType: application/json; charset=utf-8
        responseContentTypes:
          - application/json
        responses:
          OK:
            $id: '171'
            body:
              $ref: '22'
            isNullable: true
        returnType:
          $id: '173'
          body:
            $ref: '22'
          isNullable: true
        serializedName: Paging_getSinglePagesFailure
        url: /paging/single/failure
      - $id: '174'
        defaultResponse:
          $id: '178'
          isNullable: true
        deprecated: false
        description: A paging operation that receives a 400 on the second call
        extensions:
          x-ms-pageable:
            itemName: values
            nextLinkName: nextLink
        group:
          $id: '176'
          fixed: false
          raw: Paging
        hidden: false
        httpMethod: get
        isAbsoluteUrl: false
        name:
          $id: '175'
          fixed: false
          raw: getMultiplePagesFailure
        requestContentType: application/json; charset=utf-8
        responseContentTypes:
          - application/json
        responses:
          OK:
            $id: '177'
            body:
              $ref: '22'
            isNullable: true
        returnType:
          $id: '179'
          body:
            $ref: '22'
          isNullable: true
        serializedName: Paging_getMultiplePagesFailure
        url: /paging/multiple/failure
      - $id: '180'
        defaultResponse:
          $id: '184'
          isNullable: true
        deprecated: false
        description: A paging operation that receives an invalid nextLink
        extensions:
          x-ms-pageable:
            itemName: values
            nextLinkName: nextLink
        group:
          $id: '182'
          fixed: false
          raw: Paging
        hidden: false
        httpMethod: get
        isAbsoluteUrl: false
        name:
          $id: '181'
          fixed: false
          raw: getMultiplePagesFailureUri
        requestContentType: application/json; charset=utf-8
        responseContentTypes:
          - application/json
        responses:
          OK:
            $id: '183'
            body:
              $ref: '22'
            isNullable: true
        returnType:
          $id: '185'
          body:
            $ref: '22'
          isNullable: true
        serializedName: Paging_getMultiplePagesFailureUri
        url: /paging/multiple/failureuri
      - $id: '186'
        defaultResponse:
          $id: '202'
          isNullable: true
        deprecated: false
        description: 'A paging operation that doesn''t return a full URL, just a fragment'
        extensions:
          x-ms-pageable:
            itemName: values
            nextLinkName: odata.nextLink
            operationName: Paging_nextFragment
        group:
          $id: '200'
          fixed: false
          raw: Paging
        hidden: false
        httpMethod: get
        isAbsoluteUrl: false
        name:
          $id: '199'
          fixed: false
          raw: getMultiplePagesFragmentNextLink
        parameters:
          - $id: '187'
            collectionFormat: none
            defaultValue:
              $id: '188'
              fixed: false
            deprecated: false
            documentation:
              $id: '189'
              fixed: false
              raw: Sets the api version to use.
            isConstant: false
            isRequired: true
            location: query
            modelType:
              $id: '191'
              $type: PrimaryType
              deprecated: false
              knownPrimaryType: string
              name:
                $id: '192'
                fixed: false
                raw: String
            name:
              $id: '190'
              fixed: false
              raw: api_version
            serializedName: api_version
          - $id: '193'
            collectionFormat: none
            defaultValue:
              $id: '194'
              fixed: false
            deprecated: false
            documentation:
              $id: '195'
              fixed: false
              raw: Sets the tenant to use.
            isConstant: false
            isRequired: true
            location: path
            modelType:
              $id: '197'
              $type: PrimaryType
              deprecated: false
              knownPrimaryType: string
              name:
                $id: '198'
                fixed: false
                raw: String
            name:
              $id: '196'
              fixed: false
              raw: tenant
            serializedName: tenant
        requestContentType: application/json; charset=utf-8
        responseContentTypes:
          - application/json
        responses:
          OK:
            $id: '201'
            body:
              $ref: '36'
            isNullable: true
        returnType:
          $id: '203'
          body:
            $ref: '36'
          isNullable: true
        serializedName: Paging_getMultiplePagesFragmentNextLink
        url: '/paging/multiple/fragment/{tenant}'
      - $id: '204'
        defaultResponse:
          $id: '220'
          isNullable: true
        deprecated: false
        description: >-
          A paging operation that doesn't return a full URL, just a fragment
          with parameters grouped
        extensions:
          x-ms-pageable:
            itemName: values
            nextLinkName: odata.nextLink
            operationName: Paging_nextFragmentWithGrouping
        group:
          $id: '218'
          fixed: false
          raw: Paging
        hidden: false
        httpMethod: get
        isAbsoluteUrl: false
        name:
          $id: '217'
          fixed: false
          raw: getMultiplePagesFragmentWithGroupingNextLink
        parameters:
          - $id: '205'
            collectionFormat: none
            defaultValue:
              $id: '206'
              fixed: false
            deprecated: false
            documentation:
              $id: '207'
              fixed: false
              raw: Sets the api version to use.
            extensions:
              x-ms-parameter-grouping:
                name: custom-parameter-group
            isConstant: false
            isRequired: true
            location: query
            modelType:
              $id: '209'
              $type: PrimaryType
              deprecated: false
              knownPrimaryType: string
              name:
                $id: '210'
                fixed: false
                raw: String
            name:
              $id: '208'
              fixed: false
              raw: api_version
            serializedName: api_version
          - $id: '211'
            collectionFormat: none
            defaultValue:
              $id: '212'
              fixed: false
            deprecated: false
            documentation:
              $id: '213'
              fixed: false
              raw: Sets the tenant to use.
            extensions:
              x-ms-parameter-grouping:
                name: custom-parameter-group
            isConstant: false
            isRequired: true
            location: path
            modelType:
              $id: '215'
              $type: PrimaryType
              deprecated: false
              knownPrimaryType: string
              name:
                $id: '216'
                fixed: false
                raw: String
            name:
              $id: '214'
              fixed: false
              raw: tenant
            serializedName: tenant
        requestContentType: application/json; charset=utf-8
        responseContentTypes:
          - application/json
        responses:
          OK:
            $id: '219'
            body:
              $ref: '36'
            isNullable: true
        returnType:
          $id: '221'
          body:
            $ref: '36'
          isNullable: true
        serializedName: Paging_getMultiplePagesFragmentWithGroupingNextLink
        url: '/paging/multiple/fragmentwithgrouping/{tenant}'
      - $id: '222'
        defaultResponse:
          $id: '244'
          isNullable: true
        deprecated: false
        description: 'A paging operation that doesn''t return a full URL, just a fragment'
        extensions:
          x-ms-pageable:
            itemName: values
            nextLinkName: odata.nextLink
            operationName: Paging_nextFragment
        group:
          $id: '242'
          fixed: false
          raw: Paging
        hidden: false
        httpMethod: get
        isAbsoluteUrl: false
        name:
          $id: '241'
          fixed: false
          raw: nextFragment
        parameters:
          - $id: '223'
            collectionFormat: none
            defaultValue:
              $id: '224'
              fixed: false
            deprecated: false
            documentation:
              $id: '225'
              fixed: false
              raw: Sets the api version to use.
            isConstant: false
            isRequired: true
            location: query
            modelType:
              $id: '227'
              $type: PrimaryType
              deprecated: false
              knownPrimaryType: string
              name:
                $id: '228'
                fixed: false
                raw: String
            name:
              $id: '226'
              fixed: false
              raw: api_version
            serializedName: api_version
          - $id: '229'
            collectionFormat: none
            defaultValue:
              $id: '230'
              fixed: false
            deprecated: false
            documentation:
              $id: '231'
              fixed: false
              raw: Sets the tenant to use.
            isConstant: false
            isRequired: true
            location: path
            modelType:
              $id: '233'
              $type: PrimaryType
              deprecated: false
              knownPrimaryType: string
              name:
                $id: '234'
                fixed: false
                raw: String
            name:
              $id: '232'
              fixed: false
              raw: tenant
            serializedName: tenant
          - $id: '235'
            collectionFormat: none
            defaultValue:
              $id: '236'
              fixed: false
            deprecated: false
            documentation:
              $id: '237'
              fixed: false
              raw: Next link for list operation.
            extensions:
              x-ms-skip-url-encoding: true
            isConstant: false
            isRequired: true
            location: path
            modelType:
              $id: '239'
              $type: PrimaryType
              deprecated: false
              knownPrimaryType: string
              name:
                $id: '240'
                fixed: false
                raw: String
            name:
              $id: '238'
              fixed: false
              raw: nextLink
            serializedName: nextLink
        requestContentType: application/json; charset=utf-8
        responseContentTypes:
          - application/json
        responses:
          OK:
            $id: '243'
            body:
              $ref: '36'
            isNullable: true
        returnType:
          $id: '245'
          body:
            $ref: '36'
          isNullable: true
        serializedName: Paging_nextFragment
        url: '/paging/multiple/fragment/{tenant}/{nextLink}'
      - $id: '246'
        defaultResponse:
          $id: '268'
          isNullable: true
        deprecated: false
        description: 'A paging operation that doesn''t return a full URL, just a fragment'
        extensions:
          x-ms-pageable:
            itemName: values
            nextLinkName: odata.nextLink
            operationName: Paging_nextFragmentWithGrouping
        group:
          $id: '266'
          fixed: false
          raw: Paging
        hidden: false
        httpMethod: get
        isAbsoluteUrl: false
        name:
          $id: '265'
          fixed: false
          raw: nextFragmentWithGrouping
        parameters:
          - $id: '247'
            collectionFormat: none
            defaultValue:
              $id: '248'
              fixed: false
            deprecated: false
            documentation:
              $id: '249'
              fixed: false
              raw: Sets the api version to use.
            extensions:
              x-ms-parameter-grouping:
                name: custom-parameter-group
            isConstant: false
            isRequired: true
            location: query
            modelType:
              $id: '251'
              $type: PrimaryType
              deprecated: false
              knownPrimaryType: string
              name:
                $id: '252'
                fixed: false
                raw: String
            name:
              $id: '250'
              fixed: false
              raw: api_version
            serializedName: api_version
          - $id: '253'
            collectionFormat: none
            defaultValue:
              $id: '254'
              fixed: false
            deprecated: false
            documentation:
              $id: '255'
              fixed: false
              raw: Sets the tenant to use.
            extensions:
              x-ms-parameter-grouping:
                name: custom-parameter-group
            isConstant: false
            isRequired: true
            location: path
            modelType:
              $id: '257'
              $type: PrimaryType
              deprecated: false
              knownPrimaryType: string
              name:
                $id: '258'
                fixed: false
                raw: String
            name:
              $id: '256'
              fixed: false
              raw: tenant
            serializedName: tenant
          - $id: '259'
            collectionFormat: none
            defaultValue:
              $id: '260'
              fixed: false
            deprecated: false
            documentation:
              $id: '261'
              fixed: false
              raw: Next link for list operation.
            extensions:
              x-ms-skip-url-encoding: true
            isConstant: false
            isRequired: true
            location: path
            modelType:
              $id: '263'
              $type: PrimaryType
              deprecated: false
              knownPrimaryType: string
              name:
                $id: '264'
                fixed: false
                raw: String
            name:
              $id: '262'
              fixed: false
              raw: nextLink
            serializedName: nextLink
        requestContentType: application/json; charset=utf-8
        responseContentTypes:
          - application/json
        responses:
          OK:
            $id: '267'
            body:
              $ref: '36'
            isNullable: true
        returnType:
          $id: '269'
          body:
            $ref: '36'
          isNullable: true
        serializedName: Paging_nextFragmentWithGrouping
        url: '/paging/multiple/fragmentwithgrouping/{tenant}/{nextLink}'
    name:
      $id: '270'
      fixed: false
      raw: Paging
    nameForProperty: Paging
    typeName:
      $id: '271'
      fixed: false
