---
apiVersion: 1.0.0
baseUrl: 'http://localhost:3000'
documentation: Test Infrastructure for AutoRest
errorTypes:
  - &ref_0
    $type: CompositeType
    containsConstantProperties: false
    deprecated: false
    name:
      fixed: false
      raw: Error
    properties:
      - collectionFormat: none
        defaultValue:
          fixed: false
        deprecated: false
        documentation:
          fixed: false
        isConstant: false
        isReadOnly: false
        isRequired: false
        modelType:
          $type: PrimaryType
          deprecated: false
          format: int32
          knownPrimaryType: int
          name:
            fixed: false
            raw: Int
        name:
          fixed: false
          raw: status
        realPath:
          - status
        serializedName: status
      - collectionFormat: none
        defaultValue:
          fixed: false
        deprecated: false
        documentation:
          fixed: false
        isConstant: false
        isReadOnly: false
        isRequired: false
        modelType:
          $type: PrimaryType
          deprecated: false
          knownPrimaryType: string
          name:
            fixed: false
            raw: String
        name:
          fixed: false
          raw: message
        realPath:
          - message
        serializedName: message
    serializedName: Error
modelTypes:
  - *ref_0
modelsName: Models
name: AutoRestRFC1123DateTimeTestService
namespace: ''
operations:
  - methods:
      - defaultResponse:
          body: *ref_0
          isNullable: true
        deprecated: false
        description: Get null datetime value
        group:
          fixed: false
          raw: datetimerfc1123
        hidden: false
        httpMethod: get
        isAbsoluteUrl: false
        name:
          fixed: false
          raw: getNull
        requestContentType: application/json; charset=utf-8
        responseContentTypes:
          - application/json
        responses:
          OK:
            body: &ref_1
              $type: PrimaryType
              deprecated: false
              format: date-time-rfc1123
              knownPrimaryType: dateTimeRfc1123
              name:
                fixed: false
                raw: DateTimeRfc1123
            isNullable: true
        returnType:
          body: *ref_1
          isNullable: true
        serializedName: datetimerfc1123_getNull
        url: /datetimerfc1123/null
      - defaultResponse:
          body: *ref_0
          isNullable: true
        deprecated: false
        description: Get invalid datetime value
        group:
          fixed: false
          raw: datetimerfc1123
        hidden: false
        httpMethod: get
        isAbsoluteUrl: false
        name:
          fixed: false
          raw: getInvalid
        requestContentType: application/json; charset=utf-8
        responseContentTypes:
          - application/json
        responses:
          OK:
            body: &ref_2
              $type: PrimaryType
              deprecated: false
              format: date-time-rfc1123
              knownPrimaryType: dateTimeRfc1123
              name:
                fixed: false
                raw: DateTimeRfc1123
            isNullable: true
        returnType:
          body: *ref_2
          isNullable: true
        serializedName: datetimerfc1123_getInvalid
        url: /datetimerfc1123/invalid
      - defaultResponse:
          body: *ref_0
          isNullable: true
        deprecated: false
        description: Get overflow datetime value
        group:
          fixed: false
          raw: datetimerfc1123
        hidden: false
        httpMethod: get
        isAbsoluteUrl: false
        name:
          fixed: false
          raw: getOverflow
        requestContentType: application/json; charset=utf-8
        responseContentTypes:
          - application/json
        responses:
          OK:
            body: &ref_3
              $type: PrimaryType
              deprecated: false
              format: date-time-rfc1123
              knownPrimaryType: dateTimeRfc1123
              name:
                fixed: false
                raw: DateTimeRfc1123
            isNullable: true
        returnType:
          body: *ref_3
          isNullable: true
        serializedName: datetimerfc1123_getOverflow
        url: /datetimerfc1123/overflow
      - defaultResponse:
          body: *ref_0
          isNullable: true
        deprecated: false
        description: Get underflow datetime value
        group:
          fixed: false
          raw: datetimerfc1123
        hidden: false
        httpMethod: get
        isAbsoluteUrl: false
        name:
          fixed: false
          raw: getUnderflow
        requestContentType: application/json; charset=utf-8
        responseContentTypes:
          - application/json
        responses:
          OK:
            body: &ref_4
              $type: PrimaryType
              deprecated: false
              format: date-time-rfc1123
              knownPrimaryType: dateTimeRfc1123
              name:
                fixed: false
                raw: DateTimeRfc1123
            isNullable: true
        returnType:
          body: *ref_4
          isNullable: true
        serializedName: datetimerfc1123_getUnderflow
        url: /datetimerfc1123/underflow
      - defaultResponse:
          body: *ref_0
          isNullable: true
        deprecated: false
        description: 'Put max datetime value Fri, 31 Dec 9999 23:59:59 GMT'
        extensions:
          x-ms-requestBody-index: '0'
        group:
          fixed: false
          raw: datetimerfc1123
        hidden: false
        httpMethod: put
        isAbsoluteUrl: false
        name:
          fixed: false
          raw: putUtcMaxDateTime
        parameters:
          - collectionFormat: none
            defaultValue:
              fixed: false
            deprecated: false
            documentation:
              fixed: false
            extensions:
              x-ms-requestBody-name: datetimeBody
            isConstant: false
            isRequired: true
            location: body
            modelType:
              $type: PrimaryType
              deprecated: false
              format: date-time-rfc1123
              knownPrimaryType: dateTimeRfc1123
              name:
                fixed: false
                raw: DateTimeRfc1123
            name:
              fixed: false
              raw: datetimeBody
            serializedName: datetimeBody
        requestContentType: application/json; charset=utf-8
        responseContentTypes:
          - application/json
        responses:
          OK:
            isNullable: true
        returnType:
          isNullable: true
        serializedName: datetimerfc1123_putUtcMaxDateTime
        url: /datetimerfc1123/max
      - defaultResponse:
          body: *ref_0
          isNullable: true
        deprecated: false
        description: 'Get max datetime value fri, 31 dec 9999 23:59:59 gmt'
        group:
          fixed: false
          raw: datetimerfc1123
        hidden: false
        httpMethod: get
        isAbsoluteUrl: false
        name:
          fixed: false
          raw: getUtcLowercaseMaxDateTime
        requestContentType: application/json; charset=utf-8
        responseContentTypes:
          - application/json
        responses:
          OK:
            body: &ref_5
              $type: PrimaryType
              deprecated: false
              format: date-time-rfc1123
              knownPrimaryType: dateTimeRfc1123
              name:
                fixed: false
                raw: DateTimeRfc1123
            isNullable: true
        returnType:
          body: *ref_5
          isNullable: true
        serializedName: datetimerfc1123_getUtcLowercaseMaxDateTime
        url: /datetimerfc1123/max/lowercase
      - defaultResponse:
          body: *ref_0
          isNullable: true
        deprecated: false
        description: 'Get max datetime value FRI, 31 DEC 9999 23:59:59 GMT'
        group:
          fixed: false
          raw: datetimerfc1123
        hidden: false
        httpMethod: get
        isAbsoluteUrl: false
        name:
          fixed: false
          raw: getUtcUppercaseMaxDateTime
        requestContentType: application/json; charset=utf-8
        responseContentTypes:
          - application/json
        responses:
          OK:
            body: &ref_6
              $type: PrimaryType
              deprecated: false
              format: date-time-rfc1123
              knownPrimaryType: dateTimeRfc1123
              name:
                fixed: false
                raw: DateTimeRfc1123
            isNullable: true
        returnType:
          body: *ref_6
          isNullable: true
        serializedName: datetimerfc1123_getUtcUppercaseMaxDateTime
        url: /datetimerfc1123/max/uppercase
      - defaultResponse:
          body: *ref_0
          isNullable: true
        deprecated: false
        description: 'Put min datetime value Mon, 1 Jan 0001 00:00:00 GMT'
        extensions:
          x-ms-requestBody-index: '0'
        group:
          fixed: false
          raw: datetimerfc1123
        hidden: false
        httpMethod: put
        isAbsoluteUrl: false
        name:
          fixed: false
          raw: putUtcMinDateTime
        parameters:
          - collectionFormat: none
            defaultValue:
              fixed: false
            deprecated: false
            documentation:
              fixed: false
            extensions:
              x-ms-requestBody-name: datetimeBody
            isConstant: false
            isRequired: true
            location: body
            modelType:
              $type: PrimaryType
              deprecated: false
              format: date-time-rfc1123
              knownPrimaryType: dateTimeRfc1123
              name:
                fixed: false
                raw: DateTimeRfc1123
            name:
              fixed: false
              raw: datetimeBody
            serializedName: datetimeBody
        requestContentType: application/json; charset=utf-8
        responseContentTypes:
          - application/json
        responses:
          OK:
            isNullable: true
        returnType:
          isNullable: true
        serializedName: datetimerfc1123_putUtcMinDateTime
        url: /datetimerfc1123/min
      - defaultResponse:
          body: *ref_0
          isNullable: true
        deprecated: false
        description: 'Get min datetime value Mon, 1 Jan 0001 00:00:00 GMT'
        group:
          fixed: false
          raw: datetimerfc1123
        hidden: false
        httpMethod: get
        isAbsoluteUrl: false
        name:
          fixed: false
          raw: getUtcMinDateTime
        requestContentType: application/json; charset=utf-8
        responseContentTypes:
          - application/json
        responses:
          OK:
            body: &ref_7
              $type: PrimaryType
              deprecated: false
              format: date-time-rfc1123
              knownPrimaryType: dateTimeRfc1123
              name:
                fixed: false
                raw: DateTimeRfc1123
            isNullable: true
        returnType:
          body: *ref_7
          isNullable: true
        serializedName: datetimerfc1123_getUtcMinDateTime
        url: /datetimerfc1123/min
    name:
      fixed: false
      raw: Datetimerfc1123
    nameForProperty: Datetimerfc1123
    typeName:
      fixed: false
