---
$id: '1'
apiVersion: '2016-07-07'
baseUrl: 'http://localhost:3000'
documentation: PetStore
enumTypes:
  - $ref: '13'
  - $ref: '28'
modelTypes:
  - $id: '2'
    $type: CompositeType
    containsConstantProperties: false
    deprecated: false
    name:
      $id: '35'
      fixed: false
      raw: Pet
    properties:
      - $id: '3'
        collectionFormat: none
        defaultValue:
          $id: '4'
          fixed: false
        deprecated: false
        documentation:
          $id: '5'
          fixed: false
        isConstant: false
        isReadOnly: false
        isRequired: false
        modelType:
          $id: '7'
          $type: PrimaryType
          deprecated: false
          knownPrimaryType: string
          name:
            $id: '8'
            fixed: false
            raw: String
        name:
          $id: '6'
          fixed: false
          raw: name
        realPath:
          - name
        serializedName: name
      - $id: '9'
        collectionFormat: none
        defaultValue:
          $id: '10'
          fixed: false
          raw: Friday
        deprecated: false
        documentation:
          $id: '11'
          fixed: false
          raw: Type of Pet
        extensions:
          x-ms-enum:
            modelAsExtensible: true
            name: DaysOfWeekExtensibleEnum
        isConstant: false
        isReadOnly: false
        isRequired: false
        modelType:
          $id: '13'
          $type: EnumType
          deprecated: false
          modelAsString: false
          name:
            $id: '23'
            fixed: false
            raw: DaysOfWeekExtensibleEnum
          oldModelAsString: false
          underlyingType:
            $id: '21'
            $type: PrimaryType
            deprecated: false
            knownPrimaryType: string
            name:
              $id: '22'
              fixed: false
              raw: String
          values:
            - $id: '14'
              name: Monday
              serializedName: Monday
            - $id: '15'
              name: Tuesday
              serializedName: Tuesday
            - $id: '16'
              name: Wednesday
              serializedName: Wednesday
            - $id: '17'
              name: Thursday
              serializedName: Thursday
            - $id: '18'
              name: Friday
              serializedName: Friday
            - $id: '19'
              name: Saturday
              serializedName: Saturday
            - $id: '20'
              name: Sunday
              serializedName: Sunday
        name:
          $id: '12'
          fixed: false
          raw: DaysOfWeek
        realPath:
          - DaysOfWeek
        serializedName: DaysOfWeek
      - $id: '24'
        collectionFormat: none
        defaultValue:
          $id: '25'
          fixed: false
        deprecated: false
        documentation:
          $id: '26'
          fixed: false
          raw: ''
        extensions:
          x-ms-enum:
            modelAsExtensible: true
            modelAsString: true
            name: IntEnum
            values:
              - allowedValues:
                  - '1.1'
                  - '1.2'
                  - '1.3'
                description: one
                name: '1'
                value: '1'
              - allowedValues:
                  - '2.1'
                  - '2.2'
                description: two
                name: '2'
                value: '2'
              - allowedValues:
                  - '3.1'
                  - '3.3'
                description: three
                name: '3'
                value: '3'
        isConstant: false
        isReadOnly: false
        isRequired: true
        modelType:
          $id: '28'
          $type: EnumType
          deprecated: false
          modelAsString: true
          name:
            $id: '34'
            fixed: false
            raw: IntEnum
          oldModelAsString: false
          underlyingType:
            $id: '32'
            $type: PrimaryType
            deprecated: false
            knownPrimaryType: string
            name:
              $id: '33'
              fixed: false
              raw: String
          values:
            - $id: '29'
              allowedValues:
                - '1.1'
                - '1.2'
                - '1.3'
              description: one
              name: '1'
              serializedName: '1'
            - $id: '30'
              allowedValues:
                - '2.1'
                - '2.2'
              description: two
              name: '2'
              serializedName: '2'
            - $id: '31'
              allowedValues:
                - '3.1'
                - '3.3'
              description: three
              name: '3'
              serializedName: '3'
        name:
          $id: '27'
          fixed: false
          raw: IntEnum
        realPath:
          - IntEnum
        serializedName: IntEnum
    serializedName: Pet
modelsName: Models
name: PetStoreInc
namespace: ''
operations:
  - $id: '42'
    methods:
      - $id: '43'
        defaultResponse:
          $id: '53'
          isNullable: true
        deprecated: false
        group:
          $id: '51'
          fixed: false
          raw: Pet
        hidden: false
        httpMethod: get
        isAbsoluteUrl: false
        name:
          $id: '50'
          fixed: false
          raw: GetByPetId
        parameters:
          - $id: '44'
            clientProperty:
              $ref: '36'
            collectionFormat: none
            defaultValue:
              $id: '45'
              fixed: false
            deprecated: false
            documentation:
              $id: '46'
              fixed: false
              raw: Pet id
            extensions:
              x-ms-parameter-location: method
            isConstant: false
            isRequired: true
            location: path
            modelType:
              $id: '48'
              $type: PrimaryType
              deprecated: false
              knownPrimaryType: string
              name:
                $id: '49'
                fixed: false
                raw: String
            name:
              $id: '47'
              fixed: false
              raw: petId
            serializedName: petId
        requestContentType: application/json; charset=utf-8
        responseContentTypes:
          - application/json
        responses:
          OK:
            $id: '52'
            body:
              $ref: '2'
            isNullable: true
        returnType:
          $id: '54'
          body:
            $ref: '2'
          isNullable: true
        serializedName: Pet_GetByPetId
        url: '/extensibleenums/pet/{petId}'
      - $id: '55'
        defaultResponse:
          $id: '63'
          isNullable: true
        deprecated: false
        extensions:
          x-ms-requestBody-index: '0'
        group:
          $id: '61'
          fixed: false
          raw: Pet
        hidden: false
        httpMethod: post
        isAbsoluteUrl: false
        name:
          $id: '60'
          fixed: false
          raw: AddPet
        parameters:
          - $id: '56'
            collectionFormat: none
            defaultValue:
              $id: '57'
              fixed: false
            deprecated: false
            documentation:
              $id: '58'
              fixed: false
            extensions:
              x-ms-requestBody-name: petParam
            isConstant: false
            isRequired: false
            location: body
            modelType:
              $ref: '2'
            name:
              $id: '59'
              fixed: false
              raw: petParam
            serializedName: petParam
        requestContentType: application/json; charset=utf-8
        responseContentTypes:
          - application/json
        responses:
          OK:
            $id: '62'
            body:
              $ref: '2'
            isNullable: true
        returnType:
          $id: '64'
          body:
            $ref: '2'
          isNullable: true
        serializedName: Pet_AddPet
        url: /extensibleenums/pet/addPet
    name:
      $id: '65'
      fixed: false
      raw: Pet
    nameForProperty: Pet
    typeName:
      $id: '66'
      fixed: false
properties:
  - $id: '36'
    collectionFormat: none
    defaultValue:
      $id: '37'
      fixed: false
    deprecated: false
    documentation:
      $id: '38'
      fixed: false
      raw: Pet id
    extensions:
      x-ms-parameter-location: method
    isConstant: false
    isReadOnly: false
    isRequired: true
    modelType:
      $id: '40'
      $type: PrimaryType
      deprecated: false
      knownPrimaryType: string
      name:
        $id: '41'
        fixed: false
        raw: String
    name:
      $id: '39'
      fixed: false
      raw: petId
    realPath:
      - petId
    serializedName: petId
