---
apiVersion: 1.0.0
baseUrl: 'http://localhost'
documentation: Resource Flattening for AutoRest
errorTypes:
  - $ref: '1'
modelTypes:
  - $id: '1'
    $type: CompositeType
    containsConstantProperties: false
    name:
      fixed: false
      raw: Error
    properties:
      - $id: '2'
        collectionFormat: none
        defaultValue:
          fixed: false
        documentation:
          fixed: false
        isConstant: false
        isReadOnly: false
        isRequired: false
        modelType:
          $id: '3'
          $type: PrimaryType
          format: int32
          knownPrimaryType: int
          name:
            fixed: false
            raw: Int
        name:
          fixed: false
          raw: status
        realPath:
          - status
        serializedName: status
      - $id: '4'
        collectionFormat: none
        defaultValue:
          fixed: false
        documentation:
          fixed: false
        isConstant: false
        isReadOnly: false
        isRequired: false
        modelType:
          $id: '5'
          $type: PrimaryType
          knownPrimaryType: string
          name:
            fixed: false
            raw: String
        name:
          fixed: false
          raw: message
        realPath:
          - message
        serializedName: message
      - $id: '6'
        collectionFormat: none
        defaultValue:
          fixed: false
        documentation:
          fixed: false
        extensions:
          x-ms-client-flatten: true
        isConstant: false
        isReadOnly: false
        isRequired: false
        modelType:
          $ref: '1'
        name:
          fixed: false
          raw: parentError
        realPath:
          - parentError
        serializedName: parentError
    serializedName: Error
  - $id: '7'
    $type: CompositeType
    containsConstantProperties: false
    name:
      fixed: false
      raw: Resource
    properties:
      - $id: '8'
        collectionFormat: none
        defaultValue:
          fixed: false
        documentation:
          fixed: false
          raw: Resource Id
        isConstant: false
        isReadOnly: true
        isRequired: false
        modelType:
          $id: '9'
          $type: PrimaryType
          knownPrimaryType: string
          name:
            fixed: false
            raw: String
        name:
          fixed: false
          raw: id
        realPath:
          - id
        serializedName: id
      - $id: '10'
        collectionFormat: none
        defaultValue:
          fixed: false
        documentation:
          fixed: false
          raw: Resource Type
        isConstant: false
        isReadOnly: true
        isRequired: false
        modelType:
          $id: '11'
          $type: PrimaryType
          knownPrimaryType: string
          name:
            fixed: false
            raw: String
        name:
          fixed: false
          raw: type
        realPath:
          - type
        serializedName: type
      - $id: '12'
        collectionFormat: none
        defaultValue:
          fixed: false
        documentation:
          fixed: false
        isConstant: false
        isReadOnly: false
        isRequired: false
        modelType:
          $id: '13'
          $type: DictionaryType
          name:
            fixed: false
          supportsAdditionalProperties: false
          valueType:
            $id: '14'
            $type: PrimaryType
            knownPrimaryType: string
            name:
              fixed: false
              raw: String
        name:
          fixed: false
          raw: tags
        realPath:
          - tags
        serializedName: tags
      - $id: '15'
        collectionFormat: none
        defaultValue:
          fixed: false
        documentation:
          fixed: false
          raw: Resource Location
        isConstant: false
        isReadOnly: false
        isRequired: false
        modelType:
          $id: '16'
          $type: PrimaryType
          knownPrimaryType: string
          name:
            fixed: false
            raw: String
        name:
          fixed: false
          raw: location
        realPath:
          - location
        serializedName: location
      - $id: '17'
        collectionFormat: none
        defaultValue:
          fixed: false
        documentation:
          fixed: false
          raw: Resource Name
        isConstant: false
        isReadOnly: true
        isRequired: false
        modelType:
          $id: '18'
          $type: PrimaryType
          knownPrimaryType: string
          name:
            fixed: false
            raw: String
        name:
          fixed: false
          raw: name
        realPath:
          - name
        serializedName: name
    serializedName: Resource
  - $id: '19'
    $type: CompositeType
    containsConstantProperties: false
    extensions:
      x-ms-client-flatten: true
    name:
      fixed: false
      raw: FlattenedProduct_properties
    properties:
      - $id: '20'
        collectionFormat: none
        defaultValue:
          fixed: false
        documentation:
          fixed: false
        isConstant: false
        isReadOnly: false
        isRequired: false
        modelType:
          $id: '21'
          $type: PrimaryType
          knownPrimaryType: string
          name:
            fixed: false
            raw: String
        name:
          fixed: false
          raw: p.name
        realPath:
          - p.name
        serializedName: p.name
      - $id: '22'
        collectionFormat: none
        defaultValue:
          fixed: false
        documentation:
          fixed: false
        isConstant: false
        isReadOnly: false
        isRequired: false
        modelType:
          $id: '23'
          $type: PrimaryType
          knownPrimaryType: string
          name:
            fixed: false
            raw: String
        name:
          fixed: false
          raw: type
        realPath:
          - type
        serializedName: type
      - $id: '24'
        collectionFormat: none
        defaultValue:
          fixed: false
        documentation:
          fixed: false
        isConstant: false
        isReadOnly: true
        isRequired: false
        modelType:
          $id: '25'
          $type: EnumType
          modelAsExtensible: false
          modelAsString: true
          name:
            fixed: false
            raw: ''
          underlyingType:
            $id: '26'
            $type: PrimaryType
            knownPrimaryType: string
            name:
              fixed: false
              raw: String
          values:
            - name: Succeeded
              serializedName: Succeeded
            - name: Failed
              serializedName: Failed
            - name: canceled
              serializedName: canceled
            - name: Accepted
              serializedName: Accepted
            - name: Creating
              serializedName: Creating
            - name: Created
              serializedName: Created
            - name: Updating
              serializedName: Updating
            - name: Updated
              serializedName: Updated
            - name: Deleting
              serializedName: Deleting
            - name: Deleted
              serializedName: Deleted
            - name: OK
              serializedName: OK
        name:
          fixed: false
          raw: provisioningStateValues
        realPath:
          - provisioningStateValues
        serializedName: provisioningStateValues
      - $id: '27'
        collectionFormat: none
        defaultValue:
          fixed: false
        documentation:
          fixed: false
        isConstant: false
        isReadOnly: false
        isRequired: false
        modelType:
          $id: '28'
          $type: PrimaryType
          knownPrimaryType: string
          name:
            fixed: false
            raw: String
        name:
          fixed: false
          raw: provisioningState
        realPath:
          - provisioningState
        serializedName: provisioningState
    serializedName: FlattenedProduct_properties
  - $id: '29'
    $type: CompositeType
    baseModelType:
      $ref: '7'
    containsConstantProperties: false
    documentation: Flattened product.
    externalDocsUrl: 'http://tempuri.org'
    name:
      fixed: false
      raw: FlattenedProduct
    properties:
      - $id: '30'
        collectionFormat: none
        defaultValue:
          fixed: false
        documentation:
          fixed: false
        extensions:
          x-ms-client-flatten: true
        isConstant: false
        isReadOnly: false
        isRequired: false
        modelType:
          $ref: '19'
        name:
          fixed: false
          raw: properties
        realPath:
          - properties
        serializedName: properties
    serializedName: FlattenedProduct
  - $id: '31'
    $type: CompositeType
    containsConstantProperties: false
    name:
      fixed: false
      raw: ResourceCollection
    properties:
      - $id: '32'
        collectionFormat: none
        defaultValue:
          fixed: false
        documentation:
          fixed: false
        isConstant: false
        isReadOnly: false
        isRequired: false
        modelType:
          $ref: '29'
        name:
          fixed: false
          raw: productresource
        realPath:
          - productresource
        serializedName: productresource
      - $id: '33'
        collectionFormat: none
        defaultValue:
          fixed: false
        documentation:
          fixed: false
        isConstant: false
        isReadOnly: false
        isRequired: false
        modelType:
          $id: '34'
          $type: SequenceType
          elementType:
            $ref: '29'
          name:
            fixed: false
        name:
          fixed: false
          raw: arrayofresources
        realPath:
          - arrayofresources
        serializedName: arrayofresources
      - $id: '35'
        collectionFormat: none
        defaultValue:
          fixed: false
        documentation:
          fixed: false
        isConstant: false
        isReadOnly: false
        isRequired: false
        modelType:
          $id: '36'
          $type: DictionaryType
          name:
            fixed: false
          supportsAdditionalProperties: false
          valueType:
            $ref: '29'
        name:
          fixed: false
          raw: dictionaryofresources
        realPath:
          - dictionaryofresources
        serializedName: dictionaryofresources
    serializedName: ResourceCollection
  - $id: '37'
    $type: CompositeType
    containsConstantProperties: false
    documentation: The product documentation.
    name:
      fixed: false
      raw: BaseProduct
    properties:
      - $id: '38'
        collectionFormat: none
        defaultValue:
          fixed: false
        documentation:
          fixed: false
          raw: >-
            Unique identifier representing a specific product for a given
            latitude & longitude. For example, uberX in San Francisco will have
            a different product_id than uberX in Los Angeles.
        extensions:
          x-ms-client-name: productId
        isConstant: false
        isReadOnly: false
        isRequired: true
        modelType:
          $id: '39'
          $type: PrimaryType
          knownPrimaryType: string
          name:
            fixed: false
            raw: String
        name:
          fixed: false
          raw: base_product_id
        realPath:
          - base_product_id
        serializedName: base_product_id
      - $id: '40'
        collectionFormat: none
        defaultValue:
          fixed: false
        documentation:
          fixed: false
          raw: Description of product.
        extensions:
          x-ms-client-name: description
        isConstant: false
        isReadOnly: false
        isRequired: false
        modelType:
          $id: '41'
          $type: PrimaryType
          knownPrimaryType: string
          name:
            fixed: false
            raw: String
        name:
          fixed: false
          raw: base_product_description
        realPath:
          - base_product_description
        serializedName: base_product_description
    serializedName: BaseProduct
  - $id: '42'
    $type: CompositeType
    baseModelType:
      $id: '45'
      $type: CompositeType
      containsConstantProperties: false
      documentation: The Generic URL.
      name:
        fixed: false
        raw: GenericUrl
      properties:
        - $id: '46'
          collectionFormat: none
          defaultValue:
            fixed: false
          documentation:
            fixed: false
            raw: Generic URL value.
          isConstant: false
          isReadOnly: false
          isRequired: false
          modelType:
            $id: '47'
            $type: PrimaryType
            knownPrimaryType: string
            name:
              fixed: false
              raw: String
          name:
            fixed: false
            raw: generic_value
          realPath:
            - generic_value
          serializedName: generic_value
      serializedName: GenericUrl
    containsConstantProperties: false
    documentation: The product URL.
    name:
      fixed: false
      raw: ProductUrl
    properties:
      - $id: '43'
        collectionFormat: none
        defaultValue:
          fixed: false
        documentation:
          fixed: false
          raw: URL value.
        isConstant: false
        isReadOnly: false
        isRequired: false
        modelType:
          $id: '44'
          $type: PrimaryType
          knownPrimaryType: string
          name:
            fixed: false
            raw: String
        name:
          fixed: false
          raw: '@odata.value'
        realPath:
          - '@odata.value'
        serializedName: '@odata.value'
    serializedName: ProductUrl
  - $id: '48'
    $type: CompositeType
    containsConstantProperties: true
    documentation: The product documentation.
    name:
      fixed: false
      raw: SimpleProductProperties
    properties:
      - $id: '49'
        collectionFormat: none
        defaultValue:
          fixed: false
        documentation:
          fixed: false
          raw: Display name of product.
        isConstant: false
        isReadOnly: false
        isRequired: true
        modelType:
          $id: '50'
          $type: PrimaryType
          knownPrimaryType: string
          name:
            fixed: false
            raw: String
        name:
          fixed: false
          raw: max_product_display_name
        realPath:
          - max_product_display_name
        serializedName: max_product_display_name
      - $id: '51'
        collectionFormat: none
        defaultValue:
          fixed: false
          raw: Large
        documentation:
          fixed: false
          raw: 'Capacity of product. For example, 4 people.'
        extensions:
          x-ms-client-name: capacity
        isConstant: true
        isReadOnly: false
        isRequired: true
        modelType:
          $id: '52'
          $type: PrimaryType
          knownPrimaryType: string
          name:
            fixed: false
            raw: String
        name:
          fixed: false
          raw: max_product_capacity
        realPath:
          - max_product_capacity
        serializedName: max_product_capacity
      - $id: '53'
        collectionFormat: none
        defaultValue:
          fixed: false
        documentation:
          fixed: false
        extensions:
          x-ms-client-flatten: true
        isConstant: false
        isReadOnly: false
        isRequired: false
        modelType:
          $ref: '42'
        name:
          fixed: false
          raw: max_product_image
        realPath:
          - max_product_image
        serializedName: max_product_image
    serializedName: SimpleProductProperties
  - $id: '54'
    $type: CompositeType
    baseModelType:
      $ref: '37'
    containsConstantProperties: true
    documentation: The product documentation.
    name:
      fixed: false
      raw: SimpleProduct
    properties:
      - $id: '55'
        collectionFormat: none
        defaultValue:
          fixed: false
        documentation:
          fixed: false
        extensions:
          x-ms-client-flatten: true
        isConstant: false
        isReadOnly: false
        isRequired: false
        modelType:
          $ref: '48'
        name:
          fixed: false
          raw: details
        realPath:
          - details
        serializedName: details
    serializedName: SimpleProduct
  - $ref: '45'
  - $id: '56'
    $type: CompositeType
    containsConstantProperties: false
    documentation: The wrapped produc.
    name:
      fixed: false
      raw: WrappedProduct
    properties:
      - $id: '57'
        collectionFormat: none
        defaultValue:
          fixed: false
        documentation:
          fixed: false
          raw: the product value
        isConstant: false
        isReadOnly: false
        isRequired: false
        modelType:
          $id: '58'
          $type: PrimaryType
          knownPrimaryType: string
          name:
            fixed: false
            raw: String
        name:
          fixed: false
          raw: value
        realPath:
          - value
        serializedName: value
    serializedName: WrappedProduct
  - $id: '59'
    $type: CompositeType
    containsConstantProperties: false
    documentation: The wrapped produc.
    name:
      fixed: false
      raw: ProductWrapper
    properties:
      - $id: '60'
        collectionFormat: none
        defaultValue:
          fixed: false
        documentation:
          fixed: false
        extensions:
          x-ms-client-flatten: true
        isConstant: false
        isReadOnly: false
        isRequired: false
        modelType:
          $ref: '56'
        name:
          fixed: false
          raw: property
        realPath:
          - property
        serializedName: property
    serializedName: ProductWrapper
modelsName: Models
name: AutoRestResourceFlatteningTestService
namespace: ''
operations:
  - methods:
      - defaultResponse:
          body:
            $ref: '1'
          isNullable: true
        deprecated: false
        description: Put External Resource as an Array
        extensions:
          x-ms-requestBody-index: '0'
        externalDocsUrl: 'http://tempuri.org'
        group:
          fixed: false
          raw: ''
        hidden: false
        httpMethod: put
        isAbsoluteUrl: false
        name:
          fixed: false
          raw: putArray
        parameters:
          - $id: '61'
            collectionFormat: csv
            defaultValue:
              fixed: false
            documentation:
              fixed: false
              raw: External Resource as an Array to put
            extensions:
              x-ms-requestBody-name: ResourceArray
            isConstant: false
            isRequired: false
            location: body
            modelType:
              $id: '62'
              $type: SequenceType
              elementType:
                $ref: '7'
              name:
                fixed: false
            name:
              fixed: false
              raw: ResourceArray
            serializedName: ResourceArray
        requestContentType: application/json; charset=utf-8
        responseContentTypes:
          - application/json
        responses:
          OK:
            isNullable: true
        returnType:
          isNullable: true
        serializedName: putArray
        url: /model-flatten/array
      - defaultResponse:
          body:
            $ref: '1'
          isNullable: true
        deprecated: false
        description: Get External Resource as an Array
        externalDocsUrl: 'http://tempuri.org'
        group:
          fixed: false
          raw: ''
        hidden: false
        httpMethod: get
        isAbsoluteUrl: false
        name:
          fixed: false
          raw: getArray
        requestContentType: application/json; charset=utf-8
        responseContentTypes:
          - application/json
        responses:
          OK:
            body:
              $id: '63'
              $type: SequenceType
              elementType:
                $ref: '29'
              name:
                fixed: false
            isNullable: true
        returnType:
          body:
            $ref: '63'
          isNullable: true
        serializedName: getArray
        url: /model-flatten/array
      - defaultResponse:
          body:
            $ref: '1'
          isNullable: true
        deprecated: false
        description: >-
          No need to have a route in Express server for this operation. Used to
          verify the type flattened is not removed if it's referenced in an
          array
        extensions:
          x-ms-requestBody-index: '0'
        externalDocsUrl: 'http://tempuri.org'
        group:
          fixed: false
          raw: ''
        hidden: false
        httpMethod: put
        isAbsoluteUrl: false
        name:
          fixed: false
          raw: putWrappedArray
        parameters:
          - $id: '64'
            collectionFormat: csv
            defaultValue:
              fixed: false
            documentation:
              fixed: false
              raw: External Resource as an Array to put
            extensions:
              x-ms-requestBody-name: ResourceArray
            isConstant: false
            isRequired: false
            location: body
            modelType:
              $id: '65'
              $type: SequenceType
              elementType:
                $ref: '56'
              name:
                fixed: false
            name:
              fixed: false
              raw: ResourceArray
            serializedName: ResourceArray
        requestContentType: application/json; charset=utf-8
        responseContentTypes:
          - application/json
        responses:
          OK:
            isNullable: true
        returnType:
          isNullable: true
        serializedName: putWrappedArray
        url: /model-flatten/wrappedarray
      - defaultResponse:
          body:
            $ref: '1'
          isNullable: true
        deprecated: false
        description: >-
          No need to have a route in Express server for this operation. Used to
          verify the type flattened is not removed if it's referenced in an
          array
        externalDocsUrl: 'http://tempuri.org'
        group:
          fixed: false
          raw: ''
        hidden: false
        httpMethod: get
        isAbsoluteUrl: false
        name:
          fixed: false
          raw: getWrappedArray
        requestContentType: application/json; charset=utf-8
        responseContentTypes:
          - application/json
        responses:
          OK:
            body:
              $id: '66'
              $type: SequenceType
              elementType:
                $ref: '59'
              name:
                fixed: false
            isNullable: true
        returnType:
          body:
            $ref: '66'
          isNullable: true
        serializedName: getWrappedArray
        url: /model-flatten/wrappedarray
      - defaultResponse:
          body:
            $ref: '1'
          isNullable: true
        deprecated: false
        description: Put External Resource as a Dictionary
        extensions:
          x-ms-requestBody-index: '0'
        externalDocsUrl: 'http://tempuri.org'
        group:
          fixed: false
          raw: ''
        hidden: false
        httpMethod: put
        isAbsoluteUrl: false
        name:
          fixed: false
          raw: putDictionary
        parameters:
          - $id: '67'
            collectionFormat: none
            defaultValue:
              fixed: false
            documentation:
              fixed: false
              raw: External Resource as a Dictionary to put
            extensions:
              x-ms-requestBody-name: ResourceDictionary
            isConstant: false
            isRequired: false
            location: body
            modelType:
              $id: '68'
              $type: DictionaryType
              name:
                fixed: false
              supportsAdditionalProperties: false
              valueType:
                $ref: '29'
            name:
              fixed: false
              raw: ResourceDictionary
            serializedName: ResourceDictionary
        requestContentType: application/json; charset=utf-8
        responseContentTypes:
          - application/json
        responses:
          OK:
            isNullable: true
        returnType:
          isNullable: true
        serializedName: putDictionary
        url: /model-flatten/dictionary
      - defaultResponse:
          body:
            $ref: '1'
          isNullable: true
        deprecated: false
        description: Get External Resource as a Dictionary
        externalDocsUrl: 'http://tempuri.org'
        group:
          fixed: false
          raw: ''
        hidden: false
        httpMethod: get
        isAbsoluteUrl: false
        name:
          fixed: false
          raw: getDictionary
        requestContentType: application/json; charset=utf-8
        responseContentTypes:
          - application/json
        responses:
          OK:
            body:
              $id: '69'
              $type: DictionaryType
              name:
                fixed: false
              supportsAdditionalProperties: false
              valueType:
                $ref: '29'
            isNullable: true
        returnType:
          body:
            $ref: '69'
          isNullable: true
        serializedName: getDictionary
        url: /model-flatten/dictionary
      - defaultResponse:
          body:
            $ref: '1'
          isNullable: true
        deprecated: false
        description: Put External Resource as a ResourceCollection
        extensions:
          x-ms-requestBody-index: '0'
        externalDocsUrl: 'http://tempuri.org'
        group:
          fixed: false
          raw: ''
        hidden: false
        httpMethod: put
        isAbsoluteUrl: false
        name:
          fixed: false
          raw: putResourceCollection
        parameters:
          - $id: '70'
            collectionFormat: none
            defaultValue:
              fixed: false
            documentation:
              fixed: false
              raw: External Resource as a ResourceCollection to put
            extensions:
              x-ms-requestBody-name: ResourceComplexObject
            isConstant: false
            isRequired: false
            location: body
            modelType:
              $ref: '31'
            name:
              fixed: false
              raw: ResourceComplexObject
            serializedName: ResourceComplexObject
        requestContentType: application/json; charset=utf-8
        responseContentTypes:
          - application/json
        responses:
          OK:
            isNullable: true
        returnType:
          isNullable: true
        serializedName: putResourceCollection
        url: /model-flatten/resourcecollection
      - defaultResponse:
          body:
            $ref: '1'
          isNullable: true
        deprecated: false
        description: Get External Resource as a ResourceCollection
        externalDocsUrl: 'http://tempuri.org'
        group:
          fixed: false
          raw: ''
        hidden: false
        httpMethod: get
        isAbsoluteUrl: false
        name:
          fixed: false
          raw: getResourceCollection
        requestContentType: application/json; charset=utf-8
        responseContentTypes:
          - application/json
        responses:
          OK:
            body:
              $ref: '31'
            isNullable: true
        returnType:
          body:
            $ref: '31'
          isNullable: true
        serializedName: getResourceCollection
        url: /model-flatten/resourcecollection
      - defaultResponse:
          body:
            $ref: '1'
          isNullable: true
        deprecated: false
        description: Put Simple Product with client flattening true on the model
        extensions:
          x-ms-requestBody-index: '0'
        externalDocsUrl: 'http://tempuri.org'
        group:
          fixed: false
          raw: ''
        hidden: false
        httpMethod: put
        isAbsoluteUrl: false
        name:
          fixed: false
          raw: putSimpleProduct
        parameters:
          - $id: '71'
            collectionFormat: none
            defaultValue:
              fixed: false
            documentation:
              fixed: false
              raw: Simple body product to put
            extensions:
              x-ms-requestBody-name: SimpleBodyProduct
            isConstant: false
            isRequired: false
            location: body
            modelType:
              $ref: '54'
            name:
              fixed: false
              raw: SimpleBodyProduct
            serializedName: SimpleBodyProduct
        requestContentType: application/json; charset=utf-8
        responseContentTypes:
          - application/json
        responses:
          OK:
            body:
              $ref: '54'
            isNullable: true
        returnType:
          body:
            $ref: '54'
          isNullable: true
        serializedName: putSimpleProduct
        url: /model-flatten/customFlattening
      - defaultResponse:
          body:
            $ref: '1'
          isNullable: true
        deprecated: false
        description: >-
          Put Flattened Simple Product with client flattening true on the
          parameter
        extensions:
          x-ms-requestBody-index: '0'
        externalDocsUrl: 'http://tempuri.org'
        group:
          fixed: false
          raw: ''
        hidden: false
        httpMethod: post
        isAbsoluteUrl: false
        name:
          fixed: false
          raw: postFlattenedSimpleProduct
        parameters:
          - $id: '72'
            collectionFormat: none
            defaultValue:
              fixed: false
            documentation:
              fixed: false
              raw: Simple body product to post
            extensions:
              x-ms-client-flatten: true
              x-ms-requestBody-name: SimpleBodyProduct
            isConstant: false
            isRequired: false
            location: body
            modelType:
              $ref: '54'
            name:
              fixed: false
              raw: SimpleBodyProduct
            serializedName: SimpleBodyProduct
        requestContentType: application/json; charset=utf-8
        responseContentTypes:
          - application/json
        responses:
          OK:
            body:
              $ref: '54'
            isNullable: true
        returnType:
          body:
            $ref: '54'
          isNullable: true
        serializedName: postFlattenedSimpleProduct
        url: /model-flatten/customFlattening
      - defaultResponse:
          body:
            $ref: '1'
          isNullable: true
        deprecated: false
        description: Put Simple Product with client flattening true on the model
        extensions:
          x-ms-requestBody-index: '0'
        externalDocsUrl: 'http://tempuri.org'
        group:
          fixed: false
          raw: ''
        hidden: false
        httpMethod: put
        isAbsoluteUrl: false
        name:
          fixed: false
          raw: putSimpleProductWithGrouping
        parameters:
          - $id: '73'
            collectionFormat: none
            defaultValue:
              fixed: false
            documentation:
              fixed: false
              raw: Simple body product to put
            extensions:
              x-ms-client-flatten: true
              x-ms-parameter-grouping:
                name: flatten-parameter-group
              x-ms-requestBody-name: SimpleBodyProduct
            isConstant: false
            isRequired: false
            location: body
            modelType:
              $ref: '54'
            name:
              fixed: false
              raw: SimpleBodyProduct
            serializedName: SimpleBodyProduct
          - $id: '74'
            collectionFormat: none
            defaultValue:
              fixed: false
            documentation:
              fixed: false
              raw: Product name with value 'groupproduct'
            extensions:
              x-ms-parameter-grouping:
                name: flatten-parameter-group
            isConstant: false
            isRequired: true
            location: path
            modelType:
              $id: '75'
              $type: PrimaryType
              knownPrimaryType: string
              name:
                fixed: false
                raw: String
            name:
              fixed: false
              raw: name
            serializedName: name
        requestContentType: application/json; charset=utf-8
        responseContentTypes:
          - application/json
        responses:
          OK:
            body:
              $ref: '54'
            isNullable: true
        returnType:
          body:
            $ref: '54'
          isNullable: true
        serializedName: putSimpleProductWithGrouping
        url: '/model-flatten/customFlattening/parametergrouping/{name}/'
    name:
      fixed: false
      raw: ''
    nameForProperty: AutoRestResourceFlatteningTestService
    typeName:
      fixed: false
