---
apiVersion: 1.0.0
baseUrl: 'http://localhost:3000'
documentation: Resource Flattening for AutoRest
errorTypes:
  - &ref_0
    $type: CompositeType
    containsConstantProperties: false
    deprecated: false
    name:
      fixed: false
      raw: Error
    properties:
      - collectionFormat: none
        defaultValue:
          fixed: false
        deprecated: false
        documentation:
          fixed: false
        isConstant: false
        isReadOnly: false
        isRequired: false
        modelType:
          $type: PrimaryType
          deprecated: false
          format: int32
          knownPrimaryType: int
          name:
            fixed: false
            raw: Int
        name:
          fixed: false
          raw: status
        realPath:
          - status
        serializedName: status
      - collectionFormat: none
        defaultValue:
          fixed: false
        deprecated: false
        documentation:
          fixed: false
        isConstant: false
        isReadOnly: false
        isRequired: false
        modelType:
          $type: PrimaryType
          deprecated: false
          knownPrimaryType: string
          name:
            fixed: false
            raw: String
        name:
          fixed: false
          raw: message
        realPath:
          - message
        serializedName: message
      - collectionFormat: none
        defaultValue:
          fixed: false
        deprecated: false
        documentation:
          fixed: false
        extensions:
          x-ms-client-flatten: true
        isConstant: false
        isReadOnly: false
        isRequired: false
        modelType: *ref_0
        name:
          fixed: false
          raw: parentError
        realPath:
          - parentError
        serializedName: parentError
    serializedName: Error
modelTypes:
  - *ref_0
  - &ref_1
    $type: CompositeType
    containsConstantProperties: false
    deprecated: false
    name:
      fixed: false
      raw: Resource
    properties:
      - collectionFormat: none
        defaultValue:
          fixed: false
        deprecated: false
        documentation:
          fixed: false
          raw: Resource Id
        isConstant: false
        isReadOnly: true
        isRequired: false
        modelType:
          $type: PrimaryType
          deprecated: false
          knownPrimaryType: string
          name:
            fixed: false
            raw: String
        name:
          fixed: false
          raw: id
        realPath:
          - id
        serializedName: id
      - collectionFormat: none
        defaultValue:
          fixed: false
        deprecated: false
        documentation:
          fixed: false
          raw: Resource Type
        isConstant: false
        isReadOnly: true
        isRequired: false
        modelType:
          $type: PrimaryType
          deprecated: false
          knownPrimaryType: string
          name:
            fixed: false
            raw: String
        name:
          fixed: false
          raw: type
        realPath:
          - type
        serializedName: type
      - collectionFormat: none
        defaultValue:
          fixed: false
        deprecated: false
        documentation:
          fixed: false
        isConstant: false
        isReadOnly: false
        isRequired: false
        modelType:
          $type: DictionaryType
          deprecated: false
          name:
            fixed: false
          supportsAdditionalProperties: false
          valueType:
            $type: PrimaryType
            deprecated: false
            knownPrimaryType: string
            name:
              fixed: false
              raw: String
        name:
          fixed: false
          raw: tags
        realPath:
          - tags
        serializedName: tags
      - collectionFormat: none
        defaultValue:
          fixed: false
        deprecated: false
        documentation:
          fixed: false
          raw: Resource Location
        isConstant: false
        isReadOnly: false
        isRequired: false
        modelType:
          $type: PrimaryType
          deprecated: false
          knownPrimaryType: string
          name:
            fixed: false
            raw: String
        name:
          fixed: false
          raw: location
        realPath:
          - location
        serializedName: location
      - collectionFormat: none
        defaultValue:
          fixed: false
        deprecated: false
        documentation:
          fixed: false
          raw: Resource Name
        isConstant: false
        isReadOnly: true
        isRequired: false
        modelType:
          $type: PrimaryType
          deprecated: false
          knownPrimaryType: string
          name:
            fixed: false
            raw: String
        name:
          fixed: false
          raw: name
        realPath:
          - name
        serializedName: name
    serializedName: Resource
  - &ref_2
    $type: CompositeType
    containsConstantProperties: false
    deprecated: false
    extensions:
      x-ms-client-flatten: true
    name:
      fixed: false
      raw: FlattenedProduct_properties
    properties:
      - collectionFormat: none
        defaultValue:
          fixed: false
        deprecated: false
        documentation:
          fixed: false
        isConstant: false
        isReadOnly: false
        isRequired: false
        modelType:
          $type: PrimaryType
          deprecated: false
          knownPrimaryType: string
          name:
            fixed: false
            raw: String
        name:
          fixed: false
          raw: p.name
        realPath:
          - p.name
        serializedName: p.name
      - collectionFormat: none
        defaultValue:
          fixed: false
        deprecated: false
        documentation:
          fixed: false
        isConstant: false
        isReadOnly: false
        isRequired: false
        modelType:
          $type: PrimaryType
          deprecated: false
          knownPrimaryType: string
          name:
            fixed: false
            raw: String
        name:
          fixed: false
          raw: type
        realPath:
          - type
        serializedName: type
      - collectionFormat: none
        defaultValue:
          fixed: false
        deprecated: false
        documentation:
          fixed: false
        isConstant: false
        isReadOnly: true
        isRequired: false
        modelType:
          $type: EnumType
          deprecated: false
          modelAsString: true
          name:
            fixed: false
            raw: ''
          oldModelAsString: false
          underlyingType:
            $type: PrimaryType
            deprecated: false
            knownPrimaryType: string
            name:
              fixed: false
              raw: String
          values:
            - name: Succeeded
              serializedName: Succeeded
            - name: Failed
              serializedName: Failed
            - name: canceled
              serializedName: canceled
            - name: Accepted
              serializedName: Accepted
            - name: Creating
              serializedName: Creating
            - name: Created
              serializedName: Created
            - name: Updating
              serializedName: Updating
            - name: Updated
              serializedName: Updated
            - name: Deleting
              serializedName: Deleting
            - name: Deleted
              serializedName: Deleted
            - name: OK
              serializedName: OK
        name:
          fixed: false
          raw: provisioningStateValues
        realPath:
          - provisioningStateValues
        serializedName: provisioningStateValues
      - collectionFormat: none
        defaultValue:
          fixed: false
        deprecated: false
        documentation:
          fixed: false
        isConstant: false
        isReadOnly: false
        isRequired: false
        modelType:
          $type: PrimaryType
          deprecated: false
          knownPrimaryType: string
          name:
            fixed: false
            raw: String
        name:
          fixed: false
          raw: provisioningState
        realPath:
          - provisioningState
        serializedName: provisioningState
    serializedName: FlattenedProduct_properties
  - &ref_3
    $type: CompositeType
    baseModelType: *ref_1
    containsConstantProperties: false
    deprecated: false
    documentation: Flattened product.
    externalDocsUrl: 'http://tempuri.org'
    name:
      fixed: false
      raw: FlattenedProduct
    properties:
      - collectionFormat: none
        defaultValue:
          fixed: false
        deprecated: false
        documentation:
          fixed: false
        extensions:
          x-ms-client-flatten: true
        isConstant: false
        isReadOnly: false
        isRequired: false
        modelType: *ref_2
        name:
          fixed: false
          raw: properties
        realPath:
          - properties
        serializedName: properties
    serializedName: FlattenedProduct
  - &ref_13
    $type: CompositeType
    containsConstantProperties: false
    deprecated: false
    name:
      fixed: false
      raw: ResourceCollection
    properties:
      - collectionFormat: none
        defaultValue:
          fixed: false
        deprecated: false
        documentation:
          fixed: false
        isConstant: false
        isReadOnly: false
        isRequired: false
        modelType: *ref_3
        name:
          fixed: false
          raw: productresource
        realPath:
          - productresource
        serializedName: productresource
      - collectionFormat: none
        defaultValue:
          fixed: false
        deprecated: false
        documentation:
          fixed: false
        isConstant: false
        isReadOnly: false
        isRequired: false
        modelType:
          $type: SequenceType
          deprecated: false
          elementType: *ref_3
          name:
            fixed: false
        name:
          fixed: false
          raw: arrayofresources
        realPath:
          - arrayofresources
        serializedName: arrayofresources
      - collectionFormat: none
        defaultValue:
          fixed: false
        deprecated: false
        documentation:
          fixed: false
        isConstant: false
        isReadOnly: false
        isRequired: false
        modelType:
          $type: DictionaryType
          deprecated: false
          name:
            fixed: false
          supportsAdditionalProperties: false
          valueType: *ref_3
        name:
          fixed: false
          raw: dictionaryofresources
        realPath:
          - dictionaryofresources
        serializedName: dictionaryofresources
    serializedName: ResourceCollection
  - &ref_5
    $type: CompositeType
    containsConstantProperties: false
    deprecated: false
    documentation: The product documentation.
    name:
      fixed: false
      raw: BaseProduct
    properties:
      - collectionFormat: none
        defaultValue:
          fixed: false
        deprecated: false
        documentation:
          fixed: false
          raw: >-
            Unique identifier representing a specific product for a given
            latitude & longitude. For example, uberX in San Francisco will have
            a different product_id than uberX in Los Angeles.
        extensions:
          x-ms-client-name: productId
        isConstant: false
        isReadOnly: false
        isRequired: true
        modelType:
          $type: PrimaryType
          deprecated: false
          knownPrimaryType: string
          name:
            fixed: false
            raw: String
        name:
          fixed: false
          raw: base_product_id
        realPath:
          - base_product_id
        serializedName: base_product_id
      - collectionFormat: none
        defaultValue:
          fixed: false
        deprecated: false
        documentation:
          fixed: false
          raw: Description of product.
        extensions:
          x-ms-client-name: description
        isConstant: false
        isReadOnly: false
        isRequired: false
        modelType:
          $type: PrimaryType
          deprecated: false
          knownPrimaryType: string
          name:
            fixed: false
            raw: String
        name:
          fixed: false
          raw: base_product_description
        realPath:
          - base_product_description
        serializedName: base_product_description
    serializedName: BaseProduct
  - &ref_4
    $type: CompositeType
    baseModelType: &ref_7
      $type: CompositeType
      containsConstantProperties: false
      deprecated: false
      documentation: The Generic URL.
      name:
        fixed: false
        raw: GenericUrl
      properties:
        - collectionFormat: none
          defaultValue:
            fixed: false
          deprecated: false
          documentation:
            fixed: false
            raw: Generic URL value.
          isConstant: false
          isReadOnly: false
          isRequired: false
          modelType:
            $type: PrimaryType
            deprecated: false
            knownPrimaryType: string
            name:
              fixed: false
              raw: String
          name:
            fixed: false
            raw: generic_value
          realPath:
            - generic_value
          serializedName: generic_value
      serializedName: GenericUrl
    containsConstantProperties: false
    deprecated: false
    documentation: The product URL.
    name:
      fixed: false
      raw: ProductUrl
    properties:
      - collectionFormat: none
        defaultValue:
          fixed: false
        deprecated: false
        documentation:
          fixed: false
          raw: URL value.
        isConstant: false
        isReadOnly: false
        isRequired: false
        modelType:
          $type: PrimaryType
          deprecated: false
          knownPrimaryType: string
          name:
            fixed: false
            raw: String
        name:
          fixed: false
          raw: '@odata.value'
        realPath:
          - '@odata.value'
        serializedName: '@odata.value'
    serializedName: ProductUrl
  - &ref_6
    $type: CompositeType
    containsConstantProperties: true
    deprecated: false
    documentation: The product documentation.
    name:
      fixed: false
      raw: SimpleProductProperties
    properties:
      - collectionFormat: none
        defaultValue:
          fixed: false
        deprecated: false
        documentation:
          fixed: false
          raw: Display name of product.
        isConstant: false
        isReadOnly: false
        isRequired: true
        modelType:
          $type: PrimaryType
          deprecated: false
          knownPrimaryType: string
          name:
            fixed: false
            raw: String
        name:
          fixed: false
          raw: max_product_display_name
        realPath:
          - max_product_display_name
        serializedName: max_product_display_name
      - collectionFormat: none
        defaultValue:
          fixed: false
          raw: Large
        deprecated: false
        documentation:
          fixed: false
          raw: 'Capacity of product. For example, 4 people.'
        extensions:
          x-ms-client-name: capacity
        isConstant: true
        isReadOnly: false
        isRequired: true
        modelType:
          $type: PrimaryType
          deprecated: false
          knownPrimaryType: string
          name:
            fixed: false
            raw: String
        name:
          fixed: false
          raw: max_product_capacity
        realPath:
          - max_product_capacity
        serializedName: max_product_capacity
      - collectionFormat: none
        defaultValue:
          fixed: false
        deprecated: false
        documentation:
          fixed: false
        extensions:
          x-ms-client-flatten: true
        isConstant: false
        isReadOnly: false
        isRequired: false
        modelType: *ref_4
        name:
          fixed: false
          raw: max_product_image
        realPath:
          - max_product_image
        serializedName: max_product_image
    serializedName: SimpleProductProperties
  - &ref_14
    $type: CompositeType
    baseModelType: *ref_5
    containsConstantProperties: true
    deprecated: false
    documentation: The product documentation.
    name:
      fixed: false
      raw: SimpleProduct
    properties:
      - collectionFormat: none
        defaultValue:
          fixed: false
        deprecated: false
        documentation:
          fixed: false
        extensions:
          x-ms-client-flatten: true
        isConstant: false
        isReadOnly: false
        isRequired: false
        modelType: *ref_6
        name:
          fixed: false
          raw: details
        realPath:
          - details
        serializedName: details
    serializedName: SimpleProduct
  - *ref_7
  - &ref_8
    $type: CompositeType
    containsConstantProperties: false
    deprecated: false
    documentation: The wrapped produc.
    name:
      fixed: false
      raw: WrappedProduct
    properties:
      - collectionFormat: none
        defaultValue:
          fixed: false
        deprecated: false
        documentation:
          fixed: false
          raw: the product value
        isConstant: false
        isReadOnly: false
        isRequired: false
        modelType:
          $type: PrimaryType
          deprecated: false
          knownPrimaryType: string
          name:
            fixed: false
            raw: String
        name:
          fixed: false
          raw: value
        realPath:
          - value
        serializedName: value
    serializedName: WrappedProduct
  - &ref_10
    $type: CompositeType
    containsConstantProperties: false
    deprecated: false
    documentation: The wrapped produc.
    name:
      fixed: false
      raw: ProductWrapper
    properties:
      - collectionFormat: none
        defaultValue:
          fixed: false
        deprecated: false
        documentation:
          fixed: false
        extensions:
          x-ms-client-flatten: true
        isConstant: false
        isReadOnly: false
        isRequired: false
        modelType: *ref_8
        name:
          fixed: false
          raw: property
        realPath:
          - property
        serializedName: property
    serializedName: ProductWrapper
modelsName: Models
name: AutoRestResourceFlatteningTestService
namespace: ''
operations:
  - methods:
      - defaultResponse:
          body: *ref_0
          isNullable: true
        deprecated: false
        description: Put External Resource as an Array
        extensions:
          x-ms-requestBody-index: '0'
        externalDocsUrl: 'http://tempuri.org'
        group:
          fixed: false
          raw: ''
        hidden: false
        httpMethod: put
        isAbsoluteUrl: false
        name:
          fixed: false
          raw: putArray
        parameters:
          - collectionFormat: csv
            defaultValue:
              fixed: false
            deprecated: false
            documentation:
              fixed: false
              raw: External Resource as an Array to put
            extensions:
              x-ms-requestBody-name: ResourceArray
            isConstant: false
            isRequired: false
            location: body
            modelType:
              $type: SequenceType
              deprecated: false
              elementType: *ref_1
              name:
                fixed: false
            name:
              fixed: false
              raw: ResourceArray
            serializedName: ResourceArray
        requestContentType: application/json; charset=utf-8
        responseContentTypes:
          - application/json
        responses:
          OK:
            isNullable: true
        returnType:
          isNullable: true
        serializedName: putArray
        url: /model-flatten/array
      - defaultResponse:
          body: *ref_0
          isNullable: true
        deprecated: false
        description: Get External Resource as an Array
        externalDocsUrl: 'http://tempuri.org'
        group:
          fixed: false
          raw: ''
        hidden: false
        httpMethod: get
        isAbsoluteUrl: false
        name:
          fixed: false
          raw: getArray
        requestContentType: application/json; charset=utf-8
        responseContentTypes:
          - application/json
        responses:
          OK:
            body: &ref_9
              $type: SequenceType
              deprecated: false
              elementType: *ref_3
              name:
                fixed: false
            isNullable: true
        returnType:
          body: *ref_9
          isNullable: true
        serializedName: getArray
        url: /model-flatten/array
      - defaultResponse:
          body: *ref_0
          isNullable: true
        deprecated: false
        description: >-
          No need to have a route in Express server for this operation. Used to
          verify the type flattened is not removed if it's referenced in an
          array
        extensions:
          x-ms-requestBody-index: '0'
        externalDocsUrl: 'http://tempuri.org'
        group:
          fixed: false
          raw: ''
        hidden: false
        httpMethod: put
        isAbsoluteUrl: false
        name:
          fixed: false
          raw: putWrappedArray
        parameters:
          - collectionFormat: csv
            defaultValue:
              fixed: false
            deprecated: false
            documentation:
              fixed: false
              raw: External Resource as an Array to put
            extensions:
              x-ms-requestBody-name: ResourceArray
            isConstant: false
            isRequired: false
            location: body
            modelType:
              $type: SequenceType
              deprecated: false
              elementType: *ref_8
              name:
                fixed: false
            name:
              fixed: false
              raw: ResourceArray
            serializedName: ResourceArray
        requestContentType: application/json; charset=utf-8
        responseContentTypes:
          - application/json
        responses:
          OK:
            isNullable: true
        returnType:
          isNullable: true
        serializedName: putWrappedArray
        url: /model-flatten/wrappedarray
      - defaultResponse:
          body: *ref_0
          isNullable: true
        deprecated: false
        description: >-
          No need to have a route in Express server for this operation. Used to
          verify the type flattened is not removed if it's referenced in an
          array
        externalDocsUrl: 'http://tempuri.org'
        group:
          fixed: false
          raw: ''
        hidden: false
        httpMethod: get
        isAbsoluteUrl: false
        name:
          fixed: false
          raw: getWrappedArray
        requestContentType: application/json; charset=utf-8
        responseContentTypes:
          - application/json
        responses:
          OK:
            body: &ref_11
              $type: SequenceType
              deprecated: false
              elementType: *ref_10
              name:
                fixed: false
            isNullable: true
        returnType:
          body: *ref_11
          isNullable: true
        serializedName: getWrappedArray
        url: /model-flatten/wrappedarray
      - defaultResponse:
          body: *ref_0
          isNullable: true
        deprecated: false
        description: Put External Resource as a Dictionary
        extensions:
          x-ms-requestBody-index: '0'
        externalDocsUrl: 'http://tempuri.org'
        group:
          fixed: false
          raw: ''
        hidden: false
        httpMethod: put
        isAbsoluteUrl: false
        name:
          fixed: false
          raw: putDictionary
        parameters:
          - collectionFormat: none
            defaultValue:
              fixed: false
            deprecated: false
            documentation:
              fixed: false
              raw: External Resource as a Dictionary to put
            extensions:
              x-ms-requestBody-name: ResourceDictionary
            isConstant: false
            isRequired: false
            location: body
            modelType:
              $type: DictionaryType
              deprecated: false
              name:
                fixed: false
              supportsAdditionalProperties: false
              valueType: *ref_3
            name:
              fixed: false
              raw: ResourceDictionary
            serializedName: ResourceDictionary
        requestContentType: application/json; charset=utf-8
        responseContentTypes:
          - application/json
        responses:
          OK:
            isNullable: true
        returnType:
          isNullable: true
        serializedName: putDictionary
        url: /model-flatten/dictionary
      - defaultResponse:
          body: *ref_0
          isNullable: true
        deprecated: false
        description: Get External Resource as a Dictionary
        externalDocsUrl: 'http://tempuri.org'
        group:
          fixed: false
          raw: ''
        hidden: false
        httpMethod: get
        isAbsoluteUrl: false
        name:
          fixed: false
          raw: getDictionary
        requestContentType: application/json; charset=utf-8
        responseContentTypes:
          - application/json
        responses:
          OK:
            body: &ref_12
              $type: DictionaryType
              deprecated: false
              name:
                fixed: false
              supportsAdditionalProperties: false
              valueType: *ref_3
            isNullable: true
        returnType:
          body: *ref_12
          isNullable: true
        serializedName: getDictionary
        url: /model-flatten/dictionary
      - defaultResponse:
          body: *ref_0
          isNullable: true
        deprecated: false
        description: Put External Resource as a ResourceCollection
        extensions:
          x-ms-requestBody-index: '0'
        externalDocsUrl: 'http://tempuri.org'
        group:
          fixed: false
          raw: ''
        hidden: false
        httpMethod: put
        isAbsoluteUrl: false
        name:
          fixed: false
          raw: putResourceCollection
        parameters:
          - collectionFormat: none
            defaultValue:
              fixed: false
            deprecated: false
            documentation:
              fixed: false
              raw: External Resource as a ResourceCollection to put
            extensions:
              x-ms-requestBody-name: ResourceComplexObject
            isConstant: false
            isRequired: false
            location: body
            modelType: *ref_13
            name:
              fixed: false
              raw: ResourceComplexObject
            serializedName: ResourceComplexObject
        requestContentType: application/json; charset=utf-8
        responseContentTypes:
          - application/json
        responses:
          OK:
            isNullable: true
        returnType:
          isNullable: true
        serializedName: putResourceCollection
        url: /model-flatten/resourcecollection
      - defaultResponse:
          body: *ref_0
          isNullable: true
        deprecated: false
        description: Get External Resource as a ResourceCollection
        externalDocsUrl: 'http://tempuri.org'
        group:
          fixed: false
          raw: ''
        hidden: false
        httpMethod: get
        isAbsoluteUrl: false
        name:
          fixed: false
          raw: getResourceCollection
        requestContentType: application/json; charset=utf-8
        responseContentTypes:
          - application/json
        responses:
          OK:
            body: *ref_13
            isNullable: true
        returnType:
          body: *ref_13
          isNullable: true
        serializedName: getResourceCollection
        url: /model-flatten/resourcecollection
      - defaultResponse:
          body: *ref_0
          isNullable: true
        deprecated: false
        description: Put Simple Product with client flattening true on the model
        extensions:
          x-ms-requestBody-index: '0'
        externalDocsUrl: 'http://tempuri.org'
        group:
          fixed: false
          raw: ''
        hidden: false
        httpMethod: put
        isAbsoluteUrl: false
        name:
          fixed: false
          raw: putSimpleProduct
        parameters:
          - collectionFormat: none
            defaultValue:
              fixed: false
            deprecated: false
            documentation:
              fixed: false
              raw: Simple body product to put
            extensions:
              x-ms-requestBody-name: SimpleBodyProduct
            isConstant: false
            isRequired: false
            location: body
            modelType: *ref_14
            name:
              fixed: false
              raw: SimpleBodyProduct
            serializedName: SimpleBodyProduct
        requestContentType: application/json; charset=utf-8
        responseContentTypes:
          - application/json
        responses:
          OK:
            body: *ref_14
            isNullable: true
        returnType:
          body: *ref_14
          isNullable: true
        serializedName: putSimpleProduct
        url: /model-flatten/customFlattening
      - defaultResponse:
          body: *ref_0
          isNullable: true
        deprecated: false
        description: >-
          Put Flattened Simple Product with client flattening true on the
          parameter
        extensions:
          x-ms-requestBody-index: '0'
        externalDocsUrl: 'http://tempuri.org'
        group:
          fixed: false
          raw: ''
        hidden: false
        httpMethod: post
        isAbsoluteUrl: false
        name:
          fixed: false
          raw: postFlattenedSimpleProduct
        parameters:
          - collectionFormat: none
            defaultValue:
              fixed: false
            deprecated: false
            documentation:
              fixed: false
              raw: Simple body product to post
            extensions:
              x-ms-client-flatten: true
              x-ms-requestBody-name: SimpleBodyProduct
            isConstant: false
            isRequired: false
            location: body
            modelType: *ref_14
            name:
              fixed: false
              raw: SimpleBodyProduct
            serializedName: SimpleBodyProduct
        requestContentType: application/json; charset=utf-8
        responseContentTypes:
          - application/json
        responses:
          OK:
            body: *ref_14
            isNullable: true
        returnType:
          body: *ref_14
          isNullable: true
        serializedName: postFlattenedSimpleProduct
        url: /model-flatten/customFlattening
      - defaultResponse:
          body: *ref_0
          isNullable: true
        deprecated: false
        description: Put Simple Product with client flattening true on the model
        extensions:
          x-ms-requestBody-index: '0'
        externalDocsUrl: 'http://tempuri.org'
        group:
          fixed: false
          raw: ''
        hidden: false
        httpMethod: put
        isAbsoluteUrl: false
        name:
          fixed: false
          raw: putSimpleProductWithGrouping
        parameters:
          - collectionFormat: none
            defaultValue:
              fixed: false
            deprecated: false
            documentation:
              fixed: false
              raw: Simple body product to put
            extensions:
              x-ms-client-flatten: true
              x-ms-parameter-grouping:
                name: flatten-parameter-group
              x-ms-requestBody-name: SimpleBodyProduct
            isConstant: false
            isRequired: false
            location: body
            modelType: *ref_14
            name:
              fixed: false
              raw: SimpleBodyProduct
            serializedName: SimpleBodyProduct
          - collectionFormat: none
            defaultValue:
              fixed: false
            deprecated: false
            documentation:
              fixed: false
              raw: Product name with value 'groupproduct'
            extensions:
              x-ms-parameter-grouping:
                name: flatten-parameter-group
            isConstant: false
            isRequired: true
            location: path
            modelType:
              $type: PrimaryType
              deprecated: false
              knownPrimaryType: string
              name:
                fixed: false
                raw: String
            name:
              fixed: false
              raw: name
            serializedName: name
        requestContentType: application/json; charset=utf-8
        responseContentTypes:
          - application/json
        responses:
          OK:
            body: *ref_14
            isNullable: true
        returnType:
          body: *ref_14
          isNullable: true
        serializedName: putSimpleProductWithGrouping
        url: '/model-flatten/customFlattening/parametergrouping/{name}/'
    name:
      fixed: false
      raw: ''
    nameForProperty: AutoRestResourceFlatteningTestService
    typeName:
      fixed: false
