---
apiVersion: '2017-10-01'
baseUrl: 'https://management.azure.com'
documentation: >-
  The Microsoft Azure Network management API provides a RESTful set of web
  services that interact with Microsoft Azure Networks service to manage your
  network resources. The API has entities that capture the relationship between
  an end user and the Microsoft Azure Networks service.
enumTypes:
  - $ref: '21'
modelTypes:
  - $id: '1'
    $type: CompositeType
    containsConstantProperties: false
    name:
      fixed: false
      raw: ErrorDetails
    properties:
      - $id: '2'
        collectionFormat: none
        defaultValue:
          fixed: false
        documentation:
          fixed: false
        isConstant: false
        isReadOnly: false
        isRequired: false
        modelType:
          $id: '3'
          $type: PrimaryType
          knownPrimaryType: string
          name:
            fixed: false
            raw: String
        name:
          fixed: false
          raw: code
        realPath:
          - code
        serializedName: code
      - $id: '4'
        collectionFormat: none
        defaultValue:
          fixed: false
        documentation:
          fixed: false
        isConstant: false
        isReadOnly: false
        isRequired: false
        modelType:
          $id: '5'
          $type: PrimaryType
          knownPrimaryType: string
          name:
            fixed: false
            raw: String
        name:
          fixed: false
          raw: target
        realPath:
          - target
        serializedName: target
      - $id: '6'
        collectionFormat: none
        defaultValue:
          fixed: false
        documentation:
          fixed: false
        isConstant: false
        isReadOnly: false
        isRequired: false
        modelType:
          $id: '7'
          $type: PrimaryType
          knownPrimaryType: string
          name:
            fixed: false
            raw: String
        name:
          fixed: false
          raw: message
        realPath:
          - message
        serializedName: message
    serializedName: ErrorDetails
  - $id: '8'
    $type: CompositeType
    containsConstantProperties: false
    name:
      fixed: false
      raw: Error
    properties:
      - $id: '9'
        collectionFormat: none
        defaultValue:
          fixed: false
        documentation:
          fixed: false
        isConstant: false
        isReadOnly: false
        isRequired: false
        modelType:
          $id: '10'
          $type: PrimaryType
          knownPrimaryType: string
          name:
            fixed: false
            raw: String
        name:
          fixed: false
          raw: code
        realPath:
          - code
        serializedName: code
      - $id: '11'
        collectionFormat: none
        defaultValue:
          fixed: false
        documentation:
          fixed: false
        isConstant: false
        isReadOnly: false
        isRequired: false
        modelType:
          $id: '12'
          $type: PrimaryType
          knownPrimaryType: string
          name:
            fixed: false
            raw: String
        name:
          fixed: false
          raw: message
        realPath:
          - message
        serializedName: message
      - $id: '13'
        collectionFormat: none
        defaultValue:
          fixed: false
        documentation:
          fixed: false
        isConstant: false
        isReadOnly: false
        isRequired: false
        modelType:
          $id: '14'
          $type: PrimaryType
          knownPrimaryType: string
          name:
            fixed: false
            raw: String
        name:
          fixed: false
          raw: target
        realPath:
          - target
        serializedName: target
      - $id: '15'
        collectionFormat: none
        defaultValue:
          fixed: false
        documentation:
          fixed: false
        isConstant: false
        isReadOnly: false
        isRequired: false
        modelType:
          $id: '16'
          $type: SequenceType
          elementType:
            $ref: '1'
          name:
            fixed: false
        name:
          fixed: false
          raw: details
        realPath:
          - details
        serializedName: details
      - $id: '17'
        collectionFormat: none
        defaultValue:
          fixed: false
        documentation:
          fixed: false
        isConstant: false
        isReadOnly: false
        isRequired: false
        modelType:
          $id: '18'
          $type: PrimaryType
          knownPrimaryType: string
          name:
            fixed: false
            raw: String
        name:
          fixed: false
          raw: innerError
        realPath:
          - innerError
        serializedName: innerError
    serializedName: Error
  - $id: '19'
    $type: CompositeType
    containsConstantProperties: false
    documentation: >-
      The response body contains the status of the specified asynchronous
      operation, indicating whether it has succeeded, is in progress, or has
      failed. Note that this status is distinct from the HTTP status code
      returned for the Get Operation Status operation itself. If the
      asynchronous operation succeeded, the response body includes the HTTP
      status code for the successful request. If the asynchronous operation
      failed, the response body includes the HTTP status code for the failed
      request and error information regarding the failure.
    name:
      fixed: false
      raw: AzureAsyncOperationResult
    properties:
      - $id: '20'
        collectionFormat: none
        defaultValue:
          fixed: false
        documentation:
          fixed: false
          raw: >-
            Status of the Azure async operation. Possible values are:
            'InProgress', 'Succeeded', and 'Failed'.
        extensions:
          x-ms-enum:
            modelAsString: true
            name: NetworkOperationStatus
        isConstant: false
        isReadOnly: false
        isRequired: false
        modelType:
          $id: '21'
          $type: EnumType
          modelAsExtensible: false
          modelAsString: true
          name:
            fixed: false
            raw: NetworkOperationStatus
          underlyingType:
            $id: '22'
            $type: PrimaryType
            knownPrimaryType: string
            name:
              fixed: false
              raw: String
          values:
            - name: InProgress
              serializedName: InProgress
            - name: Succeeded
              serializedName: Succeeded
            - name: Failed
              serializedName: Failed
        name:
          fixed: false
          raw: status
        realPath:
          - status
        serializedName: status
      - $id: '23'
        collectionFormat: none
        defaultValue:
          fixed: false
        documentation:
          fixed: false
        isConstant: false
        isReadOnly: false
        isRequired: false
        modelType:
          $ref: '8'
        name:
          fixed: false
          raw: error
        realPath:
          - error
        serializedName: error
    serializedName: AzureAsyncOperationResult
  - $id: '24'
    $type: CompositeType
    containsConstantProperties: false
    documentation: Common resource representation.
    extensions:
      x-ms-azure-resource: true
    name:
      fixed: false
      raw: Resource
    properties:
      - $id: '25'
        collectionFormat: none
        defaultValue:
          fixed: false
        documentation:
          fixed: false
          raw: Resource ID.
        isConstant: false
        isReadOnly: false
        isRequired: false
        modelType:
          $id: '26'
          $type: PrimaryType
          knownPrimaryType: string
          name:
            fixed: false
            raw: String
        name:
          fixed: false
          raw: id
        realPath:
          - id
        serializedName: id
      - $id: '27'
        collectionFormat: none
        defaultValue:
          fixed: false
        documentation:
          fixed: false
          raw: Resource name.
        isConstant: false
        isReadOnly: true
        isRequired: false
        modelType:
          $id: '28'
          $type: PrimaryType
          knownPrimaryType: string
          name:
            fixed: false
            raw: String
        name:
          fixed: false
          raw: name
        realPath:
          - name
        serializedName: name
      - $id: '29'
        collectionFormat: none
        defaultValue:
          fixed: false
        documentation:
          fixed: false
          raw: Resource type.
        isConstant: false
        isReadOnly: true
        isRequired: false
        modelType:
          $id: '30'
          $type: PrimaryType
          knownPrimaryType: string
          name:
            fixed: false
            raw: String
        name:
          fixed: false
          raw: type
        realPath:
          - type
        serializedName: type
      - $id: '31'
        collectionFormat: none
        defaultValue:
          fixed: false
        documentation:
          fixed: false
          raw: Resource location.
        isConstant: false
        isReadOnly: false
        isRequired: false
        modelType:
          $id: '32'
          $type: PrimaryType
          knownPrimaryType: string
          name:
            fixed: false
            raw: String
        name:
          fixed: false
          raw: location
        realPath:
          - location
        serializedName: location
      - $id: '33'
        collectionFormat: none
        defaultValue:
          fixed: false
        documentation:
          fixed: false
          raw: Resource tags.
        isConstant: false
        isReadOnly: false
        isRequired: false
        modelType:
          $id: '34'
          $type: DictionaryType
          name:
            fixed: false
          supportsAdditionalProperties: false
          valueType:
            $id: '35'
            $type: PrimaryType
            knownPrimaryType: string
            name:
              fixed: false
              raw: String
        name:
          fixed: false
          raw: tags
        realPath:
          - tags
        serializedName: tags
    serializedName: Resource
  - $id: '36'
    $type: CompositeType
    containsConstantProperties: false
    documentation: Reference to another subresource.
    extensions:
      x-ms-azure-resource: true
    name:
      fixed: false
      raw: SubResource
    properties:
      - $id: '37'
        collectionFormat: none
        defaultValue:
          fixed: false
        documentation:
          fixed: false
          raw: Resource ID.
        isConstant: false
        isReadOnly: false
        isRequired: false
        modelType:
          $id: '38'
          $type: PrimaryType
          knownPrimaryType: string
          name:
            fixed: false
            raw: String
        name:
          fixed: false
          raw: id
        realPath:
          - id
        serializedName: id
    serializedName: SubResource
  - $id: '39'
    $type: CompositeType
    containsConstantProperties: false
    documentation: Tags object for patch operations.
    name:
      fixed: false
      raw: TagsObject
    properties:
      - $id: '40'
        collectionFormat: none
        defaultValue:
          fixed: false
        documentation:
          fixed: false
          raw: Resource tags.
        isConstant: false
        isReadOnly: false
        isRequired: false
        modelType:
          $id: '41'
          $type: DictionaryType
          name:
            fixed: false
          supportsAdditionalProperties: false
          valueType:
            $id: '42'
            $type: PrimaryType
            knownPrimaryType: string
            name:
              fixed: false
              raw: String
        name:
          fixed: false
          raw: tags
        realPath:
          - tags
        serializedName: tags
    serializedName: TagsObject
modelsName: Models
name: NetworkManagementClient
namespace: ''
properties:
  - $id: '43'
    collectionFormat: none
    defaultValue:
      fixed: false
    documentation:
      fixed: false
      raw: >-
        The subscription credentials which uniquely identify the Microsoft Azure
        subscription. The subscription ID forms part of the URI for every
        service call.
    isConstant: false
    isReadOnly: false
    isRequired: true
    modelType:
      $id: '44'
      $type: PrimaryType
      knownPrimaryType: string
      name:
        fixed: false
        raw: String
    name:
      fixed: false
      raw: subscriptionId
    realPath:
      - subscriptionId
    serializedName: subscriptionId
  - $id: '45'
    collectionFormat: none
    defaultValue:
      fixed: false
    documentation:
      fixed: false
      raw: Client API version.
    isConstant: false
    isReadOnly: false
    isRequired: true
    modelType:
      $id: '46'
      $type: PrimaryType
      knownPrimaryType: string
      name:
        fixed: false
        raw: String
    name:
      fixed: false
      raw: api-version
    realPath:
      - api-version
    serializedName: api-version
