---
$id: '1'
apiVersion: '2017-10-01'
baseUrl: 'https://management.azure.com'
documentation: >-
  The Microsoft Azure Network management API provides a RESTful set of web
  services that interact with Microsoft Azure Networks service to manage your
  network resources. The API has entities that capture the relationship between
  an end user and the Microsoft Azure Networks service.
extensions:
  security:
    - azure_auth:
        - user_impersonation
modelsName: Models
name: NetworkManagementClient
namespace: ''
properties:
  - $id: '2'
    collectionFormat: none
    defaultValue:
      $id: '3'
      fixed: false
    deprecated: false
    documentation:
      $id: '4'
      fixed: false
      raw: >-
        The subscription credentials which uniquely identify the Microsoft Azure
        subscription. The subscription ID forms part of the URI for every
        service call.
    isConstant: false
    isReadOnly: false
    isRequired: true
    modelType:
      $id: '6'
      $type: PrimaryType
      deprecated: false
      knownPrimaryType: string
      name:
        $id: '7'
        fixed: false
        raw: String
    name:
      $id: '5'
      fixed: false
      raw: subscriptionId
    realPath:
      - subscriptionId
    serializedName: subscriptionId
  - $id: '8'
    collectionFormat: none
    defaultValue:
      $id: '9'
      fixed: false
    deprecated: false
    documentation:
      $id: '10'
      fixed: false
      raw: Client API version.
    isConstant: false
    isReadOnly: false
    isRequired: true
    modelType:
      $id: '12'
      $type: PrimaryType
      deprecated: false
      knownPrimaryType: string
      name:
        $id: '13'
        fixed: false
        raw: String
    name:
      $id: '11'
      fixed: false
      raw: api-version
    realPath:
      - api-version
    serializedName: api-version
