---
apiVersion: 1.0.0
baseUrl: 'http://localhost'
documentation: Test Infrastructure for AutoRest
modelsName: Models
name: AutoRestHeadTestService
namespace: ''
operations:
  - methods:
      - defaultResponse:
          isNullable: true
        deprecated: false
        description: Return 200 status code if successful
        group:
          fixed: false
          raw: httpSuccess
        hidden: false
        httpMethod: head
        isAbsoluteUrl: false
        name:
          fixed: false
          raw: head200
        requestContentType: application/json; charset=utf-8
        responseContentTypes:
          - application/json
        responses:
          NotFound:
            isNullable: true
          OK:
            isNullable: true
        returnType:
          isNullable: true
        serializedName: httpSuccess_head200
        url: /http/success/200
      - defaultResponse:
          isNullable: true
        deprecated: false
        description: Return 204 status code if successful
        group:
          fixed: false
          raw: httpSuccess
        hidden: false
        httpMethod: head
        isAbsoluteUrl: false
        name:
          fixed: false
          raw: head204
        requestContentType: application/json; charset=utf-8
        responseContentTypes:
          - application/json
        responses:
          NoContent:
            isNullable: true
          NotFound:
            isNullable: true
        returnType:
          isNullable: true
        serializedName: httpSuccess_head204
        url: /http/success/204
      - defaultResponse:
          isNullable: true
        deprecated: false
        description: Return 404 status code if successful
        group:
          fixed: false
          raw: httpSuccess
        hidden: false
        httpMethod: head
        isAbsoluteUrl: false
        name:
          fixed: false
          raw: head404
        requestContentType: application/json; charset=utf-8
        responseContentTypes:
          - application/json
        responses:
          NoContent:
            isNullable: true
          NotFound:
            isNullable: true
        returnType:
          isNullable: true
        serializedName: httpSuccess_head404
        url: /http/success/404
    name:
      fixed: false
      raw: HttpSuccess
    nameForProperty: HttpSuccess
    typeName:
      fixed: false
