---
apiVersion: 1.0.0
baseUrl: 'https://localhost'
documentation: Test Infrastructure for AutoRest
errorTypes:
  - $ref: '1'
modelTypes:
  - $id: '1'
    $type: CompositeType
    containsConstantProperties: false
    name:
      fixed: false
      raw: Error
    properties:
      - $id: '2'
        collectionFormat: none
        defaultValue:
          fixed: false
        documentation:
          fixed: false
        isConstant: false
        isReadOnly: false
        isRequired: false
        modelType:
          $id: '3'
          $type: PrimaryType
          format: int32
          knownPrimaryType: int
          name:
            fixed: false
            raw: Int
        name:
          fixed: false
          raw: status
        realPath:
          - status
        serializedName: status
      - $id: '4'
        collectionFormat: none
        defaultValue:
          fixed: false
        documentation:
          fixed: false
        isConstant: false
        isReadOnly: false
        isRequired: false
        modelType:
          $id: '5'
          $type: PrimaryType
          knownPrimaryType: string
          name:
            fixed: false
            raw: String
        name:
          fixed: false
          raw: message
        realPath:
          - message
        serializedName: message
    serializedName: Error
modelsName: Models
name: AutoRestDateTimeTestService
namespace: ''
operations:
  - methods:
      - defaultResponse:
          body:
            $ref: '1'
          isNullable: true
        deprecated: false
        description: Get null datetime value
        group:
          fixed: false
          raw: datetime
        hidden: false
        httpMethod: get
        isAbsoluteUrl: false
        name:
          fixed: false
          raw: getNull
        requestContentType: application/json; charset=utf-8
        responseContentTypes:
          - application/json
        responses:
          OK:
            body:
              $id: '6'
              $type: PrimaryType
              format: date-time
              knownPrimaryType: dateTime
              name:
                fixed: false
                raw: DateTime
            isNullable: true
        returnType:
          body:
            $ref: '6'
          isNullable: true
        serializedName: datetime_getNull
        url: /datetime/null
      - defaultResponse:
          body:
            $ref: '1'
          isNullable: true
        deprecated: false
        description: Get invalid datetime value
        group:
          fixed: false
          raw: datetime
        hidden: false
        httpMethod: get
        isAbsoluteUrl: false
        name:
          fixed: false
          raw: getInvalid
        requestContentType: application/json; charset=utf-8
        responseContentTypes:
          - application/json
        responses:
          OK:
            body:
              $id: '7'
              $type: PrimaryType
              format: date-time
              knownPrimaryType: dateTime
              name:
                fixed: false
                raw: DateTime
            isNullable: true
        returnType:
          body:
            $ref: '7'
          isNullable: true
        serializedName: datetime_getInvalid
        url: /datetime/invalid
      - defaultResponse:
          body:
            $ref: '1'
          isNullable: true
        deprecated: false
        description: Get overflow datetime value
        group:
          fixed: false
          raw: datetime
        hidden: false
        httpMethod: get
        isAbsoluteUrl: false
        name:
          fixed: false
          raw: getOverflow
        requestContentType: application/json; charset=utf-8
        responseContentTypes:
          - application/json
        responses:
          OK:
            body:
              $id: '8'
              $type: PrimaryType
              format: date-time
              knownPrimaryType: dateTime
              name:
                fixed: false
                raw: DateTime
            isNullable: true
        returnType:
          body:
            $ref: '8'
          isNullable: true
        serializedName: datetime_getOverflow
        url: /datetime/overflow
      - defaultResponse:
          body:
            $ref: '1'
          isNullable: true
        deprecated: false
        description: Get underflow datetime value
        group:
          fixed: false
          raw: datetime
        hidden: false
        httpMethod: get
        isAbsoluteUrl: false
        name:
          fixed: false
          raw: getUnderflow
        requestContentType: application/json; charset=utf-8
        responseContentTypes:
          - application/json
        responses:
          OK:
            body:
              $id: '9'
              $type: PrimaryType
              format: date-time
              knownPrimaryType: dateTime
              name:
                fixed: false
                raw: DateTime
            isNullable: true
        returnType:
          body:
            $ref: '9'
          isNullable: true
        serializedName: datetime_getUnderflow
        url: /datetime/underflow
      - defaultResponse:
          body:
            $ref: '1'
          isNullable: true
        deprecated: false
        description: 'Put max datetime value 9999-12-31T23:59:59.9999999Z'
        extensions:
          x-ms-requestBody-index: '0'
        group:
          fixed: false
          raw: datetime
        hidden: false
        httpMethod: put
        isAbsoluteUrl: false
        name:
          fixed: false
          raw: putUtcMaxDateTime
        parameters:
          - $id: '10'
            collectionFormat: none
            defaultValue:
              fixed: false
            documentation:
              fixed: false
            extensions:
              x-ms-requestBody-name: datetimeBody
            isConstant: false
            isRequired: true
            location: body
            modelType:
              $id: '11'
              $type: PrimaryType
              format: date-time
              knownPrimaryType: dateTime
              name:
                fixed: false
                raw: DateTime
            name:
              fixed: false
              raw: datetimeBody
            serializedName: datetimeBody
        requestContentType: application/json; charset=utf-8
        responseContentTypes:
          - application/json
        responses:
          OK:
            isNullable: true
        returnType:
          isNullable: true
        serializedName: datetime_putUtcMaxDateTime
        url: /datetime/max/utc
      - defaultResponse:
          body:
            $ref: '1'
          isNullable: true
        deprecated: false
        description: 'Get max datetime value 9999-12-31t23:59:59.9999999z'
        group:
          fixed: false
          raw: datetime
        hidden: false
        httpMethod: get
        isAbsoluteUrl: false
        name:
          fixed: false
          raw: getUtcLowercaseMaxDateTime
        requestContentType: application/json; charset=utf-8
        responseContentTypes:
          - application/json
        responses:
          OK:
            body:
              $id: '12'
              $type: PrimaryType
              format: date-time
              knownPrimaryType: dateTime
              name:
                fixed: false
                raw: DateTime
            isNullable: true
        returnType:
          body:
            $ref: '12'
          isNullable: true
        serializedName: datetime_getUtcLowercaseMaxDateTime
        url: /datetime/max/utc/lowercase
      - defaultResponse:
          body:
            $ref: '1'
          isNullable: true
        deprecated: false
        description: 'Get max datetime value 9999-12-31T23:59:59.9999999Z'
        group:
          fixed: false
          raw: datetime
        hidden: false
        httpMethod: get
        isAbsoluteUrl: false
        name:
          fixed: false
          raw: getUtcUppercaseMaxDateTime
        requestContentType: application/json; charset=utf-8
        responseContentTypes:
          - application/json
        responses:
          OK:
            body:
              $id: '13'
              $type: PrimaryType
              format: date-time
              knownPrimaryType: dateTime
              name:
                fixed: false
                raw: DateTime
            isNullable: true
        returnType:
          body:
            $ref: '13'
          isNullable: true
        serializedName: datetime_getUtcUppercaseMaxDateTime
        url: /datetime/max/utc/uppercase
      - defaultResponse:
          body:
            $ref: '1'
          isNullable: true
        deprecated: false
        description: >-
          Put max datetime value with positive numoffset
          9999-12-31t23:59:59.9999999+14:00
        extensions:
          x-ms-requestBody-index: '0'
        group:
          fixed: false
          raw: datetime
        hidden: false
        httpMethod: put
        isAbsoluteUrl: false
        name:
          fixed: false
          raw: putLocalPositiveOffsetMaxDateTime
        parameters:
          - $id: '14'
            collectionFormat: none
            defaultValue:
              fixed: false
            documentation:
              fixed: false
            extensions:
              x-ms-requestBody-name: datetimeBody
            isConstant: false
            isRequired: true
            location: body
            modelType:
              $id: '15'
              $type: PrimaryType
              format: date-time
              knownPrimaryType: dateTime
              name:
                fixed: false
                raw: DateTime
            name:
              fixed: false
              raw: datetimeBody
            serializedName: datetimeBody
        requestContentType: application/json; charset=utf-8
        responseContentTypes:
          - application/json
        responses:
          OK:
            isNullable: true
        returnType:
          isNullable: true
        serializedName: datetime_putLocalPositiveOffsetMaxDateTime
        url: /datetime/max/localpositiveoffset
      - defaultResponse:
          body:
            $ref: '1'
          isNullable: true
        deprecated: false
        description: >-
          Get max datetime value with positive num offset
          9999-12-31t23:59:59.9999999+14:00
        group:
          fixed: false
          raw: datetime
        hidden: false
        httpMethod: get
        isAbsoluteUrl: false
        name:
          fixed: false
          raw: getLocalPositiveOffsetLowercaseMaxDateTime
        requestContentType: application/json; charset=utf-8
        responseContentTypes:
          - application/json
        responses:
          OK:
            body:
              $id: '16'
              $type: PrimaryType
              format: date-time
              knownPrimaryType: dateTime
              name:
                fixed: false
                raw: DateTime
            isNullable: true
        returnType:
          body:
            $ref: '16'
          isNullable: true
        serializedName: datetime_getLocalPositiveOffsetLowercaseMaxDateTime
        url: /datetime/max/localpositiveoffset/lowercase
      - defaultResponse:
          body:
            $ref: '1'
          isNullable: true
        deprecated: false
        description: >-
          Get max datetime value with positive num offset
          9999-12-31T23:59:59.9999999+14:00
        group:
          fixed: false
          raw: datetime
        hidden: false
        httpMethod: get
        isAbsoluteUrl: false
        name:
          fixed: false
          raw: getLocalPositiveOffsetUppercaseMaxDateTime
        requestContentType: application/json; charset=utf-8
        responseContentTypes:
          - application/json
        responses:
          OK:
            body:
              $id: '17'
              $type: PrimaryType
              format: date-time
              knownPrimaryType: dateTime
              name:
                fixed: false
                raw: DateTime
            isNullable: true
        returnType:
          body:
            $ref: '17'
          isNullable: true
        serializedName: datetime_getLocalPositiveOffsetUppercaseMaxDateTime
        url: /datetime/max/localpositiveoffset/uppercase
      - defaultResponse:
          body:
            $ref: '1'
          isNullable: true
        deprecated: false
        description: >-
          Put max datetime value with positive numoffset
          9999-12-31t23:59:59.9999999-14:00
        extensions:
          x-ms-requestBody-index: '0'
        group:
          fixed: false
          raw: datetime
        hidden: false
        httpMethod: put
        isAbsoluteUrl: false
        name:
          fixed: false
          raw: putLocalNegativeOffsetMaxDateTime
        parameters:
          - $id: '18'
            collectionFormat: none
            defaultValue:
              fixed: false
            documentation:
              fixed: false
            extensions:
              x-ms-requestBody-name: datetimeBody
            isConstant: false
            isRequired: true
            location: body
            modelType:
              $id: '19'
              $type: PrimaryType
              format: date-time
              knownPrimaryType: dateTime
              name:
                fixed: false
                raw: DateTime
            name:
              fixed: false
              raw: datetimeBody
            serializedName: datetimeBody
        requestContentType: application/json; charset=utf-8
        responseContentTypes:
          - application/json
        responses:
          OK:
            isNullable: true
        returnType:
          isNullable: true
        serializedName: datetime_putLocalNegativeOffsetMaxDateTime
        url: /datetime/max/localnegativeoffset
      - defaultResponse:
          body:
            $ref: '1'
          isNullable: true
        deprecated: false
        description: >-
          Get max datetime value with positive num offset
          9999-12-31T23:59:59.9999999-14:00
        group:
          fixed: false
          raw: datetime
        hidden: false
        httpMethod: get
        isAbsoluteUrl: false
        name:
          fixed: false
          raw: getLocalNegativeOffsetUppercaseMaxDateTime
        requestContentType: application/json; charset=utf-8
        responseContentTypes:
          - application/json
        responses:
          OK:
            body:
              $id: '20'
              $type: PrimaryType
              format: date-time
              knownPrimaryType: dateTime
              name:
                fixed: false
                raw: DateTime
            isNullable: true
        returnType:
          body:
            $ref: '20'
          isNullable: true
        serializedName: datetime_getLocalNegativeOffsetUppercaseMaxDateTime
        url: /datetime/max/localnegativeoffset/uppercase
      - defaultResponse:
          body:
            $ref: '1'
          isNullable: true
        deprecated: false
        description: >-
          Get max datetime value with positive num offset
          9999-12-31t23:59:59.9999999-14:00
        group:
          fixed: false
          raw: datetime
        hidden: false
        httpMethod: get
        isAbsoluteUrl: false
        name:
          fixed: false
          raw: getLocalNegativeOffsetLowercaseMaxDateTime
        requestContentType: application/json; charset=utf-8
        responseContentTypes:
          - application/json
        responses:
          OK:
            body:
              $id: '21'
              $type: PrimaryType
              format: date-time
              knownPrimaryType: dateTime
              name:
                fixed: false
                raw: DateTime
            isNullable: true
        returnType:
          body:
            $ref: '21'
          isNullable: true
        serializedName: datetime_getLocalNegativeOffsetLowercaseMaxDateTime
        url: /datetime/max/localnegativeoffset/lowercase
      - defaultResponse:
          body:
            $ref: '1'
          isNullable: true
        deprecated: false
        description: 'Put min datetime value 0001-01-01T00:00:00Z'
        extensions:
          x-ms-requestBody-index: '0'
        group:
          fixed: false
          raw: datetime
        hidden: false
        httpMethod: put
        isAbsoluteUrl: false
        name:
          fixed: false
          raw: putUtcMinDateTime
        parameters:
          - $id: '22'
            collectionFormat: none
            defaultValue:
              fixed: false
            documentation:
              fixed: false
            extensions:
              x-ms-requestBody-name: datetimeBody
            isConstant: false
            isRequired: true
            location: body
            modelType:
              $id: '23'
              $type: PrimaryType
              format: date-time
              knownPrimaryType: dateTime
              name:
                fixed: false
                raw: DateTime
            name:
              fixed: false
              raw: datetimeBody
            serializedName: datetimeBody
        requestContentType: application/json; charset=utf-8
        responseContentTypes:
          - application/json
        responses:
          OK:
            isNullable: true
        returnType:
          isNullable: true
        serializedName: datetime_putUtcMinDateTime
        url: /datetime/min/utc
      - defaultResponse:
          body:
            $ref: '1'
          isNullable: true
        deprecated: false
        description: 'Get min datetime value 0001-01-01T00:00:00Z'
        group:
          fixed: false
          raw: datetime
        hidden: false
        httpMethod: get
        isAbsoluteUrl: false
        name:
          fixed: false
          raw: getUtcMinDateTime
        requestContentType: application/json; charset=utf-8
        responseContentTypes:
          - application/json
        responses:
          OK:
            body:
              $id: '24'
              $type: PrimaryType
              format: date-time
              knownPrimaryType: dateTime
              name:
                fixed: false
                raw: DateTime
            isNullable: true
        returnType:
          body:
            $ref: '24'
          isNullable: true
        serializedName: datetime_getUtcMinDateTime
        url: /datetime/min/utc
      - defaultResponse:
          body:
            $ref: '1'
          isNullable: true
        deprecated: false
        description: 'Put min datetime value 0001-01-01T00:00:00+14:00'
        extensions:
          x-ms-requestBody-index: '0'
        group:
          fixed: false
          raw: datetime
        hidden: false
        httpMethod: put
        isAbsoluteUrl: false
        name:
          fixed: false
          raw: putLocalPositiveOffsetMinDateTime
        parameters:
          - $id: '25'
            collectionFormat: none
            defaultValue:
              fixed: false
            documentation:
              fixed: false
            extensions:
              x-ms-requestBody-name: datetimeBody
            isConstant: false
            isRequired: true
            location: body
            modelType:
              $id: '26'
              $type: PrimaryType
              format: date-time
              knownPrimaryType: dateTime
              name:
                fixed: false
                raw: DateTime
            name:
              fixed: false
              raw: datetimeBody
            serializedName: datetimeBody
        requestContentType: application/json; charset=utf-8
        responseContentTypes:
          - application/json
        responses:
          OK:
            isNullable: true
        returnType:
          isNullable: true
        serializedName: datetime_putLocalPositiveOffsetMinDateTime
        url: /datetime/min/localpositiveoffset
      - defaultResponse:
          body:
            $ref: '1'
          isNullable: true
        deprecated: false
        description: 'Get min datetime value 0001-01-01T00:00:00+14:00'
        group:
          fixed: false
          raw: datetime
        hidden: false
        httpMethod: get
        isAbsoluteUrl: false
        name:
          fixed: false
          raw: getLocalPositiveOffsetMinDateTime
        requestContentType: application/json; charset=utf-8
        responseContentTypes:
          - application/json
        responses:
          OK:
            body:
              $id: '27'
              $type: PrimaryType
              format: date-time
              knownPrimaryType: dateTime
              name:
                fixed: false
                raw: DateTime
            isNullable: true
        returnType:
          body:
            $ref: '27'
          isNullable: true
        serializedName: datetime_getLocalPositiveOffsetMinDateTime
        url: /datetime/min/localpositiveoffset
      - defaultResponse:
          body:
            $ref: '1'
          isNullable: true
        deprecated: false
        description: 'Put min datetime value 0001-01-01T00:00:00-14:00'
        extensions:
          x-ms-requestBody-index: '0'
        group:
          fixed: false
          raw: datetime
        hidden: false
        httpMethod: put
        isAbsoluteUrl: false
        name:
          fixed: false
          raw: putLocalNegativeOffsetMinDateTime
        parameters:
          - $id: '28'
            collectionFormat: none
            defaultValue:
              fixed: false
            documentation:
              fixed: false
            extensions:
              x-ms-requestBody-name: datetimeBody
            isConstant: false
            isRequired: true
            location: body
            modelType:
              $id: '29'
              $type: PrimaryType
              format: date-time
              knownPrimaryType: dateTime
              name:
                fixed: false
                raw: DateTime
            name:
              fixed: false
              raw: datetimeBody
            serializedName: datetimeBody
        requestContentType: application/json; charset=utf-8
        responseContentTypes:
          - application/json
        responses:
          OK:
            isNullable: true
        returnType:
          isNullable: true
        serializedName: datetime_putLocalNegativeOffsetMinDateTime
        url: /datetime/min/localnegativeoffset
      - defaultResponse:
          body:
            $ref: '1'
          isNullable: true
        deprecated: false
        description: 'Get min datetime value 0001-01-01T00:00:00-14:00'
        group:
          fixed: false
          raw: datetime
        hidden: false
        httpMethod: get
        isAbsoluteUrl: false
        name:
          fixed: false
          raw: getLocalNegativeOffsetMinDateTime
        requestContentType: application/json; charset=utf-8
        responseContentTypes:
          - application/json
        responses:
          OK:
            body:
              $id: '30'
              $type: PrimaryType
              format: date-time
              knownPrimaryType: dateTime
              name:
                fixed: false
                raw: DateTime
            isNullable: true
        returnType:
          body:
            $ref: '30'
          isNullable: true
        serializedName: datetime_getLocalNegativeOffsetMinDateTime
        url: /datetime/min/localnegativeoffset
    name:
      fixed: false
      raw: Datetime
    nameForProperty: Datetime
    typeName:
      fixed: false
